<?xml version="1.0"?>
<link_info>
   <banner>TMS320C2000 Linker PC v15.12.1.LTS</banner>
   <copyright>Copyright (c) 1996-2015 Texas Instruments Incorporated</copyright>
   <link_time>0x5b0003bf</link_time>
   <link_errors>0x0</link_errors>
   <output_file>DATA_AQ0.out</output_file>
   <entry_point>
      <name>_c_int00</name>
      <address>0x9330</address>
   </entry_point>
   <input_file_list>
      <input_file id="fl-2">
         <path>.\hardware\</path>
         <kind>object</kind>
         <file>TFT.obj</file>
         <name>TFT.obj</name>
      </input_file>
      <input_file id="fl-3">
         <path>.\hardware\</path>
         <kind>object</kind>
         <file>touch.obj</file>
         <name>touch.obj</name>
      </input_file>
      <input_file id="fl-4">
         <path>.\hardware\</path>
         <kind>object</kind>
         <file>tupian.obj</file>
         <name>tupian.obj</name>
      </input_file>
      <input_file id="fl-5">
         <path>.\source\</path>
         <kind>object</kind>
         <file>DSP2833x_ADC_cal.obj</file>
         <name>DSP2833x_ADC_cal.obj</name>
      </input_file>
      <input_file id="fl-6">
         <path>.\source\</path>
         <kind>object</kind>
         <file>DSP2833x_Adc.obj</file>
         <name>DSP2833x_Adc.obj</name>
      </input_file>
      <input_file id="fl-7">
         <path>.\source\</path>
         <kind>object</kind>
         <file>DSP2833x_CSMPasswords.obj</file>
         <name>DSP2833x_CSMPasswords.obj</name>
      </input_file>
      <input_file id="fl-8">
         <path>.\source\</path>
         <kind>object</kind>
         <file>DSP2833x_CodeStartBranch.obj</file>
         <name>DSP2833x_CodeStartBranch.obj</name>
      </input_file>
      <input_file id="fl-9">
         <path>.\source\</path>
         <kind>object</kind>
         <file>DSP2833x_CpuTimers.obj</file>
         <name>DSP2833x_CpuTimers.obj</name>
      </input_file>
      <input_file id="fl-a">
         <path>.\source\</path>
         <kind>object</kind>
         <file>DSP2833x_DefaultIsr.obj</file>
         <name>DSP2833x_DefaultIsr.obj</name>
      </input_file>
      <input_file id="fl-b">
         <path>.\source\</path>
         <kind>object</kind>
         <file>DSP2833x_ECap.obj</file>
         <name>DSP2833x_ECap.obj</name>
      </input_file>
      <input_file id="fl-c">
         <path>.\source\</path>
         <kind>object</kind>
         <file>DSP2833x_EPwm.obj</file>
         <name>DSP2833x_EPwm.obj</name>
      </input_file>
      <input_file id="fl-d">
         <path>.\source\</path>
         <kind>object</kind>
         <file>DSP2833x_EQep.obj</file>
         <name>DSP2833x_EQep.obj</name>
      </input_file>
      <input_file id="fl-e">
         <path>.\source\</path>
         <kind>object</kind>
         <file>DSP2833x_GlobalVariableDefs.obj</file>
         <name>DSP2833x_GlobalVariableDefs.obj</name>
      </input_file>
      <input_file id="fl-f">
         <path>.\source\</path>
         <kind>object</kind>
         <file>DSP2833x_Gpio.obj</file>
         <name>DSP2833x_Gpio.obj</name>
      </input_file>
      <input_file id="fl-10">
         <path>.\source\</path>
         <kind>object</kind>
         <file>DSP2833x_MemCopy.obj</file>
         <name>DSP2833x_MemCopy.obj</name>
      </input_file>
      <input_file id="fl-11">
         <path>.\source\</path>
         <kind>object</kind>
         <file>DSP2833x_PieCtrl.obj</file>
         <name>DSP2833x_PieCtrl.obj</name>
      </input_file>
      <input_file id="fl-12">
         <path>.\source\</path>
         <kind>object</kind>
         <file>DSP2833x_PieVect.obj</file>
         <name>DSP2833x_PieVect.obj</name>
      </input_file>
      <input_file id="fl-13">
         <path>.\source\</path>
         <kind>object</kind>
         <file>DSP2833x_SysCtrl.obj</file>
         <name>DSP2833x_SysCtrl.obj</name>
      </input_file>
      <input_file id="fl-14">
         <path>.\source\</path>
         <kind>object</kind>
         <file>DSP2833x_Xintf.obj</file>
         <name>DSP2833x_Xintf.obj</name>
      </input_file>
      <input_file id="fl-15">
         <path>.\source\</path>
         <kind>object</kind>
         <file>DSP2833x_usDelay.obj</file>
         <name>DSP2833x_usDelay.obj</name>
      </input_file>
      <input_file id="fl-16">
         <path>.\source\</path>
         <kind>object</kind>
         <file>Example_2833xECap_Capture_Pwm.obj</file>
         <name>Example_2833xECap_Capture_Pwm.obj</name>
      </input_file>
      <input_file id="fl-17">
         <path>.\source\</path>
         <kind>object</kind>
         <file>Sampletable_right_move.obj</file>
         <name>Sampletable_right_move.obj</name>
      </input_file>
      <input_file id="fl-25">
         <path>..\lib\</path>
         <kind>archive</kind>
         <file>rts2800_fpu32.lib</file>
         <name>boot.obj</name>
      </input_file>
      <input_file id="fl-26">
         <path>..\lib\</path>
         <kind>archive</kind>
         <file>rts2800_fpu32.lib</file>
         <name>cos.obj</name>
      </input_file>
      <input_file id="fl-27">
         <path>..\lib\</path>
         <kind>archive</kind>
         <file>rts2800_fpu32.lib</file>
         <name>exit.obj</name>
      </input_file>
      <input_file id="fl-28">
         <path>..\lib\</path>
         <kind>archive</kind>
         <file>rts2800_fpu32.lib</file>
         <name>fs_div.obj</name>
      </input_file>
      <input_file id="fl-29">
         <path>..\lib\</path>
         <kind>archive</kind>
         <file>rts2800_fpu32.lib</file>
         <name>sin.obj</name>
      </input_file>
      <input_file id="fl-2a">
         <path>..\lib\</path>
         <kind>archive</kind>
         <file>rts2800_fpu32.lib</file>
         <name>sqrt.obj</name>
      </input_file>
      <input_file id="fl-2b">
         <path>..\lib\</path>
         <kind>archive</kind>
         <file>rts2800_fpu32.lib</file>
         <name>_lock.obj</name>
      </input_file>
      <input_file id="fl-2c">
         <path>..\lib\</path>
         <kind>archive</kind>
         <file>rts2800_fpu32.lib</file>
         <name>args_main.obj</name>
      </input_file>
      <input_file id="fl-2d">
         <path>..\lib\</path>
         <kind>archive</kind>
         <file>rts2800_fpu32.lib</file>
         <name>errno.obj</name>
      </input_file>
   </input_file_list>
   <object_component_list>
      <object_component id="oc-c0">
         <name>PieVectTableFile</name>
         <uninitialized>true</uninitialized>
         <run_address>0xd00</run_address>
         <size>0x100</size>
         <input_file_ref idref="fl-e"/>
      </object_component>
      <object_component id="oc-bc">
         <name>DevEmuRegsFile</name>
         <uninitialized>true</uninitialized>
         <run_address>0x880</run_address>
         <size>0xd0</size>
         <input_file_ref idref="fl-e"/>
      </object_component>
      <object_component id="oc-92">
         <name>FlashRegsFile</name>
         <uninitialized>true</uninitialized>
         <run_address>0xa80</run_address>
         <size>0x8</size>
         <input_file_ref idref="fl-e"/>
      </object_component>
      <object_component id="oc-9a">
         <name>CsmRegsFile</name>
         <uninitialized>true</uninitialized>
         <run_address>0xae0</run_address>
         <size>0x10</size>
         <input_file_ref idref="fl-e"/>
      </object_component>
      <object_component id="oc-9b">
         <name>AdcMirrorFile</name>
         <uninitialized>true</uninitialized>
         <run_address>0xb00</run_address>
         <size>0x10</size>
         <input_file_ref idref="fl-e"/>
      </object_component>
      <object_component id="oc-9f">
         <name>XintfRegsFile</name>
         <uninitialized>true</uninitialized>
         <run_address>0xb20</run_address>
         <size>0x1e</size>
         <input_file_ref idref="fl-e"/>
      </object_component>
      <object_component id="oc-93">
         <name>CpuTimer0RegsFile</name>
         <uninitialized>true</uninitialized>
         <run_address>0xc00</run_address>
         <size>0x8</size>
         <input_file_ref idref="fl-e"/>
      </object_component>
      <object_component id="oc-94">
         <name>CpuTimer1RegsFile</name>
         <uninitialized>true</uninitialized>
         <run_address>0xc08</run_address>
         <size>0x8</size>
         <input_file_ref idref="fl-e"/>
      </object_component>
      <object_component id="oc-90">
         <name>CpuTimer2RegsFile</name>
         <uninitialized>true</uninitialized>
         <run_address>0xc10</run_address>
         <size>0x8</size>
         <input_file_ref idref="fl-e"/>
      </object_component>
      <object_component id="oc-9d">
         <name>PieCtrlRegsFile</name>
         <uninitialized>true</uninitialized>
         <run_address>0xce0</run_address>
         <size>0x1a</size>
         <input_file_ref idref="fl-e"/>
      </object_component>
      <object_component id="oc-bd">
         <name>DmaRegsFile</name>
         <uninitialized>true</uninitialized>
         <run_address>0x1000</run_address>
         <size>0xe0</size>
         <input_file_ref idref="fl-e"/>
      </object_component>
      <object_component id="oc-b0">
         <name>McbspaRegsFile</name>
         <uninitialized>true</uninitialized>
         <run_address>0x5000</run_address>
         <size>0x25</size>
         <input_file_ref idref="fl-e"/>
      </object_component>
      <object_component id="oc-af">
         <name>McbspbRegsFile</name>
         <uninitialized>true</uninitialized>
         <run_address>0x5040</run_address>
         <size>0x25</size>
         <input_file_ref idref="fl-e"/>
      </object_component>
      <object_component id="oc-b2">
         <name>ECanaRegsFile</name>
         <uninitialized>true</uninitialized>
         <run_address>0x6000</run_address>
         <size>0x34</size>
         <input_file_ref idref="fl-e"/>
      </object_component>
      <object_component id="oc-b6">
         <name>ECanaLAMRegsFile</name>
         <uninitialized>true</uninitialized>
         <run_address>0x6040</run_address>
         <size>0x40</size>
         <input_file_ref idref="fl-e"/>
      </object_component>
      <object_component id="oc-bf">
         <name>ECanaMboxesFile</name>
         <uninitialized>true</uninitialized>
         <run_address>0x6100</run_address>
         <size>0x100</size>
         <input_file_ref idref="fl-e"/>
      </object_component>
      <object_component id="oc-b7">
         <name>ECanaMOTSRegsFile</name>
         <uninitialized>true</uninitialized>
         <run_address>0x6080</run_address>
         <size>0x40</size>
         <input_file_ref idref="fl-e"/>
      </object_component>
      <object_component id="oc-b4">
         <name>ECanaMOTORegsFile</name>
         <uninitialized>true</uninitialized>
         <run_address>0x60c0</run_address>
         <size>0x40</size>
         <input_file_ref idref="fl-e"/>
      </object_component>
      <object_component id="oc-b3">
         <name>ECanbRegsFile</name>
         <uninitialized>true</uninitialized>
         <run_address>0x6200</run_address>
         <size>0x34</size>
         <input_file_ref idref="fl-e"/>
      </object_component>
      <object_component id="oc-bb">
         <name>ECanbLAMRegsFile</name>
         <uninitialized>true</uninitialized>
         <run_address>0x6240</run_address>
         <size>0x40</size>
         <input_file_ref idref="fl-e"/>
      </object_component>
      <object_component id="oc-be">
         <name>ECanbMboxesFile</name>
         <uninitialized>true</uninitialized>
         <run_address>0x6300</run_address>
         <size>0x100</size>
         <input_file_ref idref="fl-e"/>
      </object_component>
      <object_component id="oc-b5">
         <name>ECanbMOTSRegsFile</name>
         <uninitialized>true</uninitialized>
         <run_address>0x6280</run_address>
         <size>0x40</size>
         <input_file_ref idref="fl-e"/>
      </object_component>
      <object_component id="oc-b8">
         <name>ECanbMOTORegsFile</name>
         <uninitialized>true</uninitialized>
         <run_address>0x62c0</run_address>
         <size>0x40</size>
         <input_file_ref idref="fl-e"/>
      </object_component>
      <object_component id="oc-ad">
         <name>EPwm1RegsFile</name>
         <uninitialized>true</uninitialized>
         <run_address>0x6800</run_address>
         <size>0x22</size>
         <input_file_ref idref="fl-e"/>
      </object_component>
      <object_component id="oc-a8">
         <name>EPwm2RegsFile</name>
         <uninitialized>true</uninitialized>
         <run_address>0x6840</run_address>
         <size>0x22</size>
         <input_file_ref idref="fl-e"/>
      </object_component>
      <object_component id="oc-a9">
         <name>EPwm3RegsFile</name>
         <uninitialized>true</uninitialized>
         <run_address>0x6880</run_address>
         <size>0x22</size>
         <input_file_ref idref="fl-e"/>
      </object_component>
      <object_component id="oc-ae">
         <name>EPwm4RegsFile</name>
         <uninitialized>true</uninitialized>
         <run_address>0x68c0</run_address>
         <size>0x22</size>
         <input_file_ref idref="fl-e"/>
      </object_component>
      <object_component id="oc-ab">
         <name>EPwm5RegsFile</name>
         <uninitialized>true</uninitialized>
         <run_address>0x6900</run_address>
         <size>0x22</size>
         <input_file_ref idref="fl-e"/>
      </object_component>
      <object_component id="oc-ac">
         <name>EPwm6RegsFile</name>
         <uninitialized>true</uninitialized>
         <run_address>0x6940</run_address>
         <size>0x22</size>
         <input_file_ref idref="fl-e"/>
      </object_component>
      <object_component id="oc-a2">
         <name>ECap1RegsFile</name>
         <uninitialized>true</uninitialized>
         <run_address>0x6a00</run_address>
         <size>0x20</size>
         <input_file_ref idref="fl-e"/>
      </object_component>
      <object_component id="oc-a3">
         <name>ECap2RegsFile</name>
         <uninitialized>true</uninitialized>
         <run_address>0x6a20</run_address>
         <size>0x20</size>
         <input_file_ref idref="fl-e"/>
      </object_component>
      <object_component id="oc-a0">
         <name>ECap3RegsFile</name>
         <uninitialized>true</uninitialized>
         <run_address>0x6a40</run_address>
         <size>0x20</size>
         <input_file_ref idref="fl-e"/>
      </object_component>
      <object_component id="oc-a1">
         <name>ECap4RegsFile</name>
         <uninitialized>true</uninitialized>
         <run_address>0x6a60</run_address>
         <size>0x20</size>
         <input_file_ref idref="fl-e"/>
      </object_component>
      <object_component id="oc-a6">
         <name>ECap5RegsFile</name>
         <uninitialized>true</uninitialized>
         <run_address>0x6a80</run_address>
         <size>0x20</size>
         <input_file_ref idref="fl-e"/>
      </object_component>
      <object_component id="oc-a7">
         <name>ECap6RegsFile</name>
         <uninitialized>true</uninitialized>
         <run_address>0x6aa0</run_address>
         <size>0x20</size>
         <input_file_ref idref="fl-e"/>
      </object_component>
      <object_component id="oc-b9">
         <name>EQep1RegsFile</name>
         <uninitialized>true</uninitialized>
         <run_address>0x6b00</run_address>
         <size>0x40</size>
         <input_file_ref idref="fl-e"/>
      </object_component>
      <object_component id="oc-ba">
         <name>EQep2RegsFile</name>
         <uninitialized>true</uninitialized>
         <run_address>0x6b40</run_address>
         <size>0x40</size>
         <input_file_ref idref="fl-e"/>
      </object_component>
      <object_component id="oc-b1">
         <name>GpioCtrlRegsFile</name>
         <uninitialized>true</uninitialized>
         <run_address>0x6f80</run_address>
         <size>0x2e</size>
         <input_file_ref idref="fl-e"/>
      </object_component>
      <object_component id="oc-a4">
         <name>GpioDataRegsFile</name>
         <uninitialized>true</uninitialized>
         <run_address>0x6fc0</run_address>
         <size>0x20</size>
         <input_file_ref idref="fl-e"/>
      </object_component>
      <object_component id="oc-95">
         <name>GpioIntRegsFile</name>
         <uninitialized>true</uninitialized>
         <run_address>0x6fe0</run_address>
         <size>0xa</size>
         <input_file_ref idref="fl-e"/>
      </object_component>
      <object_component id="oc-a5">
         <name>SysCtrlRegsFile</name>
         <uninitialized>true</uninitialized>
         <run_address>0x7010</run_address>
         <size>0x20</size>
         <input_file_ref idref="fl-e"/>
      </object_component>
      <object_component id="oc-96">
         <name>SpiaRegsFile</name>
         <uninitialized>true</uninitialized>
         <run_address>0x7040</run_address>
         <size>0x10</size>
         <input_file_ref idref="fl-e"/>
      </object_component>
      <object_component id="oc-99">
         <name>SciaRegsFile</name>
         <uninitialized>true</uninitialized>
         <run_address>0x7050</run_address>
         <size>0x10</size>
         <input_file_ref idref="fl-e"/>
      </object_component>
      <object_component id="oc-9c">
         <name>XIntruptRegsFile</name>
         <uninitialized>true</uninitialized>
         <run_address>0x7070</run_address>
         <size>0x10</size>
         <input_file_ref idref="fl-e"/>
      </object_component>
      <object_component id="oc-9e">
         <name>AdcRegsFile</name>
         <uninitialized>true</uninitialized>
         <run_address>0x7100</run_address>
         <size>0x1e</size>
         <input_file_ref idref="fl-e"/>
      </object_component>
      <object_component id="oc-97">
         <name>ScibRegsFile</name>
         <uninitialized>true</uninitialized>
         <run_address>0x7750</run_address>
         <size>0x10</size>
         <input_file_ref idref="fl-e"/>
      </object_component>
      <object_component id="oc-98">
         <name>ScicRegsFile</name>
         <uninitialized>true</uninitialized>
         <run_address>0x7770</run_address>
         <size>0x10</size>
         <input_file_ref idref="fl-e"/>
      </object_component>
      <object_component id="oc-aa">
         <name>I2caRegsFile</name>
         <uninitialized>true</uninitialized>
         <run_address>0x7900</run_address>
         <size>0x22</size>
         <input_file_ref idref="fl-e"/>
      </object_component>
      <object_component id="oc-91">
         <name>CsmPwlFile</name>
         <uninitialized>true</uninitialized>
         <run_address>0x33fff8</run_address>
         <size>0x8</size>
         <input_file_ref idref="fl-e"/>
      </object_component>
      <object_component id="oc-8f">
         <name>PartIdRegsFile</name>
         <uninitialized>true</uninitialized>
         <run_address>0x380090</run_address>
         <size>0x1</size>
         <input_file_ref idref="fl-e"/>
      </object_component>
      <object_component id="oc-6e">
         <name>codestart</name>
         <load_address>0x0</load_address>
         <run_address>0x0</run_address>
         <size>0x2</size>
         <input_file_ref idref="fl-8"/>
      </object_component>
      <object_component id="oc-e0">
         <name>ramfuncs</name>
         <load_address>0x320000</load_address>
         <run_address>0x8280</run_address>
         <size>0x4</size>
         <input_file_ref idref="fl-15"/>
      </object_component>
      <object_component id="oc-11e">
         <name>.text</name>
         <load_address>0x8800</load_address>
         <run_address>0x8800</run_address>
         <size>0x344</size>
         <input_file_ref idref="fl-16"/>
      </object_component>
      <object_component id="oc-7a">
         <name>.text:retain</name>
         <load_address>0x8b44</load_address>
         <run_address>0x8b44</run_address>
         <size>0x316</size>
         <input_file_ref idref="fl-a"/>
      </object_component>
      <object_component id="oc-120">
         <name>.text</name>
         <load_address>0x8e5a</load_address>
         <run_address>0x8e5a</run_address>
         <size>0xf8</size>
         <input_file_ref idref="fl-13"/>
      </object_component>
      <object_component id="oc-122">
         <name>.text</name>
         <load_address>0x8f52</load_address>
         <run_address>0x8f52</run_address>
         <size>0xf6</size>
         <input_file_ref idref="fl-14"/>
      </object_component>
      <object_component id="oc-e8">
         <name>.text:retain</name>
         <load_address>0x9048</load_address>
         <run_address>0x9048</run_address>
         <size>0xd4</size>
         <input_file_ref idref="fl-16"/>
      </object_component>
      <object_component id="oc-101">
         <name>.text</name>
         <load_address>0x911c</load_address>
         <run_address>0x911c</run_address>
         <size>0x88</size>
         <input_file_ref idref="fl-28"/>
      </object_component>
      <object_component id="oc-125">
         <name>.text</name>
         <load_address>0x91a4</load_address>
         <run_address>0x91a4</run_address>
         <size>0x77</size>
         <input_file_ref idref="fl-9"/>
      </object_component>
      <object_component id="oc-128">
         <name>.text</name>
         <load_address>0x921b</load_address>
         <run_address>0x921b</run_address>
         <size>0x61</size>
         <input_file_ref idref="fl-26"/>
      </object_component>
      <object_component id="oc-121">
         <name>.text</name>
         <load_address>0x927c</load_address>
         <run_address>0x927c</run_address>
         <size>0x5c</size>
         <input_file_ref idref="fl-b"/>
      </object_component>
      <object_component id="oc-127">
         <name>.text</name>
         <load_address>0x92d8</load_address>
         <run_address>0x92d8</run_address>
         <size>0x58</size>
         <input_file_ref idref="fl-29"/>
      </object_component>
      <object_component id="oc-4b">
         <name>.text</name>
         <load_address>0x9330</load_address>
         <run_address>0x9330</run_address>
         <size>0x46</size>
         <input_file_ref idref="fl-25"/>
      </object_component>
      <object_component id="oc-123">
         <name>.text</name>
         <load_address>0x9376</load_address>
         <run_address>0x9376</run_address>
         <size>0x28</size>
         <input_file_ref idref="fl-11"/>
      </object_component>
      <object_component id="oc-126">
         <name>.text</name>
         <load_address>0x939e</load_address>
         <run_address>0x939e</run_address>
         <size>0x23</size>
         <input_file_ref idref="fl-2a"/>
      </object_component>
      <object_component id="oc-124">
         <name>.text</name>
         <load_address>0x93c1</load_address>
         <run_address>0x93c1</run_address>
         <size>0x20</size>
         <input_file_ref idref="fl-12"/>
      </object_component>
      <object_component id="oc-11b">
         <name>.text</name>
         <load_address>0x93e1</load_address>
         <run_address>0x93e1</run_address>
         <size>0x19</size>
         <input_file_ref idref="fl-2c"/>
      </object_component>
      <object_component id="oc-11c">
         <name>.text</name>
         <load_address>0x93fa</load_address>
         <run_address>0x93fa</run_address>
         <size>0x19</size>
         <input_file_ref idref="fl-27"/>
      </object_component>
      <object_component id="oc-11f">
         <name>.text</name>
         <load_address>0x9413</load_address>
         <run_address>0x9413</run_address>
         <size>0x13</size>
         <input_file_ref idref="fl-10"/>
      </object_component>
      <object_component id="oc-11d">
         <name>.text</name>
         <load_address>0x9426</load_address>
         <run_address>0x9426</run_address>
         <size>0x9</size>
         <input_file_ref idref="fl-2b"/>
      </object_component>
      <object_component id="oc-6d">
         <name>.text</name>
         <load_address>0x942f</load_address>
         <run_address>0x942f</run_address>
         <size>0x8</size>
         <input_file_ref idref="fl-8"/>
      </object_component>
      <object_component id="oc-4e">
         <name>.cinit</name>
         <load_address>0x8000</load_address>
         <run_address>0x8000</run_address>
         <size>0x20b</size>
         <input_file_ref idref="fl-2"/>
      </object_component>
      <object_component id="oc-e6">
         <name>.cinit</name>
         <load_address>0x820b</load_address>
         <run_address>0x820b</run_address>
         <size>0x43</size>
         <input_file_ref idref="fl-16"/>
      </object_component>
      <object_component id="oc-55">
         <name>.cinit</name>
         <load_address>0x824e</load_address>
         <run_address>0x824e</run_address>
         <size>0x18</size>
         <input_file_ref idref="fl-3"/>
      </object_component>
      <object_component id="oc-10e">
         <name>.cinit</name>
         <load_address>0x8266</load_address>
         <run_address>0x8266</run_address>
         <size>0xa</size>
         <input_file_ref idref="fl-2b"/>
      </object_component>
      <object_component id="oc-fc">
         <name>.cinit</name>
         <load_address>0x8270</load_address>
         <run_address>0x8270</run_address>
         <size>0xa</size>
         <input_file_ref idref="fl-27"/>
      </object_component>
      <object_component id="oc-118">
         <name>.cinit</name>
         <load_address>0x827a</load_address>
         <run_address>0x827a</run_address>
         <size>0x4</size>
         <input_file_ref idref="fl-2d"/>
      </object_component>
      <object_component id="oc-f2">
         <name>.stack</name>
         <uninitialized>true</uninitialized>
         <run_address>0x400</run_address>
         <size>0x0</size>
         <input_file_ref idref="fl-25"/>
      </object_component>
      <object_component id="oc-17f">
         <name>.stack</name>
         <uninitialized>true</uninitialized>
         <run_address>0x400</run_address>
         <size>0x0</size>
      </object_component>
      <object_component id="oc-4f">
         <name>.ebss</name>
         <uninitialized>true</uninitialized>
         <run_address>0xd1c0</run_address>
         <size>0x240</size>
         <input_file_ref idref="fl-2"/>
      </object_component>
      <object_component id="oc-56">
         <name>.ebss</name>
         <uninitialized>true</uninitialized>
         <run_address>0xd418</run_address>
         <size>0x16</size>
         <input_file_ref idref="fl-3"/>
      </object_component>
      <object_component id="oc-74">
         <name>.ebss</name>
         <uninitialized>true</uninitialized>
         <run_address>0xd400</run_address>
         <size>0x18</size>
         <input_file_ref idref="fl-9"/>
      </object_component>
      <object_component id="oc-e7">
         <name>.ebss</name>
         <uninitialized>true</uninitialized>
         <run_address>0xc000</run_address>
         <size>0x11c0</size>
         <input_file_ref idref="fl-16"/>
      </object_component>
      <object_component id="oc-fd">
         <name>.ebss</name>
         <uninitialized>true</uninitialized>
         <run_address>0xd432</run_address>
         <size>0x4</size>
         <input_file_ref idref="fl-27"/>
      </object_component>
      <object_component id="oc-10f">
         <name>.ebss</name>
         <uninitialized>true</uninitialized>
         <run_address>0xd42e</run_address>
         <size>0x4</size>
         <input_file_ref idref="fl-2b"/>
      </object_component>
      <object_component id="oc-119">
         <name>.ebss</name>
         <uninitialized>true</uninitialized>
         <run_address>0xd436</run_address>
         <size>0x1</size>
         <input_file_ref idref="fl-2d"/>
      </object_component>
      <object_component id="oc-129">
         <name>.econst:_PieVectTableInit</name>
         <load_address>0x330000</load_address>
         <run_address>0x330000</run_address>
         <size>0x100</size>
         <input_file_ref idref="fl-12"/>
      </object_component>
      <object_component id="oc-57">
         <name>.econst:.string</name>
         <load_address>0x330100</load_address>
         <run_address>0x330100</run_address>
         <size>0x36</size>
         <input_file_ref idref="fl-3"/>
      </object_component>
      <object_component id="oc-f3">
         <name>.reset</name>
         <load_address>0x3fffc0</load_address>
         <run_address>0x3fffc0</run_address>
         <size>0x2</size>
         <input_file_ref idref="fl-25"/>
      </object_component>
      <object_component id="oc-6c">
         <name>csm_rsvd</name>
         <load_address>0x33ff80</load_address>
         <run_address>0x33ff80</run_address>
         <size>0x76</size>
         <input_file_ref idref="fl-7"/>
      </object_component>
      <object_component id="oc-6b">
         <name>csmpasswds</name>
         <load_address>0x33fff8</load_address>
         <run_address>0x33fff8</run_address>
         <size>0x8</size>
         <input_file_ref idref="fl-7"/>
      </object_component>
      <object_component id="oc-61">
         <name>.adc_cal</name>
         <load_address>0x380080</load_address>
         <run_address>0x380080</run_address>
         <size>0x7</size>
         <input_file_ref idref="fl-5"/>
      </object_component>
      <object_component id="oc-4d">
         <name>.debug_info</name>
         <load_address>0x0</load_address>
         <run_address>0x0</run_address>
         <size>0x24dd</size>
         <input_file_ref idref="fl-2"/>
      </object_component>
      <object_component id="oc-54">
         <name>.debug_info</name>
         <load_address>0x24dd</load_address>
         <run_address>0x24dd</run_address>
         <size>0x2115</size>
         <input_file_ref idref="fl-3"/>
      </object_component>
      <object_component id="oc-5c">
         <name>.debug_info</name>
         <load_address>0x45f2</load_address>
         <run_address>0x45f2</run_address>
         <size>0x3a7</size>
         <input_file_ref idref="fl-4"/>
      </object_component>
      <object_component id="oc-62">
         <name>.debug_info</name>
         <load_address>0x4999</load_address>
         <run_address>0x4999</run_address>
         <size>0xe0</size>
         <input_file_ref idref="fl-5"/>
      </object_component>
      <object_component id="oc-66">
         <name>.debug_info</name>
         <load_address>0x4a79</load_address>
         <run_address>0x4a79</run_address>
         <size>0x1e8c</size>
         <input_file_ref idref="fl-6"/>
      </object_component>
      <object_component id="oc-6f">
         <name>.debug_info</name>
         <load_address>0x6905</load_address>
         <run_address>0x6905</run_address>
         <size>0x11e</size>
         <input_file_ref idref="fl-8"/>
      </object_component>
      <object_component id="oc-73">
         <name>.debug_info</name>
         <load_address>0x6a23</load_address>
         <run_address>0x6a23</run_address>
         <size>0x997</size>
         <input_file_ref idref="fl-9"/>
      </object_component>
      <object_component id="oc-79">
         <name>.debug_info</name>
         <load_address>0x73ba</load_address>
         <run_address>0x73ba</run_address>
         <size>0x244b</size>
         <input_file_ref idref="fl-a"/>
      </object_component>
      <object_component id="oc-7f">
         <name>.debug_info</name>
         <load_address>0x9805</load_address>
         <run_address>0x9805</run_address>
         <size>0x1f5c</size>
         <input_file_ref idref="fl-b"/>
      </object_component>
      <object_component id="oc-84">
         <name>.debug_info</name>
         <load_address>0xb761</load_address>
         <run_address>0xb761</run_address>
         <size>0x1b92</size>
         <input_file_ref idref="fl-c"/>
      </object_component>
      <object_component id="oc-89">
         <name>.debug_info</name>
         <load_address>0xd2f3</load_address>
         <run_address>0xd2f3</run_address>
         <size>0x1b92</size>
         <input_file_ref idref="fl-d"/>
      </object_component>
      <object_component id="oc-8e">
         <name>.debug_info</name>
         <load_address>0xee85</load_address>
         <run_address>0xee85</run_address>
         <size>0x13409</size>
         <input_file_ref idref="fl-e"/>
      </object_component>
      <object_component id="oc-c2">
         <name>.debug_info</name>
         <load_address>0x2228e</load_address>
         <run_address>0x2228e</run_address>
         <size>0x1b92</size>
         <input_file_ref idref="fl-f"/>
      </object_component>
      <object_component id="oc-c7">
         <name>.debug_info</name>
         <load_address>0x23e20</load_address>
         <run_address>0x23e20</run_address>
         <size>0x463</size>
         <input_file_ref idref="fl-10"/>
      </object_component>
      <object_component id="oc-cc">
         <name>.debug_info</name>
         <load_address>0x24283</load_address>
         <run_address>0x24283</run_address>
         <size>0xb52</size>
         <input_file_ref idref="fl-11"/>
      </object_component>
      <object_component id="oc-d1">
         <name>.debug_info</name>
         <load_address>0x24dd5</load_address>
         <run_address>0x24dd5</run_address>
         <size>0x22d0</size>
         <input_file_ref idref="fl-12"/>
      </object_component>
      <object_component id="oc-d6">
         <name>.debug_info</name>
         <load_address>0x270a5</load_address>
         <run_address>0x270a5</run_address>
         <size>0x20a3</size>
         <input_file_ref idref="fl-13"/>
      </object_component>
      <object_component id="oc-db">
         <name>.debug_info</name>
         <load_address>0x29148</load_address>
         <run_address>0x29148</run_address>
         <size>0x22be</size>
         <input_file_ref idref="fl-14"/>
      </object_component>
      <object_component id="oc-e1">
         <name>.debug_info</name>
         <load_address>0x2b406</load_address>
         <run_address>0x2b406</run_address>
         <size>0xe0</size>
         <input_file_ref idref="fl-15"/>
      </object_component>
      <object_component id="oc-e5">
         <name>.debug_info</name>
         <load_address>0x2b4e6</load_address>
         <run_address>0x2b4e6</run_address>
         <size>0x65b1</size>
         <input_file_ref idref="fl-16"/>
      </object_component>
      <object_component id="oc-ed">
         <name>.debug_info</name>
         <load_address>0x31a97</load_address>
         <run_address>0x31a97</run_address>
         <size>0x356</size>
         <input_file_ref idref="fl-17"/>
      </object_component>
      <object_component id="oc-f4">
         <name>.debug_info</name>
         <load_address>0x31ded</load_address>
         <run_address>0x31ded</run_address>
         <size>0xde</size>
         <input_file_ref idref="fl-25"/>
      </object_component>
      <object_component id="oc-f7">
         <name>.debug_info</name>
         <load_address>0x31ecb</load_address>
         <run_address>0x31ecb</run_address>
         <size>0x3c6</size>
         <input_file_ref idref="fl-26"/>
      </object_component>
      <object_component id="oc-fb">
         <name>.debug_info</name>
         <load_address>0x32291</load_address>
         <run_address>0x32291</run_address>
         <size>0x488</size>
         <input_file_ref idref="fl-27"/>
      </object_component>
      <object_component id="oc-102">
         <name>.debug_info</name>
         <load_address>0x32719</load_address>
         <run_address>0x32719</run_address>
         <size>0xc0</size>
         <input_file_ref idref="fl-28"/>
      </object_component>
      <object_component id="oc-105">
         <name>.debug_info</name>
         <load_address>0x327d9</load_address>
         <run_address>0x327d9</run_address>
         <size>0x3d8</size>
         <input_file_ref idref="fl-29"/>
      </object_component>
      <object_component id="oc-109">
         <name>.debug_info</name>
         <load_address>0x32bb1</load_address>
         <run_address>0x32bb1</run_address>
         <size>0x3e0</size>
         <input_file_ref idref="fl-2a"/>
      </object_component>
      <object_component id="oc-10d">
         <name>.debug_info</name>
         <load_address>0x32f91</load_address>
         <run_address>0x32f91</run_address>
         <size>0x4ae</size>
         <input_file_ref idref="fl-2b"/>
      </object_component>
      <object_component id="oc-113">
         <name>.debug_info</name>
         <load_address>0x3343f</load_address>
         <run_address>0x3343f</run_address>
         <size>0x46f</size>
         <input_file_ref idref="fl-2c"/>
      </object_component>
      <object_component id="oc-117">
         <name>.debug_info</name>
         <load_address>0x338ae</load_address>
         <run_address>0x338ae</run_address>
         <size>0x355</size>
         <input_file_ref idref="fl-2d"/>
      </object_component>
      <object_component id="oc-180">
         <name>.debug_info</name>
         <load_address>0x33c03</load_address>
         <run_address>0x33c03</run_address>
         <size>0x8b</size>
      </object_component>
      <object_component id="oc-50">
         <name>.debug_frame</name>
         <load_address>0x0</load_address>
         <run_address>0x0</run_address>
         <size>0x8c</size>
         <input_file_ref idref="fl-2"/>
      </object_component>
      <object_component id="oc-58">
         <name>.debug_frame</name>
         <load_address>0x8c</load_address>
         <run_address>0x8c</run_address>
         <size>0x8c</size>
         <input_file_ref idref="fl-3"/>
      </object_component>
      <object_component id="oc-5d">
         <name>.debug_frame</name>
         <load_address>0x118</load_address>
         <run_address>0x118</run_address>
         <size>0x8c</size>
         <input_file_ref idref="fl-4"/>
      </object_component>
      <object_component id="oc-67">
         <name>.debug_frame</name>
         <load_address>0x1a4</load_address>
         <run_address>0x1a4</run_address>
         <size>0x8c</size>
         <input_file_ref idref="fl-6"/>
      </object_component>
      <object_component id="oc-75">
         <name>.debug_frame</name>
         <load_address>0x230</load_address>
         <run_address>0x230</run_address>
         <size>0xbc</size>
         <input_file_ref idref="fl-9"/>
      </object_component>
      <object_component id="oc-7b">
         <name>.debug_frame</name>
         <load_address>0x2ec</load_address>
         <run_address>0x2ec</run_address>
         <size>0xbf7</size>
         <input_file_ref idref="fl-a"/>
      </object_component>
      <object_component id="oc-80">
         <name>.debug_frame</name>
         <load_address>0xee3</load_address>
         <run_address>0xee3</run_address>
         <size>0x134</size>
         <input_file_ref idref="fl-b"/>
      </object_component>
      <object_component id="oc-85">
         <name>.debug_frame</name>
         <load_address>0x1017</load_address>
         <run_address>0x1017</run_address>
         <size>0x8c</size>
         <input_file_ref idref="fl-c"/>
      </object_component>
      <object_component id="oc-8a">
         <name>.debug_frame</name>
         <load_address>0x10a3</load_address>
         <run_address>0x10a3</run_address>
         <size>0x8c</size>
         <input_file_ref idref="fl-d"/>
      </object_component>
      <object_component id="oc-c3">
         <name>.debug_frame</name>
         <load_address>0x112f</load_address>
         <run_address>0x112f</run_address>
         <size>0x8c</size>
         <input_file_ref idref="fl-f"/>
      </object_component>
      <object_component id="oc-c8">
         <name>.debug_frame</name>
         <load_address>0x11bb</load_address>
         <run_address>0x11bb</run_address>
         <size>0xa7</size>
         <input_file_ref idref="fl-10"/>
      </object_component>
      <object_component id="oc-cd">
         <name>.debug_frame</name>
         <load_address>0x1262</load_address>
         <run_address>0x1262</run_address>
         <size>0xb6</size>
         <input_file_ref idref="fl-11"/>
      </object_component>
      <object_component id="oc-d2">
         <name>.debug_frame</name>
         <load_address>0x1318</load_address>
         <run_address>0x1318</run_address>
         <size>0xa7</size>
         <input_file_ref idref="fl-12"/>
      </object_component>
      <object_component id="oc-d7">
         <name>.debug_frame</name>
         <load_address>0x13bf</load_address>
         <run_address>0x13bf</run_address>
         <size>0x118</size>
         <input_file_ref idref="fl-13"/>
      </object_component>
      <object_component id="oc-dc">
         <name>.debug_frame</name>
         <load_address>0x14d7</load_address>
         <run_address>0x14d7</run_address>
         <size>0xcb</size>
         <input_file_ref idref="fl-14"/>
      </object_component>
      <object_component id="oc-e9">
         <name>.debug_frame</name>
         <load_address>0x15a2</load_address>
         <run_address>0x15a2</run_address>
         <size>0x17f</size>
         <input_file_ref idref="fl-16"/>
      </object_component>
      <object_component id="oc-ee">
         <name>.debug_frame</name>
         <load_address>0x1721</load_address>
         <run_address>0x1721</run_address>
         <size>0x8c</size>
         <input_file_ref idref="fl-17"/>
      </object_component>
      <object_component id="oc-f8">
         <name>.debug_frame</name>
         <load_address>0x17ad</load_address>
         <run_address>0x17ad</run_address>
         <size>0xad</size>
         <input_file_ref idref="fl-26"/>
      </object_component>
      <object_component id="oc-fe">
         <name>.debug_frame</name>
         <load_address>0x185a</load_address>
         <run_address>0x185a</run_address>
         <size>0xc7</size>
         <input_file_ref idref="fl-27"/>
      </object_component>
      <object_component id="oc-106">
         <name>.debug_frame</name>
         <load_address>0x1921</load_address>
         <run_address>0x1921</run_address>
         <size>0xad</size>
         <input_file_ref idref="fl-29"/>
      </object_component>
      <object_component id="oc-10a">
         <name>.debug_frame</name>
         <load_address>0x19ce</load_address>
         <run_address>0x19ce</run_address>
         <size>0xac</size>
         <input_file_ref idref="fl-2a"/>
      </object_component>
      <object_component id="oc-110">
         <name>.debug_frame</name>
         <load_address>0x1a7a</load_address>
         <run_address>0x1a7a</run_address>
         <size>0xd6</size>
         <input_file_ref idref="fl-2b"/>
      </object_component>
      <object_component id="oc-114">
         <name>.debug_frame</name>
         <load_address>0x1b50</load_address>
         <run_address>0x1b50</run_address>
         <size>0xa6</size>
         <input_file_ref idref="fl-2c"/>
      </object_component>
      <object_component id="oc-51">
         <name>.debug_line</name>
         <load_address>0x0</load_address>
         <run_address>0x0</run_address>
         <size>0x32</size>
         <input_file_ref idref="fl-2"/>
      </object_component>
      <object_component id="oc-59">
         <name>.debug_line</name>
         <load_address>0x32</load_address>
         <run_address>0x32</run_address>
         <size>0x34</size>
         <input_file_ref idref="fl-3"/>
      </object_component>
      <object_component id="oc-5e">
         <name>.debug_line</name>
         <load_address>0x66</load_address>
         <run_address>0x66</run_address>
         <size>0x35</size>
         <input_file_ref idref="fl-4"/>
      </object_component>
      <object_component id="oc-63">
         <name>.debug_line</name>
         <load_address>0x9b</load_address>
         <run_address>0x9b</run_address>
         <size>0x50</size>
         <input_file_ref idref="fl-5"/>
      </object_component>
      <object_component id="oc-68">
         <name>.debug_line</name>
         <load_address>0xeb</load_address>
         <run_address>0xeb</run_address>
         <size>0x39</size>
         <input_file_ref idref="fl-6"/>
      </object_component>
      <object_component id="oc-70">
         <name>.debug_line</name>
         <load_address>0x124</load_address>
         <run_address>0x124</run_address>
         <size>0x68</size>
         <input_file_ref idref="fl-8"/>
      </object_component>
      <object_component id="oc-76">
         <name>.debug_line</name>
         <load_address>0x18c</load_address>
         <run_address>0x18c</run_address>
         <size>0x8b</size>
         <input_file_ref idref="fl-9"/>
      </object_component>
      <object_component id="oc-7c">
         <name>.debug_line</name>
         <load_address>0x217</load_address>
         <run_address>0x217</run_address>
         <size>0x755</size>
         <input_file_ref idref="fl-a"/>
      </object_component>
      <object_component id="oc-81">
         <name>.debug_line</name>
         <load_address>0x96c</load_address>
         <run_address>0x96c</run_address>
         <size>0x120</size>
         <input_file_ref idref="fl-b"/>
      </object_component>
      <object_component id="oc-86">
         <name>.debug_line</name>
         <load_address>0xa8c</load_address>
         <run_address>0xa8c</run_address>
         <size>0x3a</size>
         <input_file_ref idref="fl-c"/>
      </object_component>
      <object_component id="oc-8b">
         <name>.debug_line</name>
         <load_address>0xac6</load_address>
         <run_address>0xac6</run_address>
         <size>0x3a</size>
         <input_file_ref idref="fl-d"/>
      </object_component>
      <object_component id="oc-c4">
         <name>.debug_line</name>
         <load_address>0xb00</load_address>
         <run_address>0xb00</run_address>
         <size>0x3a</size>
         <input_file_ref idref="fl-f"/>
      </object_component>
      <object_component id="oc-c9">
         <name>.debug_line</name>
         <load_address>0xb3a</load_address>
         <run_address>0xb3a</run_address>
         <size>0x5e</size>
         <input_file_ref idref="fl-10"/>
      </object_component>
      <object_component id="oc-ce">
         <name>.debug_line</name>
         <load_address>0xb98</load_address>
         <run_address>0xb98</run_address>
         <size>0x8d</size>
         <input_file_ref idref="fl-11"/>
      </object_component>
      <object_component id="oc-d3">
         <name>.debug_line</name>
         <load_address>0xc25</load_address>
         <run_address>0xc25</run_address>
         <size>0x6f</size>
         <input_file_ref idref="fl-12"/>
      </object_component>
      <object_component id="oc-d8">
         <name>.debug_line</name>
         <load_address>0xc94</load_address>
         <run_address>0xc94</run_address>
         <size>0x14c</size>
         <input_file_ref idref="fl-13"/>
      </object_component>
      <object_component id="oc-dd">
         <name>.debug_line</name>
         <load_address>0xde0</load_address>
         <run_address>0xde0</run_address>
         <size>0xfc</size>
         <input_file_ref idref="fl-14"/>
      </object_component>
      <object_component id="oc-e2">
         <name>.debug_line</name>
         <load_address>0xedc</load_address>
         <run_address>0xedc</run_address>
         <size>0x4f</size>
         <input_file_ref idref="fl-15"/>
      </object_component>
      <object_component id="oc-ea">
         <name>.debug_line</name>
         <load_address>0xf2b</load_address>
         <run_address>0xf2b</run_address>
         <size>0x29b</size>
         <input_file_ref idref="fl-16"/>
      </object_component>
      <object_component id="oc-ef">
         <name>.debug_line</name>
         <load_address>0x11c6</load_address>
         <run_address>0x11c6</run_address>
         <size>0x43</size>
         <input_file_ref idref="fl-17"/>
      </object_component>
      <object_component id="oc-f5">
         <name>.debug_line</name>
         <load_address>0x1209</load_address>
         <run_address>0x1209</run_address>
         <size>0x71</size>
         <input_file_ref idref="fl-25"/>
      </object_component>
      <object_component id="oc-f9">
         <name>.debug_line</name>
         <load_address>0x127a</load_address>
         <run_address>0x127a</run_address>
         <size>0x49</size>
         <input_file_ref idref="fl-26"/>
      </object_component>
      <object_component id="oc-ff">
         <name>.debug_line</name>
         <load_address>0x12c3</load_address>
         <run_address>0x12c3</run_address>
         <size>0x62</size>
         <input_file_ref idref="fl-27"/>
      </object_component>
      <object_component id="oc-103">
         <name>.debug_line</name>
         <load_address>0x1325</load_address>
         <run_address>0x1325</run_address>
         <size>0xaa</size>
         <input_file_ref idref="fl-28"/>
      </object_component>
      <object_component id="oc-107">
         <name>.debug_line</name>
         <load_address>0x13cf</load_address>
         <run_address>0x13cf</run_address>
         <size>0x5c</size>
         <input_file_ref idref="fl-29"/>
      </object_component>
      <object_component id="oc-10b">
         <name>.debug_line</name>
         <load_address>0x142b</load_address>
         <run_address>0x142b</run_address>
         <size>0x4f</size>
         <input_file_ref idref="fl-2a"/>
      </object_component>
      <object_component id="oc-111">
         <name>.debug_line</name>
         <load_address>0x147a</load_address>
         <run_address>0x147a</run_address>
         <size>0x5b</size>
         <input_file_ref idref="fl-2b"/>
      </object_component>
      <object_component id="oc-115">
         <name>.debug_line</name>
         <load_address>0x14d5</load_address>
         <run_address>0x14d5</run_address>
         <size>0x50</size>
         <input_file_ref idref="fl-2c"/>
      </object_component>
      <object_component id="oc-52">
         <name>.debug_abbrev</name>
         <load_address>0x0</load_address>
         <run_address>0x0</run_address>
         <size>0x1cc</size>
         <input_file_ref idref="fl-2"/>
      </object_component>
      <object_component id="oc-5a">
         <name>.debug_abbrev</name>
         <load_address>0x1cc</load_address>
         <run_address>0x1cc</run_address>
         <size>0x201</size>
         <input_file_ref idref="fl-3"/>
      </object_component>
      <object_component id="oc-5f">
         <name>.debug_abbrev</name>
         <load_address>0x3cd</load_address>
         <run_address>0x3cd</run_address>
         <size>0x10c</size>
         <input_file_ref idref="fl-4"/>
      </object_component>
      <object_component id="oc-64">
         <name>.debug_abbrev</name>
         <load_address>0x4d9</load_address>
         <run_address>0x4d9</run_address>
         <size>0x2f</size>
         <input_file_ref idref="fl-5"/>
      </object_component>
      <object_component id="oc-69">
         <name>.debug_abbrev</name>
         <load_address>0x508</load_address>
         <run_address>0x508</run_address>
         <size>0x10f</size>
         <input_file_ref idref="fl-6"/>
      </object_component>
      <object_component id="oc-71">
         <name>.debug_abbrev</name>
         <load_address>0x617</load_address>
         <run_address>0x617</run_address>
         <size>0x21</size>
         <input_file_ref idref="fl-8"/>
      </object_component>
      <object_component id="oc-77">
         <name>.debug_abbrev</name>
         <load_address>0x638</load_address>
         <run_address>0x638</run_address>
         <size>0xfd</size>
         <input_file_ref idref="fl-9"/>
      </object_component>
      <object_component id="oc-7d">
         <name>.debug_abbrev</name>
         <load_address>0x735</load_address>
         <run_address>0x735</run_address>
         <size>0xa8</size>
         <input_file_ref idref="fl-a"/>
      </object_component>
      <object_component id="oc-82">
         <name>.debug_abbrev</name>
         <load_address>0x7dd</load_address>
         <run_address>0x7dd</run_address>
         <size>0xea</size>
         <input_file_ref idref="fl-b"/>
      </object_component>
      <object_component id="oc-87">
         <name>.debug_abbrev</name>
         <load_address>0x8c7</load_address>
         <run_address>0x8c7</run_address>
         <size>0x111</size>
         <input_file_ref idref="fl-c"/>
      </object_component>
      <object_component id="oc-8c">
         <name>.debug_abbrev</name>
         <load_address>0x9d8</load_address>
         <run_address>0x9d8</run_address>
         <size>0xea</size>
         <input_file_ref idref="fl-d"/>
      </object_component>
      <object_component id="oc-c1">
         <name>.debug_abbrev</name>
         <load_address>0xac2</load_address>
         <run_address>0xac2</run_address>
         <size>0xb7</size>
         <input_file_ref idref="fl-e"/>
      </object_component>
      <object_component id="oc-c5">
         <name>.debug_abbrev</name>
         <load_address>0xb79</load_address>
         <run_address>0xb79</run_address>
         <size>0xdc</size>
         <input_file_ref idref="fl-f"/>
      </object_component>
      <object_component id="oc-ca">
         <name>.debug_abbrev</name>
         <load_address>0xc55</load_address>
         <run_address>0xc55</run_address>
         <size>0x93</size>
         <input_file_ref idref="fl-10"/>
      </object_component>
      <object_component id="oc-cf">
         <name>.debug_abbrev</name>
         <load_address>0xce8</load_address>
         <run_address>0xce8</run_address>
         <size>0xc8</size>
         <input_file_ref idref="fl-11"/>
      </object_component>
      <object_component id="oc-d4">
         <name>.debug_abbrev</name>
         <load_address>0xdb0</load_address>
         <run_address>0xdb0</run_address>
         <size>0x116</size>
         <input_file_ref idref="fl-12"/>
      </object_component>
      <object_component id="oc-d9">
         <name>.debug_abbrev</name>
         <load_address>0xec6</load_address>
         <run_address>0xec6</run_address>
         <size>0x17b</size>
         <input_file_ref idref="fl-13"/>
      </object_component>
      <object_component id="oc-de">
         <name>.debug_abbrev</name>
         <load_address>0x1041</load_address>
         <run_address>0x1041</run_address>
         <size>0xea</size>
         <input_file_ref idref="fl-14"/>
      </object_component>
      <object_component id="oc-e3">
         <name>.debug_abbrev</name>
         <load_address>0x112b</load_address>
         <run_address>0x112b</run_address>
         <size>0x2f</size>
         <input_file_ref idref="fl-15"/>
      </object_component>
      <object_component id="oc-eb">
         <name>.debug_abbrev</name>
         <load_address>0x115a</load_address>
         <run_address>0x115a</run_address>
         <size>0x1cb</size>
         <input_file_ref idref="fl-16"/>
      </object_component>
      <object_component id="oc-f0">
         <name>.debug_abbrev</name>
         <load_address>0x1325</load_address>
         <run_address>0x1325</run_address>
         <size>0x8a</size>
         <input_file_ref idref="fl-17"/>
      </object_component>
      <object_component id="oc-f6">
         <name>.debug_abbrev</name>
         <load_address>0x13af</load_address>
         <run_address>0x13af</run_address>
         <size>0x43</size>
         <input_file_ref idref="fl-25"/>
      </object_component>
      <object_component id="oc-fa">
         <name>.debug_abbrev</name>
         <load_address>0x13f2</load_address>
         <run_address>0x13f2</run_address>
         <size>0x92</size>
         <input_file_ref idref="fl-26"/>
      </object_component>
      <object_component id="oc-100">
         <name>.debug_abbrev</name>
         <load_address>0x1484</load_address>
         <run_address>0x1484</run_address>
         <size>0x10c</size>
         <input_file_ref idref="fl-27"/>
      </object_component>
      <object_component id="oc-104">
         <name>.debug_abbrev</name>
         <load_address>0x1590</load_address>
         <run_address>0x1590</run_address>
         <size>0x35</size>
         <input_file_ref idref="fl-28"/>
      </object_component>
      <object_component id="oc-108">
         <name>.debug_abbrev</name>
         <load_address>0x15c5</load_address>
         <run_address>0x15c5</run_address>
         <size>0x92</size>
         <input_file_ref idref="fl-29"/>
      </object_component>
      <object_component id="oc-10c">
         <name>.debug_abbrev</name>
         <load_address>0x1657</load_address>
         <run_address>0x1657</run_address>
         <size>0xb2</size>
         <input_file_ref idref="fl-2a"/>
      </object_component>
      <object_component id="oc-112">
         <name>.debug_abbrev</name>
         <load_address>0x1709</load_address>
         <run_address>0x1709</run_address>
         <size>0xa9</size>
         <input_file_ref idref="fl-2b"/>
      </object_component>
      <object_component id="oc-116">
         <name>.debug_abbrev</name>
         <load_address>0x17b2</load_address>
         <run_address>0x17b2</run_address>
         <size>0xed</size>
         <input_file_ref idref="fl-2c"/>
      </object_component>
      <object_component id="oc-11a">
         <name>.debug_abbrev</name>
         <load_address>0x189f</load_address>
         <run_address>0x189f</run_address>
         <size>0x35</size>
         <input_file_ref idref="fl-2d"/>
      </object_component>
      <object_component id="oc-181">
         <name>.debug_abbrev</name>
         <load_address>0x18d4</load_address>
         <run_address>0x18d4</run_address>
         <size>0xf</size>
      </object_component>
      <object_component id="oc-53">
         <name>.debug_aranges</name>
         <load_address>0x0</load_address>
         <run_address>0x0</run_address>
         <size>0x18</size>
         <input_file_ref idref="fl-2"/>
      </object_component>
      <object_component id="oc-5b">
         <name>.debug_aranges</name>
         <load_address>0x18</load_address>
         <run_address>0x18</run_address>
         <size>0x18</size>
         <input_file_ref idref="fl-3"/>
      </object_component>
      <object_component id="oc-60">
         <name>.debug_aranges</name>
         <load_address>0x30</load_address>
         <run_address>0x30</run_address>
         <size>0x18</size>
         <input_file_ref idref="fl-4"/>
      </object_component>
      <object_component id="oc-65">
         <name>.debug_aranges</name>
         <load_address>0x48</load_address>
         <run_address>0x48</run_address>
         <size>0x20</size>
         <input_file_ref idref="fl-5"/>
      </object_component>
      <object_component id="oc-6a">
         <name>.debug_aranges</name>
         <load_address>0x68</load_address>
         <run_address>0x68</run_address>
         <size>0x18</size>
         <input_file_ref idref="fl-6"/>
      </object_component>
      <object_component id="oc-72">
         <name>.debug_aranges</name>
         <load_address>0x80</load_address>
         <run_address>0x80</run_address>
         <size>0x28</size>
         <input_file_ref idref="fl-8"/>
      </object_component>
      <object_component id="oc-78">
         <name>.debug_aranges</name>
         <load_address>0xa8</load_address>
         <run_address>0xa8</run_address>
         <size>0x28</size>
         <input_file_ref idref="fl-9"/>
      </object_component>
      <object_component id="oc-7e">
         <name>.debug_aranges</name>
         <load_address>0xd0</load_address>
         <run_address>0xd0</run_address>
         <size>0x290</size>
         <input_file_ref idref="fl-a"/>
      </object_component>
      <object_component id="oc-83">
         <name>.debug_aranges</name>
         <load_address>0x360</load_address>
         <run_address>0x360</run_address>
         <size>0x58</size>
         <input_file_ref idref="fl-b"/>
      </object_component>
      <object_component id="oc-88">
         <name>.debug_aranges</name>
         <load_address>0x3b8</load_address>
         <run_address>0x3b8</run_address>
         <size>0x18</size>
         <input_file_ref idref="fl-c"/>
      </object_component>
      <object_component id="oc-8d">
         <name>.debug_aranges</name>
         <load_address>0x3d0</load_address>
         <run_address>0x3d0</run_address>
         <size>0x18</size>
         <input_file_ref idref="fl-d"/>
      </object_component>
      <object_component id="oc-c6">
         <name>.debug_aranges</name>
         <load_address>0x3e8</load_address>
         <run_address>0x3e8</run_address>
         <size>0x18</size>
         <input_file_ref idref="fl-f"/>
      </object_component>
      <object_component id="oc-cb">
         <name>.debug_aranges</name>
         <load_address>0x400</load_address>
         <run_address>0x400</run_address>
         <size>0x20</size>
         <input_file_ref idref="fl-10"/>
      </object_component>
      <object_component id="oc-d0">
         <name>.debug_aranges</name>
         <load_address>0x420</load_address>
         <run_address>0x420</run_address>
         <size>0x28</size>
         <input_file_ref idref="fl-11"/>
      </object_component>
      <object_component id="oc-d5">
         <name>.debug_aranges</name>
         <load_address>0x448</load_address>
         <run_address>0x448</run_address>
         <size>0x20</size>
         <input_file_ref idref="fl-12"/>
      </object_component>
      <object_component id="oc-da">
         <name>.debug_aranges</name>
         <load_address>0x468</load_address>
         <run_address>0x468</run_address>
         <size>0x48</size>
         <input_file_ref idref="fl-13"/>
      </object_component>
      <object_component id="oc-df">
         <name>.debug_aranges</name>
         <load_address>0x4b0</load_address>
         <run_address>0x4b0</run_address>
         <size>0x30</size>
         <input_file_ref idref="fl-14"/>
      </object_component>
      <object_component id="oc-e4">
         <name>.debug_aranges</name>
         <load_address>0x4e0</load_address>
         <run_address>0x4e0</run_address>
         <size>0x20</size>
         <input_file_ref idref="fl-15"/>
      </object_component>
      <object_component id="oc-ec">
         <name>.debug_aranges</name>
         <load_address>0x500</load_address>
         <run_address>0x500</run_address>
         <size>0x48</size>
         <input_file_ref idref="fl-16"/>
      </object_component>
      <object_component id="oc-f1">
         <name>.debug_aranges</name>
         <load_address>0x548</load_address>
         <run_address>0x548</run_address>
         <size>0x18</size>
         <input_file_ref idref="fl-17"/>
      </object_component>
   </object_component_list>
   <logical_group_list>
      <logical_group id="lg-2" display="no" color="cyan">
         <name>PieVectTableFile</name>
         <run_address>0xd00</run_address>
         <size>0x100</size>
         <contents>
            <object_component_ref idref="oc-c0"/>
         </contents>
      </logical_group>
      <logical_group id="lg-3" display="no" color="cyan">
         <name>DevEmuRegsFile</name>
         <run_address>0x880</run_address>
         <size>0xd0</size>
         <contents>
            <object_component_ref idref="oc-bc"/>
         </contents>
      </logical_group>
      <logical_group id="lg-4" display="no" color="cyan">
         <name>FlashRegsFile</name>
         <run_address>0xa80</run_address>
         <size>0x8</size>
         <contents>
            <object_component_ref idref="oc-92"/>
         </contents>
      </logical_group>
      <logical_group id="lg-5" display="no" color="cyan">
         <name>CsmRegsFile</name>
         <run_address>0xae0</run_address>
         <size>0x10</size>
         <contents>
            <object_component_ref idref="oc-9a"/>
         </contents>
      </logical_group>
      <logical_group id="lg-6" display="no" color="cyan">
         <name>AdcMirrorFile</name>
         <run_address>0xb00</run_address>
         <size>0x10</size>
         <contents>
            <object_component_ref idref="oc-9b"/>
         </contents>
      </logical_group>
      <logical_group id="lg-7" display="no" color="cyan">
         <name>XintfRegsFile</name>
         <run_address>0xb20</run_address>
         <size>0x1e</size>
         <contents>
            <object_component_ref idref="oc-9f"/>
         </contents>
      </logical_group>
      <logical_group id="lg-8" display="no" color="cyan">
         <name>CpuTimer0RegsFile</name>
         <run_address>0xc00</run_address>
         <size>0x8</size>
         <contents>
            <object_component_ref idref="oc-93"/>
         </contents>
      </logical_group>
      <logical_group id="lg-9" display="no" color="cyan">
         <name>CpuTimer1RegsFile</name>
         <run_address>0xc08</run_address>
         <size>0x8</size>
         <contents>
            <object_component_ref idref="oc-94"/>
         </contents>
      </logical_group>
      <logical_group id="lg-a" display="no" color="cyan">
         <name>CpuTimer2RegsFile</name>
         <run_address>0xc10</run_address>
         <size>0x8</size>
         <contents>
            <object_component_ref idref="oc-90"/>
         </contents>
      </logical_group>
      <logical_group id="lg-b" display="no" color="cyan">
         <name>PieCtrlRegsFile</name>
         <run_address>0xce0</run_address>
         <size>0x1a</size>
         <contents>
            <object_component_ref idref="oc-9d"/>
         </contents>
      </logical_group>
      <logical_group id="lg-c" display="no" color="cyan">
         <name>DmaRegsFile</name>
         <run_address>0x1000</run_address>
         <size>0xe0</size>
         <contents>
            <object_component_ref idref="oc-bd"/>
         </contents>
      </logical_group>
      <logical_group id="lg-d" display="no" color="cyan">
         <name>McbspaRegsFile</name>
         <run_address>0x5000</run_address>
         <size>0x25</size>
         <contents>
            <object_component_ref idref="oc-b0"/>
         </contents>
      </logical_group>
      <logical_group id="lg-e" display="no" color="cyan">
         <name>McbspbRegsFile</name>
         <run_address>0x5040</run_address>
         <size>0x25</size>
         <contents>
            <object_component_ref idref="oc-af"/>
         </contents>
      </logical_group>
      <logical_group id="lg-f" display="no" color="cyan">
         <name>ECanaRegsFile</name>
         <run_address>0x6000</run_address>
         <size>0x34</size>
         <contents>
            <object_component_ref idref="oc-b2"/>
         </contents>
      </logical_group>
      <logical_group id="lg-10" display="no" color="cyan">
         <name>ECanaLAMRegsFile</name>
         <run_address>0x6040</run_address>
         <size>0x40</size>
         <contents>
            <object_component_ref idref="oc-b6"/>
         </contents>
      </logical_group>
      <logical_group id="lg-11" display="no" color="cyan">
         <name>ECanaMboxesFile</name>
         <run_address>0x6100</run_address>
         <size>0x100</size>
         <contents>
            <object_component_ref idref="oc-bf"/>
         </contents>
      </logical_group>
      <logical_group id="lg-12" display="no" color="cyan">
         <name>ECanaMOTSRegsFile</name>
         <run_address>0x6080</run_address>
         <size>0x40</size>
         <contents>
            <object_component_ref idref="oc-b7"/>
         </contents>
      </logical_group>
      <logical_group id="lg-13" display="no" color="cyan">
         <name>ECanaMOTORegsFile</name>
         <run_address>0x60c0</run_address>
         <size>0x40</size>
         <contents>
            <object_component_ref idref="oc-b4"/>
         </contents>
      </logical_group>
      <logical_group id="lg-14" display="no" color="cyan">
         <name>ECanbRegsFile</name>
         <run_address>0x6200</run_address>
         <size>0x34</size>
         <contents>
            <object_component_ref idref="oc-b3"/>
         </contents>
      </logical_group>
      <logical_group id="lg-15" display="no" color="cyan">
         <name>ECanbLAMRegsFile</name>
         <run_address>0x6240</run_address>
         <size>0x40</size>
         <contents>
            <object_component_ref idref="oc-bb"/>
         </contents>
      </logical_group>
      <logical_group id="lg-16" display="no" color="cyan">
         <name>ECanbMboxesFile</name>
         <run_address>0x6300</run_address>
         <size>0x100</size>
         <contents>
            <object_component_ref idref="oc-be"/>
         </contents>
      </logical_group>
      <logical_group id="lg-17" display="no" color="cyan">
         <name>ECanbMOTSRegsFile</name>
         <run_address>0x6280</run_address>
         <size>0x40</size>
         <contents>
            <object_component_ref idref="oc-b5"/>
         </contents>
      </logical_group>
      <logical_group id="lg-18" display="no" color="cyan">
         <name>ECanbMOTORegsFile</name>
         <run_address>0x62c0</run_address>
         <size>0x40</size>
         <contents>
            <object_component_ref idref="oc-b8"/>
         </contents>
      </logical_group>
      <logical_group id="lg-19" display="no" color="cyan">
         <name>EPwm1RegsFile</name>
         <run_address>0x6800</run_address>
         <size>0x22</size>
         <contents>
            <object_component_ref idref="oc-ad"/>
         </contents>
      </logical_group>
      <logical_group id="lg-1a" display="no" color="cyan">
         <name>EPwm2RegsFile</name>
         <run_address>0x6840</run_address>
         <size>0x22</size>
         <contents>
            <object_component_ref idref="oc-a8"/>
         </contents>
      </logical_group>
      <logical_group id="lg-1b" display="no" color="cyan">
         <name>EPwm3RegsFile</name>
         <run_address>0x6880</run_address>
         <size>0x22</size>
         <contents>
            <object_component_ref idref="oc-a9"/>
         </contents>
      </logical_group>
      <logical_group id="lg-1c" display="no" color="cyan">
         <name>EPwm4RegsFile</name>
         <run_address>0x68c0</run_address>
         <size>0x22</size>
         <contents>
            <object_component_ref idref="oc-ae"/>
         </contents>
      </logical_group>
      <logical_group id="lg-1d" display="no" color="cyan">
         <name>EPwm5RegsFile</name>
         <run_address>0x6900</run_address>
         <size>0x22</size>
         <contents>
            <object_component_ref idref="oc-ab"/>
         </contents>
      </logical_group>
      <logical_group id="lg-1e" display="no" color="cyan">
         <name>EPwm6RegsFile</name>
         <run_address>0x6940</run_address>
         <size>0x22</size>
         <contents>
            <object_component_ref idref="oc-ac"/>
         </contents>
      </logical_group>
      <logical_group id="lg-1f" display="no" color="cyan">
         <name>ECap1RegsFile</name>
         <run_address>0x6a00</run_address>
         <size>0x20</size>
         <contents>
            <object_component_ref idref="oc-a2"/>
         </contents>
      </logical_group>
      <logical_group id="lg-20" display="no" color="cyan">
         <name>ECap2RegsFile</name>
         <run_address>0x6a20</run_address>
         <size>0x20</size>
         <contents>
            <object_component_ref idref="oc-a3"/>
         </contents>
      </logical_group>
      <logical_group id="lg-21" display="no" color="cyan">
         <name>ECap3RegsFile</name>
         <run_address>0x6a40</run_address>
         <size>0x20</size>
         <contents>
            <object_component_ref idref="oc-a0"/>
         </contents>
      </logical_group>
      <logical_group id="lg-22" display="no" color="cyan">
         <name>ECap4RegsFile</name>
         <run_address>0x6a60</run_address>
         <size>0x20</size>
         <contents>
            <object_component_ref idref="oc-a1"/>
         </contents>
      </logical_group>
      <logical_group id="lg-23" display="no" color="cyan">
         <name>ECap5RegsFile</name>
         <run_address>0x6a80</run_address>
         <size>0x20</size>
         <contents>
            <object_component_ref idref="oc-a6"/>
         </contents>
      </logical_group>
      <logical_group id="lg-24" display="no" color="cyan">
         <name>ECap6RegsFile</name>
         <run_address>0x6aa0</run_address>
         <size>0x20</size>
         <contents>
            <object_component_ref idref="oc-a7"/>
         </contents>
      </logical_group>
      <logical_group id="lg-25" display="no" color="cyan">
         <name>EQep1RegsFile</name>
         <run_address>0x6b00</run_address>
         <size>0x40</size>
         <contents>
            <object_component_ref idref="oc-b9"/>
         </contents>
      </logical_group>
      <logical_group id="lg-26" display="no" color="cyan">
         <name>EQep2RegsFile</name>
         <run_address>0x6b40</run_address>
         <size>0x40</size>
         <contents>
            <object_component_ref idref="oc-ba"/>
         </contents>
      </logical_group>
      <logical_group id="lg-27" display="no" color="cyan">
         <name>GpioCtrlRegsFile</name>
         <run_address>0x6f80</run_address>
         <size>0x2e</size>
         <contents>
            <object_component_ref idref="oc-b1"/>
         </contents>
      </logical_group>
      <logical_group id="lg-28" display="no" color="cyan">
         <name>GpioDataRegsFile</name>
         <run_address>0x6fc0</run_address>
         <size>0x20</size>
         <contents>
            <object_component_ref idref="oc-a4"/>
         </contents>
      </logical_group>
      <logical_group id="lg-29" display="no" color="cyan">
         <name>GpioIntRegsFile</name>
         <run_address>0x6fe0</run_address>
         <size>0xa</size>
         <contents>
            <object_component_ref idref="oc-95"/>
         </contents>
      </logical_group>
      <logical_group id="lg-2a" display="no" color="cyan">
         <name>SysCtrlRegsFile</name>
         <run_address>0x7010</run_address>
         <size>0x20</size>
         <contents>
            <object_component_ref idref="oc-a5"/>
         </contents>
      </logical_group>
      <logical_group id="lg-2b" display="no" color="cyan">
         <name>SpiaRegsFile</name>
         <run_address>0x7040</run_address>
         <size>0x10</size>
         <contents>
            <object_component_ref idref="oc-96"/>
         </contents>
      </logical_group>
      <logical_group id="lg-2c" display="no" color="cyan">
         <name>SciaRegsFile</name>
         <run_address>0x7050</run_address>
         <size>0x10</size>
         <contents>
            <object_component_ref idref="oc-99"/>
         </contents>
      </logical_group>
      <logical_group id="lg-2d" display="no" color="cyan">
         <name>XIntruptRegsFile</name>
         <run_address>0x7070</run_address>
         <size>0x10</size>
         <contents>
            <object_component_ref idref="oc-9c"/>
         </contents>
      </logical_group>
      <logical_group id="lg-2e" display="no" color="cyan">
         <name>AdcRegsFile</name>
         <run_address>0x7100</run_address>
         <size>0x1e</size>
         <contents>
            <object_component_ref idref="oc-9e"/>
         </contents>
      </logical_group>
      <logical_group id="lg-2f" display="no" color="cyan">
         <name>ScibRegsFile</name>
         <run_address>0x7750</run_address>
         <size>0x10</size>
         <contents>
            <object_component_ref idref="oc-97"/>
         </contents>
      </logical_group>
      <logical_group id="lg-30" display="no" color="cyan">
         <name>ScicRegsFile</name>
         <run_address>0x7770</run_address>
         <size>0x10</size>
         <contents>
            <object_component_ref idref="oc-98"/>
         </contents>
      </logical_group>
      <logical_group id="lg-31" display="no" color="cyan">
         <name>I2caRegsFile</name>
         <run_address>0x7900</run_address>
         <size>0x22</size>
         <contents>
            <object_component_ref idref="oc-aa"/>
         </contents>
      </logical_group>
      <logical_group id="lg-32" display="no" color="cyan">
         <name>CsmPwlFile</name>
         <run_address>0x33fff8</run_address>
         <size>0x8</size>
         <contents>
            <object_component_ref idref="oc-91"/>
         </contents>
      </logical_group>
      <logical_group id="lg-33" display="no" color="cyan">
         <name>PartIdRegsFile</name>
         <run_address>0x380090</run_address>
         <size>0x1</size>
         <contents>
            <object_component_ref idref="oc-8f"/>
         </contents>
      </logical_group>
      <logical_group id="lg-34" display="no" color="cyan">
         <name>codestart</name>
         <load_address>0x0</load_address>
         <run_address>0x0</run_address>
         <size>0x2</size>
         <contents>
            <object_component_ref idref="oc-6e"/>
         </contents>
      </logical_group>
      <logical_group id="lg-35" display="no" color="cyan">
         <name>ramfuncs</name>
         <load_address>0x320000</load_address>
         <run_address>0x8280</run_address>
         <size>0x4</size>
         <contents>
            <object_component_ref idref="oc-e0"/>
         </contents>
      </logical_group>
      <logical_group id="lg-36" display="no" color="cyan">
         <name>.text</name>
         <load_address>0x8800</load_address>
         <run_address>0x8800</run_address>
         <size>0xc37</size>
         <contents>
            <object_component_ref idref="oc-11e"/>
            <object_component_ref idref="oc-7a"/>
            <object_component_ref idref="oc-120"/>
            <object_component_ref idref="oc-122"/>
            <object_component_ref idref="oc-e8"/>
            <object_component_ref idref="oc-101"/>
            <object_component_ref idref="oc-125"/>
            <object_component_ref idref="oc-128"/>
            <object_component_ref idref="oc-121"/>
            <object_component_ref idref="oc-127"/>
            <object_component_ref idref="oc-4b"/>
            <object_component_ref idref="oc-123"/>
            <object_component_ref idref="oc-126"/>
            <object_component_ref idref="oc-124"/>
            <object_component_ref idref="oc-11b"/>
            <object_component_ref idref="oc-11c"/>
            <object_component_ref idref="oc-11f"/>
            <object_component_ref idref="oc-11d"/>
            <object_component_ref idref="oc-6d"/>
         </contents>
      </logical_group>
      <logical_group id="lg-37" display="no" color="cyan">
         <name>.cinit</name>
         <load_address>0x8000</load_address>
         <run_address>0x8000</run_address>
         <size>0x280</size>
         <contents>
            <object_component_ref idref="oc-4e"/>
            <object_component_ref idref="oc-e6"/>
            <object_component_ref idref="oc-55"/>
            <object_component_ref idref="oc-10e"/>
            <object_component_ref idref="oc-fc"/>
            <object_component_ref idref="oc-118"/>
         </contents>
      </logical_group>
      <logical_group id="lg-38" display="no" color="cyan">
         <name>.pinit</name>
         <run_address>0x0</run_address>
         <size>0x0</size>
         <contents>
         </contents>
      </logical_group>
      <logical_group id="lg-39" display="no" color="cyan">
         <name>.switch</name>
         <run_address>0x0</run_address>
         <size>0x0</size>
         <contents>
         </contents>
      </logical_group>
      <logical_group id="lg-3a" display="no" color="cyan">
         <name>.stack</name>
         <run_address>0x400</run_address>
         <size>0x300</size>
[...]
         <value>0x6f80</value>
         <object_component_ref idref="oc-b1"/>
      </symbol>
      <symbol id="sm-269">
         <name>_PieVectTable</name>
         <value>0xd00</value>
         <object_component_ref idref="oc-c0"/>
      </symbol>
      <symbol id="sm-26a">
         <name>_ECap4Regs</name>
         <value>0x6a60</value>
         <object_component_ref idref="oc-a1"/>
      </symbol>
      <symbol id="sm-26b">
         <name>_CsmRegs</name>
         <value>0xae0</value>
         <object_component_ref idref="oc-9a"/>
      </symbol>
      <symbol id="sm-26c">
         <name>_ECanaLAMRegs</name>
         <value>0x6040</value>
         <object_component_ref idref="oc-b6"/>
      </symbol>
      <symbol id="sm-26d">
         <name>_ECanbMOTORegs</name>
         <value>0x62c0</value>
         <object_component_ref idref="oc-b8"/>
      </symbol>
      <symbol id="sm-26e">
         <name>_EPwm4Regs</name>
         <value>0x68c0</value>
         <object_component_ref idref="oc-ae"/>
      </symbol>
      <symbol id="sm-26f">
         <name>_ECap5Regs</name>
         <value>0x6a80</value>
         <object_component_ref idref="oc-a6"/>
      </symbol>
      <symbol id="sm-270">
         <name>_CpuTimer1Regs</name>
         <value>0xc08</value>
         <object_component_ref idref="oc-94"/>
      </symbol>
      <symbol id="sm-271">
         <name>_SysCtrlRegs</name>
         <value>0x7010</value>
         <object_component_ref idref="oc-a5"/>
      </symbol>
      <symbol id="sm-272">
         <name>_EPwm5Regs</name>
         <value>0x6900</value>
         <object_component_ref idref="oc-ab"/>
      </symbol>
      <symbol id="sm-273">
         <name>_SpiaRegs</name>
         <value>0x7040</value>
         <object_component_ref idref="oc-96"/>
      </symbol>
      <symbol id="sm-274">
         <name>_ECanaMOTSRegs</name>
         <value>0x6080</value>
         <object_component_ref idref="oc-b7"/>
      </symbol>
      <symbol id="sm-275">
         <name>_ECap6Regs</name>
         <value>0x6aa0</value>
         <object_component_ref idref="oc-a7"/>
      </symbol>
      <symbol id="sm-276">
         <name>_DmaRegs</name>
         <value>0x1000</value>
         <object_component_ref idref="oc-bd"/>
      </symbol>
      <symbol id="sm-277">
         <name>_FlashRegs</name>
         <value>0xa80</value>
         <object_component_ref idref="oc-92"/>
      </symbol>
      <symbol id="sm-278">
         <name>_CpuTimer0Regs</name>
         <value>0xc00</value>
         <object_component_ref idref="oc-93"/>
      </symbol>
      <symbol id="sm-279">
         <name>_DevEmuRegs</name>
         <value>0x880</value>
         <object_component_ref idref="oc-bc"/>
      </symbol>
      <symbol id="sm-27a">
         <name>_McbspbRegs</name>
         <value>0x5040</value>
         <object_component_ref idref="oc-af"/>
      </symbol>
      <symbol id="sm-27b">
         <name>_EPwm6Regs</name>
         <value>0x6940</value>
         <object_component_ref idref="oc-ac"/>
      </symbol>
      <symbol id="sm-27c">
         <name>_SciaRegs</name>
         <value>0x7050</value>
         <object_component_ref idref="oc-99"/>
      </symbol>
      <symbol id="sm-27d">
         <name>_GpioDataRegs</name>
         <value>0x6fc0</value>
         <object_component_ref idref="oc-a4"/>
      </symbol>
      <symbol id="sm-27e">
         <name>_CsmPwl</name>
         <value>0x33fff8</value>
         <object_component_ref idref="oc-91"/>
      </symbol>
      <symbol id="sm-27f">
         <name>_AdcRegs</name>
         <value>0x7100</value>
         <object_component_ref idref="oc-9e"/>
      </symbol>
      <symbol id="sm-280">
         <name>_XIntruptRegs</name>
         <value>0x7070</value>
         <object_component_ref idref="oc-9c"/>
      </symbol>
      <symbol id="sm-281">
         <name>_CpuTimer2Regs</name>
         <value>0xc10</value>
         <object_component_ref idref="oc-90"/>
      </symbol>
      <symbol id="sm-282">
         <name>_PieCtrlRegs</name>
         <value>0xce0</value>
         <object_component_ref idref="oc-9d"/>
      </symbol>
      <symbol id="sm-283">
         <name>_ECanbMOTSRegs</name>
         <value>0x6280</value>
         <object_component_ref idref="oc-b5"/>
      </symbol>
      <symbol id="sm-284">
         <name>_ECanaRegs</name>
         <value>0x6000</value>
         <object_component_ref idref="oc-b2"/>
      </symbol>
      <symbol id="sm-285">
         <name>_AdcMirror</name>
         <value>0xb00</value>
         <object_component_ref idref="oc-9b"/>
      </symbol>
      <symbol id="sm-286">
         <name>_ECanbMboxes</name>
         <value>0x6300</value>
         <object_component_ref idref="oc-be"/>
      </symbol>
      <symbol id="sm-287">
         <name>_XintfRegs</name>
         <value>0xb20</value>
         <object_component_ref idref="oc-9f"/>
      </symbol>
      <symbol id="sm-288">
         <name>_ScicRegs</name>
         <value>0x7770</value>
         <object_component_ref idref="oc-98"/>
      </symbol>
      <symbol id="sm-289">
         <name>_ECap1Regs</name>
         <value>0x6a00</value>
         <object_component_ref idref="oc-a2"/>
      </symbol>
      <symbol id="sm-28a">
         <name>_EQep1Regs</name>
         <value>0x6b00</value>
         <object_component_ref idref="oc-b9"/>
      </symbol>
      <symbol id="sm-28b">
         <name>_McbspaRegs</name>
         <value>0x5000</value>
         <object_component_ref idref="oc-b0"/>
      </symbol>
      <symbol id="sm-28c">
         <name>_EPwm1Regs</name>
         <value>0x6800</value>
         <object_component_ref idref="oc-ad"/>
      </symbol>
      <symbol id="sm-28d">
         <name>_ECanbRegs</name>
         <value>0x6200</value>
         <object_component_ref idref="oc-b3"/>
      </symbol>
      <symbol id="sm-28e">
         <name>_ScibRegs</name>
         <value>0x7750</value>
         <object_component_ref idref="oc-97"/>
      </symbol>
      <symbol id="sm-28f">
         <name>_ECap2Regs</name>
         <value>0x6a20</value>
         <object_component_ref idref="oc-a3"/>
      </symbol>
      <symbol id="sm-290">
         <name>_GpioIntRegs</name>
         <value>0x6fe0</value>
         <object_component_ref idref="oc-95"/>
      </symbol>
      <symbol id="sm-291">
         <name>_EQep2Regs</name>
         <value>0x6b40</value>
         <object_component_ref idref="oc-ba"/>
      </symbol>
      <symbol id="sm-292">
         <name>_PartIdRegs</name>
         <value>0x380090</value>
         <object_component_ref idref="oc-8f"/>
      </symbol>
      <symbol id="sm-293">
         <name>_EPwm2Regs</name>
         <value>0x6840</value>
         <object_component_ref idref="oc-a8"/>
      </symbol>
      <symbol id="sm-294">
         <name>_ECanaMboxes</name>
         <value>0x6100</value>
         <object_component_ref idref="oc-bf"/>
      </symbol>
      <symbol id="sm-295">
         <name>_ECap3Regs</name>
         <value>0x6a40</value>
         <object_component_ref idref="oc-a0"/>
      </symbol>
      <symbol id="sm-296">
         <name>_ECanaMOTORegs</name>
         <value>0x60c0</value>
         <object_component_ref idref="oc-b4"/>
      </symbol>
      <symbol id="sm-297">
         <name>_EPwm3Regs</name>
         <value>0x6880</value>
         <object_component_ref idref="oc-a9"/>
      </symbol>
      <symbol id="sm-298">
         <name>_ECanbLAMRegs</name>
         <value>0x6240</value>
         <object_component_ref idref="oc-bb"/>
      </symbol>
      <symbol id="sm-299">
         <name>_I2caRegs</name>
         <value>0x7900</value>
         <object_component_ref idref="oc-aa"/>
      </symbol>
      <symbol id="sm-2b2">
         <name>_MemCopy</name>
         <value>0x9413</value>
         <object_component_ref idref="oc-11f"/>
      </symbol>
      <symbol id="sm-2bf">
         <name>_InitPieCtrl</name>
         <value>0x9376</value>
         <object_component_ref idref="oc-123"/>
      </symbol>
      <symbol id="sm-2c0">
         <name>_EnableInterrupts</name>
         <value>0x9395</value>
         <object_component_ref idref="oc-123"/>
      </symbol>
      <symbol id="sm-2d1">
         <name>_PieVectTableInit</name>
         <value>0x330000</value>
         <object_component_ref idref="oc-129"/>
      </symbol>
      <symbol id="sm-2d2">
         <name>_InitPieVectTable</name>
         <value>0x93c1</value>
         <object_component_ref idref="oc-124"/>
      </symbol>
      <symbol id="sm-2e8">
         <name>_InitPll</name>
         <value>0x8e75</value>
         <object_component_ref idref="oc-120"/>
      </symbol>
      <symbol id="sm-2e9">
         <name>_DisableDog</name>
         <value>0x8e6d</value>
         <object_component_ref idref="oc-120"/>
      </symbol>
      <symbol id="sm-2ea">
         <name>_InitPeripheralClocks</name>
         <value>0x8ec6</value>
         <object_component_ref idref="oc-120"/>
      </symbol>
      <symbol id="sm-2eb">
         <name>_CsmUnlock</name>
         <value>0x8f21</value>
         <object_component_ref idref="oc-120"/>
      </symbol>
      <symbol id="sm-2ec">
         <name>_ServiceDog</name>
         <value>0x8e63</value>
         <object_component_ref idref="oc-120"/>
      </symbol>
      <symbol id="sm-2ed">
         <name>_InitSysCtrl</name>
         <value>0x8e5a</value>
         <object_component_ref idref="oc-120"/>
      </symbol>
      <symbol id="sm-2fa">
         <name>_InitXintf16Gpio</name>
         <value>0x8fee</value>
         <object_component_ref idref="oc-122"/>
      </symbol>
      <symbol id="sm-2fb">
         <name>_InitXintf</name>
         <value>0x8f52</value>
         <object_component_ref idref="oc-122"/>
      </symbol>
      <symbol id="sm-2fc">
         <name>_InitXintf32Gpio</name>
         <value>0x8fa7</value>
         <object_component_ref idref="oc-122"/>
      </symbol>
      <symbol id="sm-308">
         <name>_DSP28x_usDelay</name>
         <value>0x8280</value>
         <object_component_ref idref="oc-e0"/>
      </symbol>
      <symbol id="sm-338">
         <name>_Fail</name>
         <value>0x8b41</value>
         <object_component_ref idref="oc-11e"/>
      </symbol>
      <symbol id="sm-339">
         <name>_V_FFT</name>
         <value>0xc340</value>
         <object_component_ref idref="oc-e7"/>
      </symbol>
      <symbol id="sm-33a">
         <name>_main</name>
         <value>0x8800</value>
         <object_component_ref idref="oc-11e"/>
      </symbol>
      <symbol id="sm-33b">
         <name>_fWaveR_R</name>
         <value>0xc2c0</value>
         <object_component_ref idref="oc-e7"/>
      </symbol>
      <symbol id="sm-33c">
         <name>_fWaveR_V</name>
         <value>0xc0c0</value>
         <object_component_ref idref="oc-e7"/>
      </symbol>
      <symbol id="sm-33d">
         <name>_R_PT</name>
         <value>0xc010</value>
         <object_component_ref idref="oc-e7"/>
      </symbol>
      <symbol id="sm-33e">
         <name>_INITIALIZED4</name>
         <value>0xc00e</value>
         <object_component_ref idref="oc-e7"/>
      </symbol>
      <symbol id="sm-33f">
         <name>_INITIALIZED3</name>
         <value>0xc00c</value>
         <object_component_ref idref="oc-e7"/>
      </symbol>
      <symbol id="sm-340">
         <name>_INITIALIZED2</name>
         <value>0xc000</value>
         <object_component_ref idref="oc-e7"/>
      </symbol>
      <symbol id="sm-341">
         <name>_INITIALIZED1</name>
         <value>0xc004</value>
         <object_component_ref idref="oc-e7"/>
      </symbol>
      <symbol id="sm-342">
         <name>_TimeStamp</name>
         <value>0xcbc0</value>
         <object_component_ref idref="oc-e7"/>
      </symbol>
      <symbol id="sm-343">
         <name>_ECap1PassCount</name>
         <value>0xc014</value>
         <object_component_ref idref="oc-e7"/>
      </symbol>
      <symbol id="sm-344">
         <name>_countindex</name>
         <value>0xc00a</value>
         <object_component_ref idref="oc-e7"/>
      </symbol>
      <symbol id="sm-345">
         <name>_PRE_COUNT</name>
         <value>0xc008</value>
         <object_component_ref idref="oc-e7"/>
      </symbol>
      <symbol id="sm-346">
         <name>_w_V</name>
         <value>0xc6c0</value>
         <object_component_ref idref="oc-e7"/>
      </symbol>
      <symbol id="sm-347">
         <name>_w_R</name>
         <value>0xc540</value>
         <object_component_ref idref="oc-e7"/>
      </symbol>
      <symbol id="sm-348">
         <name>_fWaveI_R</name>
         <value>0xc040</value>
         <object_component_ref idref="oc-e7"/>
      </symbol>
      <symbol id="sm-349">
         <name>_fWaveI_V</name>
         <value>0xc5c0</value>
         <object_component_ref idref="oc-e7"/>
      </symbol>
      <symbol id="sm-34a">
         <name>_counti</name>
         <value>0xc002</value>
         <object_component_ref idref="oc-e7"/>
      </symbol>
      <symbol id="sm-34b">
         <name>_ECap1IntCount</name>
         <value>0xc012</value>
         <object_component_ref idref="oc-e7"/>
      </symbol>
      <symbol id="sm-34c">
         <name>_INPUT</name>
         <value>0xc740</value>
         <object_component_ref idref="oc-e7"/>
      </symbol>
      <symbol id="sm-34d">
         <name>_InitForFFT</name>
         <value>0x8afa</value>
         <object_component_ref idref="oc-11e"/>
      </symbol>
      <symbol id="sm-34e">
         <name>_FFT</name>
         <value>0x8967</value>
         <object_component_ref idref="oc-11e"/>
      </symbol>
      <symbol id="sm-34f">
         <name>_timer_index</name>
         <value>0xc00d</value>
         <object_component_ref idref="oc-e7"/>
      </symbol>
      <symbol id="sm-350">
         <name>_array_index</name>
         <value>0xc009</value>
         <object_component_ref idref="oc-e7"/>
      </symbol>
      <symbol id="sm-351">
         <name>_R_CT</name>
         <value>0xc01a</value>
         <object_component_ref idref="oc-e7"/>
      </symbol>
      <symbol id="sm-352">
         <name>_fWaveI</name>
         <value>0xc640</value>
         <object_component_ref idref="oc-e7"/>
      </symbol>
      <symbol id="sm-353">
         <name>_fWaveR</name>
         <value>0xc3c0</value>
         <object_component_ref idref="oc-e7"/>
      </symbol>
      <symbol id="sm-354">
         <name>_sin_tab</name>
         <value>0xc1c0</value>
         <object_component_ref idref="oc-e7"/>
      </symbol>
      <symbol id="sm-355">
         <name>_PTINITED</name>
         <value>0xc007</value>
         <object_component_ref idref="oc-e7"/>
      </symbol>
      <symbol id="sm-356">
         <name>_CTINITED</name>
         <value>0xc005</value>
         <object_component_ref idref="oc-e7"/>
      </symbol>
      <symbol id="sm-357">
         <name>_flag</name>
         <value>0xc006</value>
         <object_component_ref idref="oc-e7"/>
      </symbol>
      <symbol id="sm-358">
         <name>_cos_tab</name>
         <value>0xc240</value>
         <object_component_ref idref="oc-e7"/>
      </symbol>
      <symbol id="sm-359">
         <name>_R_FFT</name>
         <value>0xc4c0</value>
         <object_component_ref idref="oc-e7"/>
      </symbol>
      <symbol id="sm-35a">
         <name>_DataTable</name>
         <value>0xc7c0</value>
         <object_component_ref idref="oc-e7"/>
      </symbol>
      <symbol id="sm-35b">
         <name>_tmp</name>
         <value>0xc018</value>
         <object_component_ref idref="oc-e7"/>
      </symbol>
      <symbol id="sm-35c">
         <name>_InitECapture</name>
         <value>0x893b</value>
         <object_component_ref idref="oc-11e"/>
      </symbol>
      <symbol id="sm-35d">
         <name>_DATA</name>
         <value>0xc440</value>
         <object_component_ref idref="oc-e7"/>
      </symbol>
      <symbol id="sm-35e">
         <name>_SampleTable</name>
         <value>0xc9c0</value>
         <object_component_ref idref="oc-e7"/>
      </symbol>
      <symbol id="sm-35f">
         <name>_ecap1_isr</name>
         <value>0x9048</value>
         <object_component_ref idref="oc-e8"/>
      </symbol>
      <symbol id="sm-360">
         <name>_R_CRPM</name>
         <value>0xc016</value>
         <object_component_ref idref="oc-e7"/>
      </symbol>
      <symbol id="sm-361">
         <name>_R_RPM</name>
         <value>0xcdc0</value>
         <object_component_ref idref="oc-e7"/>
      </symbol>
      <symbol id="sm-362">
         <name>_w</name>
         <value>0xc140</value>
         <object_component_ref idref="oc-e7"/>
      </symbol>
      <symbol id="sm-363">
         <name>_j</name>
         <value>0xc001</value>
         <object_component_ref idref="oc-e7"/>
      </symbol>
      <symbol id="sm-364">
         <name>_count</name>
         <value>0xc00b</value>
         <object_component_ref idref="oc-e7"/>
      </symbol>
      <symbol id="sm-365">
         <name>_Count</name>
         <value>0xc01c</value>
         <object_component_ref idref="oc-e7"/>
      </symbol>
      <symbol id="sm-386">
         <name>_c_int00</name>
         <value>0x9330</value>
         <object_component_ref idref="oc-4b"/>
      </symbol>
      <symbol id="sm-387">
         <name>__stack</name>
         <value>0x400</value>
         <object_component_ref idref="oc-f2"/>
      </symbol>
      <symbol id="sm-394">
         <name>_cos</name>
         <value>0x921b</value>
         <object_component_ref idref="oc-128"/>
      </symbol>
      <symbol id="sm-3a6">
         <name>C$$EXIT</name>
         <value>0x93fa</value>
         <object_component_ref idref="oc-11c"/>
      </symbol>
      <symbol id="sm-3a7">
         <name>_exit</name>
         <value>0x93fc</value>
         <object_component_ref idref="oc-11c"/>
      </symbol>
      <symbol id="sm-3a8">
         <name>___TI_cleanup_ptr</name>
         <value>0xd432</value>
         <object_component_ref idref="oc-fd"/>
      </symbol>
      <symbol id="sm-3a9">
         <name>_abort</name>
         <value>0x93fa</value>
         <object_component_ref idref="oc-11c"/>
      </symbol>
      <symbol id="sm-3aa">
         <name>___TI_dtors_ptr</name>
         <value>0xd434</value>
         <object_component_ref idref="oc-fd"/>
      </symbol>
      <symbol id="sm-3b7">
         <name>FS$$DIV</name>
         <value>0x911c</value>
         <object_component_ref idref="oc-101"/>
      </symbol>
      <symbol id="sm-3c3">
         <name>_sin</name>
         <value>0x92d8</value>
         <object_component_ref idref="oc-127"/>
      </symbol>
      <symbol id="sm-3d2">
         <name>_sqrt</name>
         <value>0x939e</value>
         <object_component_ref idref="oc-126"/>
      </symbol>
      <symbol id="sm-3e1">
         <name>__unlock</name>
         <value>0xd42e</value>
         <object_component_ref idref="oc-10f"/>
      </symbol>
      <symbol id="sm-3e2">
         <name>__lock</name>
         <value>0xd430</value>
         <object_component_ref idref="oc-10f"/>
      </symbol>
      <symbol id="sm-3e3">
         <name>__register_lock</name>
         <value>0x942a</value>
         <object_component_ref idref="oc-11d"/>
      </symbol>
      <symbol id="sm-3e4">
         <name>__nop</name>
         <value>0x942e</value>
         <object_component_ref idref="oc-11d"/>
      </symbol>
      <symbol id="sm-3e5">
         <name>__register_unlock</name>
         <value>0x9426</value>
         <object_component_ref idref="oc-11d"/>
      </symbol>
      <symbol id="sm-3f2">
         <name>__args_main</name>
         <value>0x93e1</value>
         <object_component_ref idref="oc-11b"/>
      </symbol>
      <symbol id="sm-3f3">
         <name>__TI_args_main</name>
         <value>0x1</value>
      </symbol>
      <symbol id="sm-3fe">
         <name>_errno</name>
         <value>0xd436</value>
         <object_component_ref idref="oc-119"/>
      </symbol>
   </symbol_table>
   <title>Link successful</title>
</link_info>
