******************************************************************************
             TMS320C2000 Linker PC v15.12.1                    
******************************************************************************
>> Linked Sun May 20 14:15:45 2018

OUTPUT FILE NAME:   <DATA_AQ0.out>
ENTRY POINT SYMBOL: "_c_int00"  address: 000091e3


MEMORY CONFIGURATION

         name            origin    length      used     unused   attr    fill
----------------------  --------  ---------  --------  --------  ----  --------
PAGE 0:
  BEGIN                 00000000   00000002  00000002  00000000  RWIX
  RAMM0                 00000050   000003b0  00000000  000003b0  RWIX
  RAML0                 00008000   00000800  000000da  00000726  RWIX
  RAML1                 00008800   00001800  00000b15  00000ceb  RWIX
  RAML2                 0000a000   00000800  00000000  00000800  RWIX
  RAML3                 0000a800   00001000  00000000  00001000  RWIX
  ZONE7A                00200000   0000fc00  00000000  0000fc00  RWIX
  FLASHD                00320000   00008000  00000004  00007ffc  RWIX
  FLASHA                00330000   0000ff80  00000136  0000fe4a  RWIX
  CSM_RSVD              0033ff80   00000076  00000000  00000076  RWIX
  CSM_PWL               0033fff8   00000008  00000000  00000008  RWIX
  ADC_CAL               00380080   00000009  00000007  00000002  RWIX
  IQTABLES              003fe000   00000b50  00000000  00000b50  RWIX
  IQTABLES2             003feb50   0000008c  00000000  0000008c  RWIX
  FPUTABLES             003febdc   000006a0  00000000  000006a0  RWIX
  BOOTROM               003ff27c   00000d44  00000000  00000d44  RWIX
  RESET                 003fffc0   00000002  00000000  00000002  RWIX

PAGE 1:
  BOOT_RSVD             00000002   0000004e  00000000  0000004e  RWIX
  RAMM1                 00000400   00000400  00000300  00000100  RWIX
  DEV_EMU               00000880   00000180  000000d0  000000b0  RWIX
  FLASH_REGS            00000a80   00000060  00000008  00000058  RWIX
  CSM                   00000ae0   00000010  00000010  00000000  RWIX
  ADC_MIRROR            00000b00   00000010  00000010  00000000  RWIX
  XINTF                 00000b20   00000020  0000001e  00000002  RWIX
  CPU_TIMER0            00000c00   00000008  00000008  00000000  RWIX
  CPU_TIMER1            00000c08   00000008  00000008  00000000  RWIX
  CPU_TIMER2            00000c10   00000008  00000008  00000000  RWIX
  PIE_CTRL              00000ce0   00000020  0000001a  00000006  RWIX
  PIE_VECT              00000d00   00000100  00000100  00000000  RWIX
  DMA                   00001000   00000200  000000e0  00000120  RWIX
  MCBSPA                00005000   00000040  00000025  0000001b  RWIX
  MCBSPB                00005040   00000040  00000025  0000001b  RWIX
  ECANA                 00006000   00000040  00000034  0000000c  RWIX
  ECANA_LAM             00006040   00000040  00000040  00000000  RWIX
  ECANA_MOTS            00006080   00000040  00000040  00000000  RWIX
  ECANA_MOTO            000060c0   00000040  00000040  00000000  RWIX
  ECANA_MBOX            00006100   00000100  00000100  00000000  RWIX
  ECANB                 00006200   00000040  00000034  0000000c  RWIX
  ECANB_LAM             00006240   00000040  00000040  00000000  RWIX
  ECANB_MOTS            00006280   00000040  00000040  00000000  RWIX
  ECANB_MOTO            000062c0   00000040  00000040  00000000  RWIX
  ECANB_MBOX            00006300   00000100  00000100  00000000  RWIX
  EPWM1                 00006800   00000022  00000022  00000000  RWIX
  EPWM2                 00006840   00000022  00000022  00000000  RWIX
  EPWM3                 00006880   00000022  00000022  00000000  RWIX
  EPWM4                 000068c0   00000022  00000022  00000000  RWIX
  EPWM5                 00006900   00000022  00000022  00000000  RWIX
  EPWM6                 00006940   00000022  00000022  00000000  RWIX
  ECAP1                 00006a00   00000020  00000020  00000000  RWIX
  ECAP2                 00006a20   00000020  00000020  00000000  RWIX
  ECAP3                 00006a40   00000020  00000020  00000000  RWIX
  ECAP4                 00006a60   00000020  00000020  00000000  RWIX
  ECAP5                 00006a80   00000020  00000020  00000000  RWIX
  ECAP6                 00006aa0   00000020  00000020  00000000  RWIX
  EQEP1                 00006b00   00000040  00000040  00000000  RWIX
  EQEP2                 00006b40   00000040  00000040  00000000  RWIX
  GPIOCTRL              00006f80   00000040  0000002e  00000012  RWIX
  GPIODAT               00006fc0   00000020  00000020  00000000  RWIX
  GPIOINT               00006fe0   00000020  0000000a  00000016  RWIX
  SYSTEM                00007010   00000020  00000020  00000000  RWIX
  SPIA                  00007040   00000010  00000010  00000000  RWIX
  SCIA                  00007050   00000010  00000010  00000000  RWIX
  XINTRUPT              00007070   00000010  00000010  00000000  RWIX
  ADC                   00007100   00000020  0000001e  00000002  RWIX
  SCIB                  00007750   00000010  00000010  00000000  RWIX
  SCIC                  00007770   00000010  00000010  00000000  RWIX
  I2CA                  00007900   00000040  00000022  0000001e  RWIX
  RAML4                 0000c000   00001800  00001437  000003c9  RWIX
  RAML5                 0000d800   00002000  00000000  00002000  RWIX
  RAML6                 0000fa00   00000300  00000000  00000300  RWIX
  RAML7                 0000fd00   00000300  00000000  00000300  RWIX
  ZONE7B                0020fc00   00000400  00000000  00000400  RWIX
  CSM_PWL               0033fff8   00000008  00000008  00000000  RWIX
  PARTID                00380090   00000001  00000001  00000000  RWIX


SECTION ALLOCATION MAP

 output                                  attributes/
section   page    origin      length       input sections
--------  ----  ----------  ----------   ----------------
codestart 
*          0    00000000    00000002     
                  00000000    00000002     DSP2833x_CodeStartBranch.obj (codestart)

.cinit     0    00008000    000000d6     
                  00008000    00000054     TFT.obj (.cinit)
                  00008054    00000050     Example_2833xECap_Capture_Pwm.obj (.cinit)
                  000080a4    00000018     touch.obj (.cinit)
                  000080bc    0000000a     rts2800_fpu32.lib : _lock.obj (.cinit)
                  000080c6    0000000a                       : exit.obj (.cinit)
                  000080d0    00000004                       : errno.obj (.cinit)
                  000080d4    00000002     --HOLE-- [fill = 0]

.text      0    00008800    00000b15     
                  00008800    00000316     DSP2833x_DefaultIsr.obj (.text:retain)
                  00008b16    0000023e     Example_2833xECap_Capture_Pwm.obj (.text)
                  00008d54    0000011c     DSP2833x_Xintf.obj (.text)
                  00008e70    000000fd     DSP2833x_SysCtrl.obj (.text)
                  00008f6d    000000c6     Example_2833xECap_Capture_Pwm.obj (.text:retain)
                  00009033    00000088     rts2800_fpu32.lib : fs_div.obj (.text)
                  000090bb    0000006f     DSP2833x_ECap.obj (.text)
                  0000912a    00000061     rts2800_fpu32.lib : cos.obj (.text)
                  0000918b    00000058                       : sin.obj (.text)
                  000091e3    00000046                       : boot.obj (.text)
                  00009229    00000028     DSP2833x_PieCtrl.obj (.text)
                  00009251    00000001     --HOLE-- [fill = 0]
                  00009252    00000023     rts2800_fpu32.lib : sqrt.obj (.text)
                  00009275    00000020     ADC_INIT.obj (.text)
                  00009295    0000001b     DSP2833x_Adc.obj (.text)
                  000092b0    00000019     rts2800_fpu32.lib : args_main.obj (.text)
                  000092c9    00000019                       : exit.obj (.text)
                  000092e2    00000011     DSP2833x_MemCopy.obj (.text)
                  000092f3    00000011     DSP2833x_PieVect.obj (.text)
                  00009304    00000009     rts2800_fpu32.lib : _lock.obj (.text)
                  0000930d    00000008     DSP2833x_CodeStartBranch.obj (.text)

ramfuncs   0    00320000    00000004     RUN ADDR = 000080d6
                  00320000    00000004     DSP2833x_usDelay.obj (ramfuncs)

.econst    0    00330000    00000136     
                  00330000    00000100     DSP2833x_PieVect.obj (.econst:_PieVectTableInit)
                  00330100    00000036     touch.obj (.econst:.string)

.adc_cal   0    00380080    00000007     NOLOAD SECTION
                  00380080    00000007     DSP2833x_ADC_cal.obj (.adc_cal)

.stack     1    00000400    00000300     UNINITIALIZED
                  00000400    00000300     --HOLE--

DevEmuRegsFile 
*          1    00000880    000000d0     UNINITIALIZED
                  00000880    000000d0     DSP2833x_GlobalVariableDefs.obj (DevEmuRegsFile)

FlashRegsFile 
*          1    00000a80    00000008     UNINITIALIZED
                  00000a80    00000008     DSP2833x_GlobalVariableDefs.obj (FlashRegsFile)

CsmRegsFile 
*          1    00000ae0    00000010     UNINITIALIZED
                  00000ae0    00000010     DSP2833x_GlobalVariableDefs.obj (CsmRegsFile)

AdcMirrorFile 
*          1    00000b00    00000010     UNINITIALIZED
                  00000b00    00000010     DSP2833x_GlobalVariableDefs.obj (AdcMirrorFile)

XintfRegsFile 
*          1    00000b20    0000001e     UNINITIALIZED
                  00000b20    0000001e     DSP2833x_GlobalVariableDefs.obj (XintfRegsFile)

CpuTimer0RegsFile 
*          1    00000c00    00000008     UNINITIALIZED
                  00000c00    00000008     DSP2833x_GlobalVariableDefs.obj (CpuTimer0RegsFile)

CpuTimer1RegsFile 
*          1    00000c08    00000008     UNINITIALIZED
                  00000c08    00000008     DSP2833x_GlobalVariableDefs.obj (CpuTimer1RegsFile)

CpuTimer2RegsFile 
*          1    00000c10    00000008     UNINITIALIZED
                  00000c10    00000008     DSP2833x_GlobalVariableDefs.obj (CpuTimer2RegsFile)

PieCtrlRegsFile 
*          1    00000ce0    0000001a     UNINITIALIZED
                  00000ce0    0000001a     DSP2833x_GlobalVariableDefs.obj (PieCtrlRegsFile)

PieVectTableFile 
*          1    00000d00    00000100     UNINITIALIZED
                  00000d00    00000100     DSP2833x_GlobalVariableDefs.obj (PieVectTableFile)

DmaRegsFile 
*          1    00001000    000000e0     UNINITIALIZED
                  00001000    000000e0     DSP2833x_GlobalVariableDefs.obj (DmaRegsFile)

McbspaRegsFile 
*          1    00005000    00000025     UNINITIALIZED
                  00005000    00000025     DSP2833x_GlobalVariableDefs.obj (McbspaRegsFile)

McbspbRegsFile 
*          1    00005040    00000025     UNINITIALIZED
                  00005040    00000025     DSP2833x_GlobalVariableDefs.obj (McbspbRegsFile)

ECanaRegsFile 
*          1    00006000    00000034     UNINITIALIZED
                  00006000    00000034     DSP2833x_GlobalVariableDefs.obj (ECanaRegsFile)

ECanaLAMRegsFile 
*          1    00006040    00000040     UNINITIALIZED
                  00006040    00000040     DSP2833x_GlobalVariableDefs.obj (ECanaLAMRegsFile)

ECanaMOTSRegsFile 
*          1    00006080    00000040     UNINITIALIZED
                  00006080    00000040     DSP2833x_GlobalVariableDefs.obj (ECanaMOTSRegsFile)

ECanaMOTORegsFile 
*          1    000060c0    00000040     UNINITIALIZED
                  000060c0    00000040     DSP2833x_GlobalVariableDefs.obj (ECanaMOTORegsFile)

ECanaMboxesFile 
*          1    00006100    00000100     UNINITIALIZED
                  00006100    00000100     DSP2833x_GlobalVariableDefs.obj (ECanaMboxesFile)

ECanbRegsFile 
*          1    00006200    00000034     UNINITIALIZED
                  00006200    00000034     DSP2833x_GlobalVariableDefs.obj (ECanbRegsFile)

ECanbLAMRegsFile 
*          1    00006240    00000040     UNINITIALIZED
                  00006240    00000040     DSP2833x_GlobalVariableDefs.obj (ECanbLAMRegsFile)

ECanbMOTSRegsFile 
*          1    00006280    00000040     UNINITIALIZED
                  00006280    00000040     DSP2833x_GlobalVariableDefs.obj (ECanbMOTSRegsFile)

ECanbMOTORegsFile 
*          1    000062c0    00000040     UNINITIALIZED
                  000062c0    00000040     DSP2833x_GlobalVariableDefs.obj (ECanbMOTORegsFile)

ECanbMboxesFile 
*          1    00006300    00000100     UNINITIALIZED
                  00006300    00000100     DSP2833x_GlobalVariableDefs.obj (ECanbMboxesFile)

EPwm1RegsFile 
*          1    00006800    00000022     UNINITIALIZED
                  00006800    00000022     DSP2833x_GlobalVariableDefs.obj (EPwm1RegsFile)

EPwm2RegsFile 
*          1    00006840    00000022     UNINITIALIZED
                  00006840    00000022     DSP2833x_GlobalVariableDefs.obj (EPwm2RegsFile)

EPwm3RegsFile 
*          1    00006880    00000022     UNINITIALIZED
                  00006880    00000022     DSP2833x_GlobalVariableDefs.obj (EPwm3RegsFile)

EPwm4RegsFile 
*          1    000068c0    00000022     UNINITIALIZED
                  000068c0    00000022     DSP2833x_GlobalVariableDefs.obj (EPwm4RegsFile)

EPwm5RegsFile 
*          1    00006900    00000022     UNINITIALIZED
                  00006900    00000022     DSP2833x_GlobalVariableDefs.obj (EPwm5RegsFile)

EPwm6RegsFile 
*          1    00006940    00000022     UNINITIALIZED
                  00006940    00000022     DSP2833x_GlobalVariableDefs.obj (EPwm6RegsFile)

ECap1RegsFile 
*          1    00006a00    00000020     UNINITIALIZED
                  00006a00    00000020     DSP2833x_GlobalVariableDefs.obj (ECap1RegsFile)

ECap2RegsFile 
*          1    00006a20    00000020     UNINITIALIZED
                  00006a20    00000020     DSP2833x_GlobalVariableDefs.obj (ECap2RegsFile)

ECap3RegsFile 
*          1    00006a40    00000020     UNINITIALIZED
                  00006a40    00000020     DSP2833x_GlobalVariableDefs.obj (ECap3RegsFile)

ECap4RegsFile 
*          1    00006a60    00000020     UNINITIALIZED
                  00006a60    00000020     DSP2833x_GlobalVariableDefs.obj (ECap4RegsFile)

ECap5RegsFile 
*          1    00006a80    00000020     UNINITIALIZED
                  00006a80    00000020     DSP2833x_GlobalVariableDefs.obj (ECap5RegsFile)

ECap6RegsFile 
*          1    00006aa0    00000020     UNINITIALIZED
                  00006aa0    00000020     DSP2833x_GlobalVariableDefs.obj (ECap6RegsFile)

EQep1RegsFile 
*          1    00006b00    00000040     UNINITIALIZED
                  00006b00    00000040     DSP2833x_GlobalVariableDefs.obj (EQep1RegsFile)

EQep2RegsFile 
*          1    00006b40    00000040     UNINITIALIZED
                  00006b40    00000040     DSP2833x_GlobalVariableDefs.obj (EQep2RegsFile)

GpioCtrlRegsFile 
*          1    00006f80    0000002e     UNINITIALIZED
                  00006f80    0000002e     DSP2833x_GlobalVariableDefs.obj (GpioCtrlRegsFile)

GpioDataRegsFile 
*          1    00006fc0    00000020     UNINITIALIZED
                  00006fc0    00000020     DSP2833x_GlobalVariableDefs.obj (GpioDataRegsFile)

GpioIntRegsFile 
*          1    00006fe0    0000000a     UNINITIALIZED
                  00006fe0    0000000a     DSP2833x_GlobalVariableDefs.obj (GpioIntRegsFile)

SysCtrlRegsFile 
*          1    00007010    00000020     UNINITIALIZED
                  00007010    00000020     DSP2833x_GlobalVariableDefs.obj (SysCtrlRegsFile)

SpiaRegsFile 
*          1    00007040    00000010     UNINITIALIZED
                  00007040    00000010     DSP2833x_GlobalVariableDefs.obj (SpiaRegsFile)

SciaRegsFile 
*          1    00007050    00000010     UNINITIALIZED
                  00007050    00000010     DSP2833x_GlobalVariableDefs.obj (SciaRegsFile)

XIntruptRegsFile 
*          1    00007070    00000010     UNINITIALIZED
                  00007070    00000010     DSP2833x_GlobalVariableDefs.obj (XIntruptRegsFile)

AdcRegsFile 
*          1    00007100    0000001e     UNINITIALIZED
                  00007100    0000001e     DSP2833x_GlobalVariableDefs.obj (AdcRegsFile)

ScibRegsFile 
*          1    00007750    00000010     UNINITIALIZED
                  00007750    00000010     DSP2833x_GlobalVariableDefs.obj (ScibRegsFile)

ScicRegsFile 
*          1    00007770    00000010     UNINITIALIZED
                  00007770    00000010     DSP2833x_GlobalVariableDefs.obj (ScicRegsFile)

I2caRegsFile 
*          1    00007900    00000022     UNINITIALIZED
                  00007900    00000022     DSP2833x_GlobalVariableDefs.obj (I2caRegsFile)

.ebss      1    0000c000    00001437     UNINITIALIZED
                  0000c000    000011c0     Example_2833xECap_Capture_Pwm.obj (.ebss)
                  0000d1c0    00000240     TFT.obj (.ebss)
                  0000d400    00000018     DSP2833x_CpuTimers.obj (.ebss)
                  0000d418    00000016     touch.obj (.ebss)
                  0000d42e    00000004     rts2800_fpu32.lib : _lock.obj (.ebss)
                  0000d432    00000004                       : exit.obj (.ebss)
                  0000d436    00000001                       : errno.obj (.ebss)

CsmPwlFile 
*          1    0033fff8    00000008     UNINITIALIZED
                  0033fff8    00000008     DSP2833x_GlobalVariableDefs.obj (CsmPwlFile)

PartIdRegsFile 
*          1    00380090    00000001     UNINITIALIZED
                  00380090    00000001     DSP2833x_GlobalVariableDefs.obj (PartIdRegsFile)

.pinit     0    00008000    00000000     UNINITIALIZED

.reset     0    003fffc0    00000002     DSECT
                  003fffc0    00000002     rts2800_fpu32.lib : boot.obj (.reset)

csm_rsvd   0    0033ff80    00000076     DSECT
                  0033ff80    00000076     DSP2833x_CSMPasswords.obj (csm_rsvd)

csmpasswds 
*          0    0033fff8    00000008     DSECT
                  0033fff8    00000008     DSP2833x_CSMPasswords.obj (csmpasswds)

MODULE SUMMARY

       Module                              code   ro data   rw data
       ------                              ----   -------   -------
    .\hardware\
       TFT.obj                             0      0         660    
       touch.obj                           0      0         100    
    +--+-----------------------------------+------+---------+---------+
       Total:                              0      0         760    
                                                                   
    .\source\
       Example_2833xECap_Capture_Pwm.obj   772    0         4624   
       DSP2833x_GlobalVariableDefs.obj     0      0         2679   
       DSP2833x_DefaultIsr.obj             790    0         0      
       DSP2833x_Xintf.obj                  284    0         0      
       DSP2833x_PieVect.obj                17     0         256    
       DSP2833x_SysCtrl.obj                253    0         0      
       DSP2833x_ECap.obj                   111    0         0      
       DSP2833x_PieCtrl.obj                40     0         0      
       ADC_INIT.obj                        32     0         0      
       DSP2833x_Adc.obj                    27     0         0      
       DSP2833x_CpuTimers.obj              0      0         24     
       DSP2833x_MemCopy.obj                17     0         0      
       DSP2833x_CodeStartBranch.obj        10     0         0      
       DSP2833x_usDelay.obj                8      0         0      
       DSP2833x_ADC_cal.obj                7      0         0      
    +--+-----------------------------------+------+---------+---------+
       Total:                              2368   0         7583   
                                                                   
    ../lib/rts2800_fpu32.lib
       fs_div.obj                          136    0         0      
       cos.obj                             97     0         0      
       sin.obj                             88     0         0      
       boot.obj                            70     0         0      
       exit.obj                            25     0         14     
       sqrt.obj                            35     0         0      
       args_main.obj                       25     0         0      
       _lock.obj                           9      0         14     
       errno.obj                           0      0         5      
    +--+-----------------------------------+------+---------+---------+
       Total:                              485    0         33     
                                                                   
       Stack:                              0      0         768    
    +--+-----------------------------------+------+---------+---------+
       Grand Total:                        2853   0         9144   


GLOBAL DATA SYMBOLS: SORTED BY DATA PAGE

address     data page           name
--------    ----------------    ----
00000400      10 (00000400)     __stack

00000880      22 (00000880)     _DevEmuRegs

00000a80      2a (00000a80)     _FlashRegs

00000ae0      2b (00000ac0)     _CsmRegs

00000b00      2c (00000b00)     _AdcMirror
00000b20      2c (00000b00)     _XintfRegs

00000c00      30 (00000c00)     _CpuTimer0Regs
00000c08      30 (00000c00)     _CpuTimer1Regs
00000c10      30 (00000c00)     _CpuTimer2Regs

00000ce0      33 (00000cc0)     _PieCtrlRegs

00000d00      34 (00000d00)     _PieVectTable

00001000      40 (00001000)     _DmaRegs

00005000     140 (00005000)     _McbspaRegs

00005040     141 (00005040)     _McbspbRegs

00006000     180 (00006000)     _ECanaRegs

00006040     181 (00006040)     _ECanaLAMRegs

00006080     182 (00006080)     _ECanaMOTSRegs

000060c0     183 (000060c0)     _ECanaMOTORegs

00006100     184 (00006100)     _ECanaMboxes

00006200     188 (00006200)     _ECanbRegs

00006240     189 (00006240)     _ECanbLAMRegs

00006280     18a (00006280)     _ECanbMOTSRegs

000062c0     18b (000062c0)     _ECanbMOTORegs

00006300     18c (00006300)     _ECanbMboxes

00006800     1a0 (00006800)     _EPwm1Regs

00006840     1a1 (00006840)     _EPwm2Regs

00006880     1a2 (00006880)     _EPwm3Regs

000068c0     1a3 (000068c0)     _EPwm4Regs

00006900     1a4 (00006900)     _EPwm5Regs

00006940     1a5 (00006940)     _EPwm6Regs

00006a00     1a8 (00006a00)     _ECap1Regs
00006a20     1a8 (00006a00)     _ECap2Regs

00006a40     1a9 (00006a40)     _ECap3Regs
00006a60     1a9 (00006a40)     _ECap4Regs

00006a80     1aa (00006a80)     _ECap5Regs
00006aa0     1aa (00006a80)     _ECap6Regs

00006b00     1ac (00006b00)     _EQep1Regs

00006b40     1ad (00006b40)     _EQep2Regs

00006f80     1be (00006f80)     _GpioCtrlRegs

00006fc0     1bf (00006fc0)     _GpioDataRegs
00006fe0     1bf (00006fc0)     _GpioIntRegs

00007010     1c0 (00007000)     _SysCtrlRegs

00007040     1c1 (00007040)     _SpiaRegs
00007050     1c1 (00007040)     _SciaRegs
00007070     1c1 (00007040)     _XIntruptRegs

00007100     1c4 (00007100)     _AdcRegs

00007750     1dd (00007740)     _ScibRegs
00007770     1dd (00007740)     _ScicRegs

00007900     1e4 (00007900)     _I2caRegs

0000c000     300 (0000c000)     _INITIALIZED1
0000c001     300 (0000c000)     _j
0000c002     300 (0000c000)     _counti
0000c003     300 (0000c000)     _countindex
0000c004     300 (0000c000)     _CTINITED
0000c005     300 (0000c000)     _PTINITED
0000c006     300 (0000c000)     _INITIALIZED4
0000c007     300 (0000c000)     _RPMINDEX
0000c008     300 (0000c000)     _PRE_COUNT
0000c009     300 (0000c000)     _av
0000c00a     300 (0000c000)     _adc_index
0000c00b     300 (0000c000)     _count
0000c00c     300 (0000c000)     _flag
0000c00d     300 (0000c000)     _INITIALIZED2
0000c00e     300 (0000c000)     _INITIALIZED3
0000c00f     300 (0000c000)     _array_index
0000c010     300 (0000c000)     _timer_index
0000c012     300 (0000c000)     _ECap1IntCount
0000c014     300 (0000c000)     _tmp
0000c016     300 (0000c000)     _ECap1PassCount
0000c018     300 (0000c000)     _R_CT
0000c01a     300 (0000c000)     _R_CRPM
0000c01c     300 (0000c000)     _ntmp
0000c01e     300 (0000c000)     _R_PT
0000c020     300 (0000c000)     _Count

0000c040     301 (0000c040)     _fWaveI_R

0000c0c0     303 (0000c0c0)     _fWaveR_R

0000c140     305 (0000c140)     _fWaveR_V

0000c1c0     307 (0000c1c0)     _sin_tab

0000c240     309 (0000c240)     _fWaveI_V

0000c2c0     30b (0000c2c0)     _cos_tab

0000c340     30d (0000c340)     _V_FFT

0000c3c0     30f (0000c3c0)     _fWaveR

0000c440     311 (0000c440)     _DATA

0000c4c0     313 (0000c4c0)     _R_FFT

0000c540     315 (0000c540)     _w_R

0000c5c0     317 (0000c5c0)     _w

0000c640     319 (0000c640)     _w_V

0000c6c0     31b (0000c6c0)     _fWaveI

0000c740     31d (0000c740)     _INPUT

0000c7c0     31f (0000c7c0)     _DataTable

0000c9c0     327 (0000c9c0)     _SampleTable

0000cbc0     32f (0000cbc0)     _TimeStamp

0000cdc0     337 (0000cdc0)     _RRPM

0000d1c0     347 (0000d1c0)     _POINT_COLOR
0000d1c1     347 (0000d1c0)     _BACK_COLOR
0000d1c2     347 (0000d1c0)     _lcddev

0000d200     348 (0000d200)     _shaotianchupin

0000d400     350 (0000d400)     _CpuTimer1
0000d408     350 (0000d400)     _CpuTimer2
0000d410     350 (0000d400)     _CpuTimer0
0000d418     350 (0000d400)     _XLC
0000d419     350 (0000d400)     _YLC
0000d41a     350 (0000d400)     _CMD_RDY
0000d41b     350 (0000d400)     _CMD_RDX
0000d41c     350 (0000d400)     _lx
0000d41d     350 (0000d400)     _ly
0000d41e     350 (0000d400)     _coordinate
0000d420     350 (0000d400)     _KX
0000d422     350 (0000d400)     _KY
0000d424     350 (0000d400)     _y
0000d429     350 (0000d400)     _x
0000d42e     350 (0000d400)     __unlock
0000d430     350 (0000d400)     __lock
0000d432     350 (0000d400)     ___TI_cleanup_ptr
0000d434     350 (0000d400)     ___TI_dtors_ptr
0000d436     350 (0000d400)     _errno

00330000    cc00 (00330000)     _PieVectTableInit

0033fff8    cfff (0033ffc0)     _CsmPwl

00380090    e002 (00380080)     _PartIdRegs


GLOBAL SYMBOLS: SORTED ALPHABETICALLY BY Name 

page  address   name                 
----  -------   ----                 
0     00008800  .text                
0     000092c9  C$$EXIT              
0     00009033  FS$$DIV              
0     00008b0c  _ADCINT_ISR          
0     00009275  _ADC_INIT            
0     00380080  _ADC_cal             
1     00000b00  _AdcMirror           
1     00007100  _AdcRegs             
1     0000d1c1  _BACK_COLOR          
1     0000d41b  _CMD_RDX             
1     0000d41a  _CMD_RDY             
1     0000c004  _CTINITED            
1     0000c020  _Count               
1     0000d410  _CpuTimer0           
1     00000c00  _CpuTimer0Regs       
1     0000d400  _CpuTimer1           
1     00000c08  _CpuTimer1Regs       
1     0000d408  _CpuTimer2           
1     00000c10  _CpuTimer2Regs       
1     0033fff8  _CsmPwl              
1     00000ae0  _CsmRegs             
0     00008f3f  _CsmUnlock           
1     0000c440  _DATA                
0     00008b02  _DATALOG_ISR         
0     00008af8  _DINTCH1_ISR         
0     00008aee  _DINTCH2_ISR         
0     00008ae4  _DINTCH3_ISR         
0     00008ada  _DINTCH4_ISR         
0     00008ad0  _DINTCH5_ISR         
0     00008ac6  _DINTCH6_ISR         
0     000080d6  _DSP28x_usDelay      
1     0000c7c0  _DataTable           
1     00000880  _DevEmuRegs          
0     00008e7a  _DisableDog          
1     00001000  _DmaRegs             
0     00008abc  _ECAN0INTA_ISR       
0     00008ab2  _ECAN0INTB_ISR       
0     00008aa8  _ECAN1INTA_ISR       
0     00008a9e  _ECAN1INTB_ISR       
0     00008a94  _ECAP1_INT_ISR       
0     00008a8a  _ECAP2_INT_ISR       
0     00008a80  _ECAP3_INT_ISR       
0     00008a76  _ECAP4_INT_ISR       
0     00008a6c  _ECAP5_INT_ISR       
0     00008a62  _ECAP6_INT_ISR       
1     00006040  _ECanaLAMRegs        
1     000060c0  _ECanaMOTORegs       
1     00006080  _ECanaMOTSRegs       
1     00006100  _ECanaMboxes         
1     00006000  _ECanaRegs           
1     00006240  _ECanbLAMRegs        
1     000062c0  _ECanbMOTORegs       
1     00006280  _ECanbMOTSRegs       
1     00006300  _ECanbMboxes         
1     00006200  _ECanbRegs           
1     0000c012  _ECap1IntCount       
1     0000c016  _ECap1PassCount      
1     00006a00  _ECap1Regs           
1     00006a20  _ECap2Regs           
1     00006a40  _ECap3Regs           
1     00006a60  _ECap4Regs           
1     00006a80  _ECap5Regs           
1     00006aa0  _ECap6Regs           
0     00008a58  _EMUINT_ISR          
0     00008a4e  _EPWM1_INT_ISR       
0     00008a44  _EPWM1_TZINT_ISR     
0     00008a3a  _EPWM2_INT_ISR       
0     00008a30  _EPWM2_TZINT_ISR     
0     00008a26  _EPWM3_INT_ISR       
0     00008a1c  _EPWM3_TZINT_ISR     
0     00008a12  _EPWM4_INT_ISR       
0     00008a08  _EPWM4_TZINT_ISR     
0     000089fe  _EPWM5_INT_ISR       
0     000089f4  _EPWM5_TZINT_ISR     
0     000089ea  _EPWM6_INT_ISR       
0     000089e0  _EPWM6_TZINT_ISR     
1     00006800  _EPwm1Regs           
1     00006840  _EPwm2Regs           
1     00006880  _EPwm3Regs           
1     000068c0  _EPwm4Regs           
1     00006900  _EPwm5Regs           
1     00006940  _EPwm6Regs           
0     000089d6  _EQEP1_INT_ISR       
0     000089cc  _EQEP2_INT_ISR       
1     00006b00  _EQep1Regs           
1     00006b40  _EQep2Regs           
0     00009248  _EnableInterrupts    
0     00008b8d  _FFT                 
0     00008d51  _Fail                
1     00000a80  _FlashRegs           
1     00006f80  _GpioCtrlRegs        
1     00006fc0  _GpioDataRegs        
1     00006fe0  _GpioIntRegs         
0     000089c2  _I2CINT1A_ISR        
0     000089b8  _I2CINT2A_ISR        
1     00007900  _I2caRegs            
0     000089ae  _ILLEGAL_ISR         
1     0000c000  _INITIALIZED1        
1     0000c00d  _INITIALIZED2        
1     0000c00e  _INITIALIZED3        
1     0000c006  _INITIALIZED4        
1     0000c740  _INPUT               
0     000089a4  _INT13_ISR           
0     0000899a  _INT14_ISR           
0     00009295  _InitAdc             
0     00009129  _InitECap            
0     000090bb  _InitECap1Gpio       
0     000090ce  _InitECap2Gpio       
0     000090dc  _InitECap3Gpio       
0     000090ea  _InitECap4Gpio       
0     000090f8  _InitECap5Gpio       
0     0000910a  _InitECap6Gpio       
0     0000911c  _InitECapGpio        
0     00008b16  _InitECapture        
0     00008b49  _InitForFFT          
0     00008ed0  _InitPeripheralClocks
0     00009229  _InitPieCtrl         
0     000092f3  _InitPieVectTable    
0     00008e82  _InitPll             
0     00008f36  _InitSysCtrl         
0     00008e0b  _InitXintf           
0     00008d54  _InitXintf16Gpio     
0     00008dbb  _InitXintf32Gpio     
1     0000d420  _KX                  
1     0000d422  _KY                  
0     00008990  _LUF_ISR             
0     00008986  _LVF_ISR             
0     0000897c  _MRINTA_ISR          
0     00008972  _MRINTB_ISR          
0     00008968  _MXINTA_ISR          
0     0000895e  _MXINTB_ISR          
1     00005000  _McbspaRegs          
1     00005040  _McbspbRegs          
0     000092e2  _MemCopy             
0     00008954  _NMI_ISR             
0     0000894a  _PIE_RESERVED        
1     0000d1c0  _POINT_COLOR         
1     0000c008  _PRE_COUNT           
1     0000c005  _PTINITED            
1     00380090  _PartIdRegs          
1     00000ce0  _PieCtrlRegs         
1     00000d00  _PieVectTable        
0     00330000  _PieVectTableInit    
1     0000c007  _RPMINDEX            
1     0000cdc0  _RRPM                
0     00008940  _RTOSINT_ISR         
1     0000c01a  _R_CRPM              
1     0000c018  _R_CT                
1     0000c4c0  _R_FFT               
1     0000c01e  _R_PT                
0     00320004  _RamfuncsLoadEnd     
0     00320000  _RamfuncsLoadStart   
0     000080d6  _RamfuncsRunStart    
0     00008936  _SCIRXINTA_ISR       
0     0000892c  _SCIRXINTB_ISR       
0     00008922  _SCIRXINTC_ISR       
0     00008918  _SCITXINTA_ISR       
0     0000890e  _SCITXINTB_ISR       
0     00008904  _SCITXINTC_ISR       
0     000088fa  _SEQ1INT_ISR         
0     000088f0  _SEQ2INT_ISR         
0     000088e6  _SPIRXINTA_ISR       
0     000088dc  _SPITXINTA_ISR       
1     0000c9c0  _SampleTable         
1     00007050  _SciaRegs            
1     00007750  _ScibRegs            
1     00007770  _ScicRegs            
0     00008e70  _ServiceDog          
1     00007040  _SpiaRegs            
1     00007010  _SysCtrlRegs         
0     000088d2  _TINT0_ISR           
1     0000cbc0  _TimeStamp           
0     000088c8  _USER10_ISR          
0     000088be  _USER11_ISR          
0     000088b4  _USER12_ISR          
0     000088aa  _USER1_ISR           
0     000088a0  _USER2_ISR           
0     00008896  _USER3_ISR           
0     0000888c  _USER4_ISR           
0     00008882  _USER5_ISR           
0     00008878  _USER6_ISR           
0     0000886e  _USER7_ISR           
0     00008864  _USER8_ISR           
0     0000885a  _USER9_ISR           
1     0000c340  _V_FFT               
0     00008850  _WAKEINT_ISR         
0     00008846  _XINT1_ISR           
0     0000883c  _XINT2_ISR           
0     00008832  _XINT3_ISR           
0     00008828  _XINT4_ISR           
0     0000881e  _XINT5_ISR           
0     00008814  _XINT6_ISR           
0     0000880a  _XINT7_ISR           
1     00007070  _XIntruptRegs        
1     0000d418  _XLC                 
1     00000b20  _XintfRegs           
1     0000d419  _YLC                 
1     00000700  __STACK_END          
abs   00000300  __STACK_SIZE         
abs   00000001  __TI_args_main       
1     0000d432  ___TI_cleanup_ptr    
1     0000d434  ___TI_dtors_ptr      
abs   ffffffff  ___TI_pprof_out_hndl 
abs   ffffffff  ___TI_prof_data_size 
abs   ffffffff  ___TI_prof_data_start
abs   ffffffff  ___binit__           
abs   ffffffff  ___c_args__          
0     00008000  ___cinit__           
0     00009315  ___etext__           
abs   ffffffff  ___pinit__           
0     00008800  ___text__            
0     000092b0  __args_main          
1     0000d430  __lock               
0     0000930c  __nop                
0     00009308  __register_lock      
0     00009304  __register_unlock    
1     00000400  __stack              
1     0000d42e  __unlock             
0     000092c9  _abort               
1     0000c00a  _adc_index           
1     0000c00f  _array_index         
1     0000c009  _av                  
0     000091e3  _c_int00             
1     0000d41e  _coordinate          
0     0000912a  _cos                 
1     0000c2c0  _cos_tab             
1     0000c00b  _count               
1     0000c002  _counti              
1     0000c003  _countindex          
0     00008f6d  _ecap1_isr           
1     0000d436  _errno               
0     000092cb  _exit                
1     0000c6c0  _fWaveI              
1     0000c040  _fWaveI_R            
1     0000c240  _fWaveI_V            
1     0000c3c0  _fWaveR              
1     0000c0c0  _fWaveR_R            
1     0000c140  _fWaveR_V            
1     0000c00c  _flag                
1     0000c001  _j                   
1     0000d1c2  _lcddev              
1     0000d41c  _lx                  
1     0000d41d  _ly                  
0     00008c59  _main                
1     0000c01c  _ntmp                
0     00008800  _rsvd_ISR            
1     0000d200  _shaotianchupin      
0     0000918b  _sin                 
1     0000c1c0  _sin_tab             
0     00009252  _sqrt                
1     0000c010  _timer_index         
1     0000c014  _tmp                 
1     0000c5c0  _w                   
1     0000c540  _w_R                 
1     0000c640  _w_V                 
1     0000d429  _x                   
1     0000d424  _y                   
abs   ffffffff  binit                
0     00008000  cinit                
0     00000000  code_start           
0     00009315  etext                
abs   ffffffff  pinit                


GLOBAL SYMBOLS: SORTED BY Symbol Address 

page  address   name                 
----  -------   ----                 
0     00000000  code_start           
0     00008000  ___cinit__           
0     00008000  cinit                
0     000080d6  _DSP28x_usDelay      
0     000080d6  _RamfuncsRunStart    
0     00008800  .text                
0     00008800  ___text__            
0     00008800  _rsvd_ISR            
0     0000880a  _XINT7_ISR           
0     00008814  _XINT6_ISR           
0     0000881e  _XINT5_ISR           
0     00008828  _XINT4_ISR           
0     00008832  _XINT3_ISR           
0     0000883c  _XINT2_ISR           
0     00008846  _XINT1_ISR           
0     00008850  _WAKEINT_ISR         
0     0000885a  _USER9_ISR           
0     00008864  _USER8_ISR           
0     0000886e  _USER7_ISR           
0     00008878  _USER6_ISR           
0     00008882  _USER5_ISR           
0     0000888c  _USER4_ISR           
0     00008896  _USER3_ISR           
0     000088a0  _USER2_ISR           
0     000088aa  _USER1_ISR           
0     000088b4  _USER12_ISR          
0     000088be  _USER11_ISR          
0     000088c8  _USER10_ISR          
0     000088d2  _TINT0_ISR           
0     000088dc  _SPITXINTA_ISR       
0     000088e6  _SPIRXINTA_ISR       
0     000088f0  _SEQ2INT_ISR         
0     000088fa  _SEQ1INT_ISR         
0     00008904  _SCITXINTC_ISR       
0     0000890e  _SCITXINTB_ISR       
0     00008918  _SCITXINTA_ISR       
0     00008922  _SCIRXINTC_ISR       
0     0000892c  _SCIRXINTB_ISR       
0     00008936  _SCIRXINTA_ISR       
0     00008940  _RTOSINT_ISR         
0     0000894a  _PIE_RESERVED        
0     00008954  _NMI_ISR             
0     0000895e  _MXINTB_ISR          
0     00008968  _MXINTA_ISR          
0     00008972  _MRINTB_ISR          
0     0000897c  _MRINTA_ISR          
0     00008986  _LVF_ISR             
0     00008990  _LUF_ISR             
0     0000899a  _INT14_ISR           
0     000089a4  _INT13_ISR           
0     000089ae  _ILLEGAL_ISR         
0     000089b8  _I2CINT2A_ISR        
0     000089c2  _I2CINT1A_ISR        
0     000089cc  _EQEP2_INT_ISR       
0     000089d6  _EQEP1_INT_ISR       
0     000089e0  _EPWM6_TZINT_ISR     
0     000089ea  _EPWM6_INT_ISR       
0     000089f4  _EPWM5_TZINT_ISR     
0     000089fe  _EPWM5_INT_ISR       
0     00008a08  _EPWM4_TZINT_ISR     
0     00008a12  _EPWM4_INT_ISR       
0     00008a1c  _EPWM3_TZINT_ISR     
0     00008a26  _EPWM3_INT_ISR       
0     00008a30  _EPWM2_TZINT_ISR     
0     00008a3a  _EPWM2_INT_ISR       
0     00008a44  _EPWM1_TZINT_ISR     
0     00008a4e  _EPWM1_INT_ISR       
0     00008a58  _EMUINT_ISR          
0     00008a62  _ECAP6_INT_ISR       
0     00008a6c  _ECAP5_INT_ISR       
0     00008a76  _ECAP4_INT_ISR       
0     00008a80  _ECAP3_INT_ISR       
0     00008a8a  _ECAP2_INT_ISR       
0     00008a94  _ECAP1_INT_ISR       
0     00008a9e  _ECAN1INTB_ISR       
0     00008aa8  _ECAN1INTA_ISR       
0     00008ab2  _ECAN0INTB_ISR       
0     00008abc  _ECAN0INTA_ISR       
0     00008ac6  _DINTCH6_ISR         
0     00008ad0  _DINTCH5_ISR         
0     00008ada  _DINTCH4_ISR         
0     00008ae4  _DINTCH3_ISR         
0     00008aee  _DINTCH2_ISR         
0     00008af8  _DINTCH1_ISR         
0     00008b02  _DATALOG_ISR         
0     00008b0c  _ADCINT_ISR          
0     00008b16  _InitECapture        
0     00008b49  _InitForFFT          
0     00008b8d  _FFT                 
0     00008c59  _main                
0     00008d51  _Fail                
0     00008d54  _InitXintf16Gpio     
0     00008dbb  _InitXintf32Gpio     
0     00008e0b  _InitXintf           
0     00008e70  _ServiceDog          
0     00008e7a  _DisableDog          
0     00008e82  _InitPll             
0     00008ed0  _InitPeripheralClocks
0     00008f36  _InitSysCtrl         
0     00008f3f  _CsmUnlock           
0     00008f6d  _ecap1_isr           
0     00009033  FS$$DIV              
0     000090bb  _InitECap1Gpio       
0     000090ce  _InitECap2Gpio       
0     000090dc  _InitECap3Gpio       
0     000090ea  _InitECap4Gpio       
0     000090f8  _InitECap5Gpio       
0     0000910a  _InitECap6Gpio       
0     0000911c  _InitECapGpio        
0     00009129  _InitECap            
0     0000912a  _cos                 
0     0000918b  _sin                 
0     000091e3  _c_int00             
0     00009229  _InitPieCtrl         
0     00009248  _EnableInterrupts    
0     00009252  _sqrt                
0     00009275  _ADC_INIT            
0     00009295  _InitAdc             
0     000092b0  __args_main          
0     000092c9  C$$EXIT              
0     000092c9  _abort               
0     000092cb  _exit                
0     000092e2  _MemCopy             
0     000092f3  _InitPieVectTable    
0     00009304  __register_unlock    
0     00009308  __register_lock      
0     0000930c  __nop                
0     00009315  ___etext__           
0     00009315  etext                
0     00320000  _RamfuncsLoadStart   
0     00320004  _RamfuncsLoadEnd     
0     00330000  _PieVectTableInit    
0     00380080  _ADC_cal             
1     00000400  __stack              
1     00000700  __STACK_END          
1     00000880  _DevEmuRegs          
1     00000a80  _FlashRegs           
1     00000ae0  _CsmRegs             
1     00000b00  _AdcMirror           
1     00000b20  _XintfRegs           
1     00000c00  _CpuTimer0Regs       
1     00000c08  _CpuTimer1Regs       
1     00000c10  _CpuTimer2Regs       
1     00000ce0  _PieCtrlRegs         
1     00000d00  _PieVectTable        
1     00001000  _DmaRegs             
1     00005000  _McbspaRegs          
1     00005040  _McbspbRegs          
1     00006000  _ECanaRegs           
1     00006040  _ECanaLAMRegs        
1     00006080  _ECanaMOTSRegs       
1     000060c0  _ECanaMOTORegs       
1     00006100  _ECanaMboxes         
1     00006200  _ECanbRegs           
1     00006240  _ECanbLAMRegs        
1     00006280  _ECanbMOTSRegs       
1     000062c0  _ECanbMOTORegs       
1     00006300  _ECanbMboxes         
1     00006800  _EPwm1Regs           
1     00006840  _EPwm2Regs           
1     00006880  _EPwm3Regs           
1     000068c0  _EPwm4Regs           
1     00006900  _EPwm5Regs           
1     00006940  _EPwm6Regs           
1     00006a00  _ECap1Regs           
1     00006a20  _ECap2Regs           
1     00006a40  _ECap3Regs           
1     00006a60  _ECap4Regs           
1     00006a80  _ECap5Regs           
1     00006aa0  _ECap6Regs           
1     00006b00  _EQep1Regs           
1     00006b40  _EQep2Regs           
1     00006f80  _GpioCtrlRegs        
1     00006fc0  _GpioDataRegs        
1     00006fe0  _GpioIntRegs         
1     00007010  _SysCtrlRegs         
1     00007040  _SpiaRegs            
1     00007050  _SciaRegs            
1     00007070  _XIntruptRegs        
1     00007100  _AdcRegs             
1     00007750  _ScibRegs            
1     00007770  _ScicRegs            
1     00007900  _I2caRegs            
1     0000c000  _INITIALIZED1        
1     0000c001  _j                   
1     0000c002  _counti              
1     0000c003  _countindex          
1     0000c004  _CTINITED            
1     0000c005  _PTINITED            
1     0000c006  _INITIALIZED4        
1     0000c007  _RPMINDEX            
1     0000c008  _PRE_COUNT           
1     0000c009  _av                  
1     0000c00a  _adc_index           
1     0000c00b  _count               
1     0000c00c  _flag                
1     0000c00d  _INITIALIZED2        
1     0000c00e  _INITIALIZED3        
1     0000c00f  _array_index         
1     0000c010  _timer_index         
1     0000c012  _ECap1IntCount       
1     0000c014  _tmp                 
1     0000c016  _ECap1PassCount      
1     0000c018  _R_CT                
1     0000c01a  _R_CRPM              
1     0000c01c  _ntmp                
1     0000c01e  _R_PT                
1     0000c020  _Count               
1     0000c040  _fWaveI_R            
1     0000c0c0  _fWaveR_R            
1     0000c140  _fWaveR_V            
1     0000c1c0  _sin_tab             
1     0000c240  _fWaveI_V            
1     0000c2c0  _cos_tab             
1     0000c340  _V_FFT               
1     0000c3c0  _fWaveR              
1     0000c440  _DATA                
1     0000c4c0  _R_FFT               
1     0000c540  _w_R                 
1     0000c5c0  _w                   
1     0000c640  _w_V                 
1     0000c6c0  _fWaveI              
1     0000c740  _INPUT               
1     0000c7c0  _DataTable           
1     0000c9c0  _SampleTable         
1     0000cbc0  _TimeStamp           
1     0000cdc0  _RRPM                
1     0000d1c0  _POINT_COLOR         
1     0000d1c1  _BACK_COLOR          
1     0000d1c2  _lcddev              
1     0000d200  _shaotianchupin      
1     0000d400  _CpuTimer1           
1     0000d408  _CpuTimer2           
1     0000d410  _CpuTimer0           
1     0000d418  _XLC                 
1     0000d419  _YLC                 
1     0000d41a  _CMD_RDY             
1     0000d41b  _CMD_RDX             
1     0000d41c  _lx                  
1     0000d41d  _ly                  
1     0000d41e  _coordinate          
1     0000d420  _KX                  
1     0000d422  _KY                  
1     0000d424  _y                   
1     0000d429  _x                   
1     0000d42e  __unlock             
1     0000d430  __lock               
1     0000d432  ___TI_cleanup_ptr    
1     0000d434  ___TI_dtors_ptr      
1     0000d436  _errno               
1     0033fff8  _CsmPwl              
1     00380090  _PartIdRegs          
abs   00000001  __TI_args_main       
abs   00000300  __STACK_SIZE         
abs   ffffffff  ___TI_pprof_out_hndl 
abs   ffffffff  ___TI_prof_data_size 
abs   ffffffff  ___TI_prof_data_start
abs   ffffffff  ___binit__           
abs   ffffffff  ___c_args__          
abs   ffffffff  ___pinit__           
abs   ffffffff  binit                
abs   ffffffff  pinit                

[262 symbols]
