******************************************************************************
             TMS320C2000 Linker PC v15.12.1                    
******************************************************************************
>> Linked Tue Jun 05 16:16:50 2018

OUTPUT FILE NAME:   <Copy of STMOSPEXTIMERADCCATMER.out>
ENTRY POINT SYMBOL: "_c_int00"  address: 00009608


MEMORY CONFIGURATION

         name            origin    length      used     unused   attr    fill
----------------------  --------  ---------  --------  --------  ----  --------
PAGE 0:
  BEGIN                 00000000   00000002  00000002  00000000  RWIX
  RAMM0                 00000050   000003b0  00000000  000003b0  RWIX
  RAML0                 00008000   00000800  000002b2  0000054e  RWIX
  RAML1                 00008800   00001800  00000f74  0000088c  RWIX
  RAML2                 0000a000   00000800  00000000  00000800  RWIX
  RAML3                 0000a800   00001000  00000000  00001000  RWIX
  ZONE7A                00200000   0000fc00  00000000  0000fc00  RWIX
  FLASHD                00320000   00008000  00000004  00007ffc  RWIX
  FLASHA                00330000   0000ff80  00000000  0000ff80  RWIX
  CSM_RSVD              0033ff80   00000076  00000000  00000076  RWIX
  CSM_PWL               0033fff8   00000008  00000000  00000008  RWIX
  ADC_CAL               00380080   00000009  00000007  00000002  RWIX
  IQTABLES              003fe000   00000b50  00000000  00000b50  RWIX
  IQTABLES2             003feb50   0000008c  00000000  0000008c  RWIX
  FPUTABLES             003febdc   000006a0  00000000  000006a0  RWIX
  BOOTROM               003ff27c   00000d44  00000000  00000d44  RWIX
  RESET                 003fffc0   00000002  00000000  00000002  RWIX

PAGE 1:
  BOOT_RSVD             00000002   0000004e  00000000  0000004e  RWIX
  RAMM1                 00000400   00000400  00000300  00000100  RWIX
  DEV_EMU               00000880   00000180  000000d0  000000b0  RWIX
  FLASH_REGS            00000a80   00000060  00000008  00000058  RWIX
  CSM                   00000ae0   00000010  00000010  00000000  RWIX
  ADC_MIRROR            00000b00   00000010  00000010  00000000  RWIX
  XINTF                 00000b20   00000020  0000001e  00000002  RWIX
  CPU_TIMER0            00000c00   00000008  00000008  00000000  RWIX
  CPU_TIMER1            00000c08   00000008  00000008  00000000  RWIX
  CPU_TIMER2            00000c10   00000008  00000008  00000000  RWIX
  PIE_CTRL              00000ce0   00000020  0000001a  00000006  RWIX
  PIE_VECT              00000d00   00000100  00000100  00000000  RWIX
  DMA                   00001000   00000200  000000e0  00000120  RWIX
  MCBSPA                00005000   00000040  00000025  0000001b  RWIX
  MCBSPB                00005040   00000040  00000025  0000001b  RWIX
  ECANA                 00006000   00000040  00000034  0000000c  RWIX
  ECANA_LAM             00006040   00000040  00000040  00000000  RWIX
  ECANA_MOTS            00006080   00000040  00000040  00000000  RWIX
  ECANA_MOTO            000060c0   00000040  00000040  00000000  RWIX
  ECANA_MBOX            00006100   00000100  00000100  00000000  RWIX
  ECANB                 00006200   00000040  00000034  0000000c  RWIX
  ECANB_LAM             00006240   00000040  00000040  00000000  RWIX
  ECANB_MOTS            00006280   00000040  00000040  00000000  RWIX
  ECANB_MOTO            000062c0   00000040  00000040  00000000  RWIX
  ECANB_MBOX            00006300   00000100  00000100  00000000  RWIX
  EPWM1                 00006800   00000022  00000022  00000000  RWIX
  EPWM2                 00006840   00000022  00000022  00000000  RWIX
  EPWM3                 00006880   00000022  00000022  00000000  RWIX
  EPWM4                 000068c0   00000022  00000022  00000000  RWIX
  EPWM5                 00006900   00000022  00000022  00000000  RWIX
  EPWM6                 00006940   00000022  00000022  00000000  RWIX
  ECAP1                 00006a00   00000020  00000020  00000000  RWIX
  ECAP2                 00006a20   00000020  00000020  00000000  RWIX
  ECAP3                 00006a40   00000020  00000020  00000000  RWIX
  ECAP4                 00006a60   00000020  00000020  00000000  RWIX
  ECAP5                 00006a80   00000020  00000020  00000000  RWIX
  ECAP6                 00006aa0   00000020  00000020  00000000  RWIX
  EQEP1                 00006b00   00000040  00000040  00000000  RWIX
  EQEP2                 00006b40   00000040  00000040  00000000  RWIX
  GPIOCTRL              00006f80   00000040  0000002e  00000012  RWIX
  GPIODAT               00006fc0   00000020  00000020  00000000  RWIX
  GPIOINT               00006fe0   00000020  0000000a  00000016  RWIX
  SYSTEM                00007010   00000020  00000020  00000000  RWIX
  SPIA                  00007040   00000010  00000010  00000000  RWIX
  SCIA                  00007050   00000010  00000010  00000000  RWIX
  XINTRUPT              00007070   00000010  00000010  00000000  RWIX
  ADC                   00007100   00000020  0000001e  00000002  RWIX
  SCIB                  00007750   00000010  00000010  00000000  RWIX
  SCIC                  00007770   00000010  00000010  00000000  RWIX
  I2CA                  00007900   00000040  00000022  0000001e  RWIX
  RAML4                 0000b800   00002300  00000136  000021ca  RWIX
  RAML5                 0000db00   00002000  00001484  00000b7c  RWIX
  RAML6                 0000fb00   00000200  00000000  00000200  RWIX
  RAML7                 0000fd00   00000200  00000000  00000200  RWIX
  ZONE7B                0020ff00   00000200  00000000  00000200  RWIX
  CSM_PWL               0033fff8   00000008  00000008  00000000  RWIX
  PARTID                00380090   00000001  00000001  00000000  RWIX


SECTION ALLOCATION MAP

 output                                  attributes/
section   page    origin      length       input sections
--------  ----  ----------  ----------   ----------------
codestart 
*          0    00000000    00000002     
                  00000000    00000002     DSP2833x_CodeStartBranch.obj (codestart)

.cinit     0    00008000    000002b2     
                  00008000    0000020b     TFT.obj (.cinit)
                  0000820b    00000075     Example_2833xCpuTimer.obj (.cinit)
                  00008280    00000018     touch.obj (.cinit)
                  00008298    0000000a     rts2800_fpu32.lib : _lock.obj (.cinit)
                  000082a2    0000000a                       : exit.obj (.cinit)
                  000082ac    00000004                       : errno.obj (.cinit)
                  000082b0    00000002     --HOLE-- [fill = 0]

.text      0    00008800    00000f70     
                  00008800    0000039d     Example_2833xCpuTimer.obj (.text)
                  00008b9d    00000316     DSP2833x_DefaultIsr.obj (.text:retain)
                  00008eb3    00000213     Example_2833xCpuTimer.obj (.text:retain)
                  000090c6    00000145     DSP2833x_EPWMUPAQCONFIG.obj (.text)
                  0000920b    000000f8     DSP2833x_SysCtrl.obj (.text)
                  00009303    000000c8     DSP2833x_EPwm.obj (.text)
                  000093cb    000000a0     DSP2833x_CpuTimers.obj (.text)
                  0000946b    00000088     rts2800_fpu32.lib : fs_div.obj (.text)
                  000094f3    00000061                       : cos.obj (.text)
                  00009554    0000005c     DSP2833x_ECap.obj (.text)
                  000095b0    00000058     rts2800_fpu32.lib : sin.obj (.text)
                  00009608    00000046                       : boot.obj (.text)
                  0000964e    00000028     DSP2833x_PieCtrl.obj (.text)
                  00009676    00000026     DSP2833x_Adc.obj (.text)
                  0000969c    00000023     rts2800_fpu32.lib : sqrt.obj (.text)
                  000096bf    00000022                       : i_div.obj (.text)
                  000096e1    00000020     DSP2833x_PieVect.obj (.text)
                  00009701    00000019     ADC_INIT.obj (.text)
                  0000971a    00000019     rts2800_fpu32.lib : args_main.obj (.text)
                  00009733    00000019                       : exit.obj (.text)
                  0000974c    00000013     DSP2833x_MemCopy.obj (.text)
                  0000975f    00000009     rts2800_fpu32.lib : _lock.obj (.text)
                  00009768    00000008     DSP2833x_CodeStartBranch.obj (.text)

ramfuncs   0    00320000    00000004     RUN ADDR = 00009770
                  00320000    00000004     DSP2833x_usDelay.obj (ramfuncs)

.adc_cal   0    00380080    00000007     NOLOAD SECTION
                  00380080    00000007     DSP2833x_ADC_cal.obj (.adc_cal)

.stack     1    00000400    00000300     UNINITIALIZED
                  00000400    00000300     --HOLE--

DevEmuRegsFile 
*          1    00000880    000000d0     UNINITIALIZED
                  00000880    000000d0     DSP2833x_GlobalVariableDefs.obj (DevEmuRegsFile)

FlashRegsFile 
*          1    00000a80    00000008     UNINITIALIZED
                  00000a80    00000008     DSP2833x_GlobalVariableDefs.obj (FlashRegsFile)

CsmRegsFile 
*          1    00000ae0    00000010     UNINITIALIZED
                  00000ae0    00000010     DSP2833x_GlobalVariableDefs.obj (CsmRegsFile)

AdcMirrorFile 
*          1    00000b00    00000010     UNINITIALIZED
                  00000b00    00000010     DSP2833x_GlobalVariableDefs.obj (AdcMirrorFile)

XintfRegsFile 
*          1    00000b20    0000001e     UNINITIALIZED
                  00000b20    0000001e     DSP2833x_GlobalVariableDefs.obj (XintfRegsFile)

CpuTimer0RegsFile 
*          1    00000c00    00000008     UNINITIALIZED
                  00000c00    00000008     DSP2833x_GlobalVariableDefs.obj (CpuTimer0RegsFile)

CpuTimer1RegsFile 
*          1    00000c08    00000008     UNINITIALIZED
                  00000c08    00000008     DSP2833x_GlobalVariableDefs.obj (CpuTimer1RegsFile)

CpuTimer2RegsFile 
*          1    00000c10    00000008     UNINITIALIZED
                  00000c10    00000008     DSP2833x_GlobalVariableDefs.obj (CpuTimer2RegsFile)

PieCtrlRegsFile 
*          1    00000ce0    0000001a     UNINITIALIZED
                  00000ce0    0000001a     DSP2833x_GlobalVariableDefs.obj (PieCtrlRegsFile)

PieVectTableFile 
*          1    00000d00    00000100     UNINITIALIZED
                  00000d00    00000100     DSP2833x_GlobalVariableDefs.obj (PieVectTableFile)

DmaRegsFile 
*          1    00001000    000000e0     UNINITIALIZED
                  00001000    000000e0     DSP2833x_GlobalVariableDefs.obj (DmaRegsFile)

McbspaRegsFile 
*          1    00005000    00000025     UNINITIALIZED
                  00005000    00000025     DSP2833x_GlobalVariableDefs.obj (McbspaRegsFile)

McbspbRegsFile 
*          1    00005040    00000025     UNINITIALIZED
                  00005040    00000025     DSP2833x_GlobalVariableDefs.obj (McbspbRegsFile)

ECanaRegsFile 
*          1    00006000    00000034     UNINITIALIZED
                  00006000    00000034     DSP2833x_GlobalVariableDefs.obj (ECanaRegsFile)

ECanaLAMRegsFile 
*          1    00006040    00000040     UNINITIALIZED
                  00006040    00000040     DSP2833x_GlobalVariableDefs.obj (ECanaLAMRegsFile)

ECanaMOTSRegsFile 
*          1    00006080    00000040     UNINITIALIZED
                  00006080    00000040     DSP2833x_GlobalVariableDefs.obj (ECanaMOTSRegsFile)

ECanaMOTORegsFile 
*          1    000060c0    00000040     UNINITIALIZED
                  000060c0    00000040     DSP2833x_GlobalVariableDefs.obj (ECanaMOTORegsFile)

ECanaMboxesFile 
*          1    00006100    00000100     UNINITIALIZED
                  00006100    00000100     DSP2833x_GlobalVariableDefs.obj (ECanaMboxesFile)

ECanbRegsFile 
*          1    00006200    00000034     UNINITIALIZED
                  00006200    00000034     DSP2833x_GlobalVariableDefs.obj (ECanbRegsFile)

ECanbLAMRegsFile 
*          1    00006240    00000040     UNINITIALIZED
                  00006240    00000040     DSP2833x_GlobalVariableDefs.obj (ECanbLAMRegsFile)

ECanbMOTSRegsFile 
*          1    00006280    00000040     UNINITIALIZED
                  00006280    00000040     DSP2833x_GlobalVariableDefs.obj (ECanbMOTSRegsFile)

ECanbMOTORegsFile 
*          1    000062c0    00000040     UNINITIALIZED
                  000062c0    00000040     DSP2833x_GlobalVariableDefs.obj (ECanbMOTORegsFile)

ECanbMboxesFile 
*          1    00006300    00000100     UNINITIALIZED
                  00006300    00000100     DSP2833x_GlobalVariableDefs.obj (ECanbMboxesFile)

EPwm1RegsFile 
*          1    00006800    00000022     UNINITIALIZED
                  00006800    00000022     DSP2833x_GlobalVariableDefs.obj (EPwm1RegsFile)

EPwm2RegsFile 
*          1    00006840    00000022     UNINITIALIZED
                  00006840    00000022     DSP2833x_GlobalVariableDefs.obj (EPwm2RegsFile)

EPwm3RegsFile 
*          1    00006880    00000022     UNINITIALIZED
                  00006880    00000022     DSP2833x_GlobalVariableDefs.obj (EPwm3RegsFile)

EPwm4RegsFile 
*          1    000068c0    00000022     UNINITIALIZED
                  000068c0    00000022     DSP2833x_GlobalVariableDefs.obj (EPwm4RegsFile)

EPwm5RegsFile 
*          1    00006900    00000022     UNINITIALIZED
                  00006900    00000022     DSP2833x_GlobalVariableDefs.obj (EPwm5RegsFile)

EPwm6RegsFile 
*          1    00006940    00000022     UNINITIALIZED
                  00006940    00000022     DSP2833x_GlobalVariableDefs.obj (EPwm6RegsFile)

ECap1RegsFile 
*          1    00006a00    00000020     UNINITIALIZED
                  00006a00    00000020     DSP2833x_GlobalVariableDefs.obj (ECap1RegsFile)

ECap2RegsFile 
*          1    00006a20    00000020     UNINITIALIZED
                  00006a20    00000020     DSP2833x_GlobalVariableDefs.obj (ECap2RegsFile)

ECap3RegsFile 
*          1    00006a40    00000020     UNINITIALIZED
                  00006a40    00000020     DSP2833x_GlobalVariableDefs.obj (ECap3RegsFile)

ECap4RegsFile 
*          1    00006a60    00000020     UNINITIALIZED
                  00006a60    00000020     DSP2833x_GlobalVariableDefs.obj (ECap4RegsFile)

ECap5RegsFile 
*          1    00006a80    00000020     UNINITIALIZED
                  00006a80    00000020     DSP2833x_GlobalVariableDefs.obj (ECap5RegsFile)

ECap6RegsFile 
*          1    00006aa0    00000020     UNINITIALIZED
                  00006aa0    00000020     DSP2833x_GlobalVariableDefs.obj (ECap6RegsFile)

EQep1RegsFile 
*          1    00006b00    00000040     UNINITIALIZED
                  00006b00    00000040     DSP2833x_GlobalVariableDefs.obj (EQep1RegsFile)

EQep2RegsFile 
*          1    00006b40    00000040     UNINITIALIZED
                  00006b40    00000040     DSP2833x_GlobalVariableDefs.obj (EQep2RegsFile)

GpioCtrlRegsFile 
*          1    00006f80    0000002e     UNINITIALIZED
                  00006f80    0000002e     DSP2833x_GlobalVariableDefs.obj (GpioCtrlRegsFile)

GpioDataRegsFile 
*          1    00006fc0    00000020     UNINITIALIZED
                  00006fc0    00000020     DSP2833x_GlobalVariableDefs.obj (GpioDataRegsFile)

GpioIntRegsFile 
*          1    00006fe0    0000000a     UNINITIALIZED
                  00006fe0    0000000a     DSP2833x_GlobalVariableDefs.obj (GpioIntRegsFile)

SysCtrlRegsFile 
*          1    00007010    00000020     UNINITIALIZED
                  00007010    00000020     DSP2833x_GlobalVariableDefs.obj (SysCtrlRegsFile)

SpiaRegsFile 
*          1    00007040    00000010     UNINITIALIZED
                  00007040    00000010     DSP2833x_GlobalVariableDefs.obj (SpiaRegsFile)

SciaRegsFile 
*          1    00007050    00000010     UNINITIALIZED
                  00007050    00000010     DSP2833x_GlobalVariableDefs.obj (SciaRegsFile)

XIntruptRegsFile 
*          1    00007070    00000010     UNINITIALIZED
                  00007070    00000010     DSP2833x_GlobalVariableDefs.obj (XIntruptRegsFile)

AdcRegsFile 
*          1    00007100    0000001e     UNINITIALIZED
                  00007100    0000001e     DSP2833x_GlobalVariableDefs.obj (AdcRegsFile)

ScibRegsFile 
*          1    00007750    00000010     UNINITIALIZED
                  00007750    00000010     DSP2833x_GlobalVariableDefs.obj (ScibRegsFile)

ScicRegsFile 
*          1    00007770    00000010     UNINITIALIZED
                  00007770    00000010     DSP2833x_GlobalVariableDefs.obj (ScicRegsFile)

I2caRegsFile 
*          1    00007900    00000022     UNINITIALIZED
                  00007900    00000022     DSP2833x_GlobalVariableDefs.obj (I2caRegsFile)

.econst    1    0000b800    00000136     
                  0000b800    00000100     DSP2833x_PieVect.obj (.econst:_PieVectTableInit)
                  0000b900    00000036     touch.obj (.econst:.string)

.ebss      1    0000db00    00001484     UNINITIALIZED
                  0000db00    00001200     Example_2833xCpuTimer.obj (.ebss)
                  0000ed00    00000240     TFT.obj (.ebss)
                  0000ef40    00000018     DSP2833x_CpuTimers.obj (.ebss)
                  0000ef58    00000016     touch.obj (.ebss)
                  0000ef6e    0000000c     Uint162STR.obj (.ebss)
                  0000ef7a    00000004     rts2800_fpu32.lib : _lock.obj (.ebss)
                  0000ef7e    00000001                       : errno.obj (.ebss)
                  0000ef7f    00000001     --HOLE--
                  0000ef80    00000004                       : exit.obj (.ebss)

CsmPwlFile 
*          1    0033fff8    00000008     UNINITIALIZED
                  0033fff8    00000008     DSP2833x_GlobalVariableDefs.obj (CsmPwlFile)

PartIdRegsFile 
*          1    00380090    00000001     UNINITIALIZED
                  00380090    00000001     DSP2833x_GlobalVariableDefs.obj (PartIdRegsFile)

.pinit     0    00008000    00000000     UNINITIALIZED

.reset     0    003fffc0    00000002     DSECT
                  003fffc0    00000002     rts2800_fpu32.lib : boot.obj (.reset)

csm_rsvd   0    0033ff80    00000076     DSECT
                  0033ff80    00000076     DSP2833x_CSMPasswords.obj (csm_rsvd)

csmpasswds 
*          0    0033fff8    00000008     DSECT
                  0033fff8    00000008     DSP2833x_CSMPasswords.obj (csmpasswds)

MODULE SUMMARY

       Module                            code   ro data   rw data
       ------                            ----   -------   -------
    .\hardware\
       TFT.obj                           0      0         1099   
       touch.obj                         0      0         100    
    +--+---------------------------------+------+---------+---------+
       Total:                            0      0         1199   
                                                                 
    .\source\
       Example_2833xCpuTimer.obj         1456   0         4725   
       DSP2833x_GlobalVariableDefs.obj   0      0         2679   
       DSP2833x_DefaultIsr.obj           790    0         0      
       DSP2833x_EPWMUPAQCONFIG.obj       325    0         0      
       DSP2833x_PieVect.obj              32     0         256    
       DSP2833x_SysCtrl.obj              248    0         0      
       DSP2833x_EPwm.obj                 200    0         0      
       DSP2833x_CpuTimers.obj            160    0         24     
       DSP2833x_ECap.obj                 92     0         0      
       DSP2833x_PieCtrl.obj              40     0         0      
       DSP2833x_Adc.obj                  38     0         0      
       ADC_INIT.obj                      25     0         0      
       DSP2833x_MemCopy.obj              19     0         0      
       Uint162STR.obj                    0      0         12     
       DSP2833x_CodeStartBranch.obj      10     0         0      
       DSP2833x_usDelay.obj              8      0         0      
       DSP2833x_ADC_cal.obj              7      0         0      
    +--+---------------------------------+------+---------+---------+
       Total:                            3450   0         7696   
                                                                 
    ../lib/rts2800_fpu32.lib
       fs_div.obj                        136    0         0      
       cos.obj                           97     0         0      
       sin.obj                           88     0         0      
       boot.obj                          70     0         0      
       exit.obj                          25     0         14     
       sqrt.obj                          35     0         0      
       i_div.obj                         34     0         0      
       args_main.obj                     25     0         0      
       _lock.obj                         9      0         14     
       errno.obj                         0      0         5      
    +--+---------------------------------+------+---------+---------+
       Total:                            519    0         33     
                                                                 
       Stack:                            0      0         768    
    +--+---------------------------------+------+---------+---------+
       Grand Total:                      3969   0         9696   


GLOBAL DATA SYMBOLS: SORTED BY DATA PAGE

address     data page           name
--------    ----------------    ----
00000400      10 (00000400)     __stack

00000880      22 (00000880)     _DevEmuRegs

00000a80      2a (00000a80)     _FlashRegs

00000ae0      2b (00000ac0)     _CsmRegs

00000b00      2c (00000b00)     _AdcMirror
00000b20      2c (00000b00)     _XintfRegs

00000c00      30 (00000c00)     _CpuTimer0Regs
00000c08      30 (00000c00)     _CpuTimer1Regs
00000c10      30 (00000c00)     _CpuTimer2Regs

00000ce0      33 (00000cc0)     _PieCtrlRegs

00000d00      34 (00000d00)     _PieVectTable

00001000      40 (00001000)     _DmaRegs

00005000     140 (00005000)     _McbspaRegs

00005040     141 (00005040)     _McbspbRegs

00006000     180 (00006000)     _ECanaRegs

00006040     181 (00006040)     _ECanaLAMRegs

00006080     182 (00006080)     _ECanaMOTSRegs

000060c0     183 (000060c0)     _ECanaMOTORegs

00006100     184 (00006100)     _ECanaMboxes

00006200     188 (00006200)     _ECanbRegs

00006240     189 (00006240)     _ECanbLAMRegs

00006280     18a (00006280)     _ECanbMOTSRegs

000062c0     18b (000062c0)     _ECanbMOTORegs

00006300     18c (00006300)     _ECanbMboxes

00006800     1a0 (00006800)     _EPwm1Regs

00006840     1a1 (00006840)     _EPwm2Regs

00006880     1a2 (00006880)     _EPwm3Regs

000068c0     1a3 (000068c0)     _EPwm4Regs

00006900     1a4 (00006900)     _EPwm5Regs

00006940     1a5 (00006940)     _EPwm6Regs

00006a00     1a8 (00006a00)     _ECap1Regs
00006a20     1a8 (00006a00)     _ECap2Regs

00006a40     1a9 (00006a40)     _ECap3Regs
00006a60     1a9 (00006a40)     _ECap4Regs

00006a80     1aa (00006a80)     _ECap5Regs
00006aa0     1aa (00006a80)     _ECap6Regs

00006b00     1ac (00006b00)     _EQep1Regs

00006b40     1ad (00006b40)     _EQep2Regs

00006f80     1be (00006f80)     _GpioCtrlRegs

00006fc0     1bf (00006fc0)     _GpioDataRegs
00006fe0     1bf (00006fc0)     _GpioIntRegs

00007010     1c0 (00007000)     _SysCtrlRegs

00007040     1c1 (00007040)     _SpiaRegs
00007050     1c1 (00007040)     _SciaRegs
00007070     1c1 (00007040)     _XIntruptRegs

00007100     1c4 (00007100)     _AdcRegs

00007750     1dd (00007740)     _ScibRegs
00007770     1dd (00007740)     _ScicRegs

00007900     1e4 (00007900)     _I2caRegs

0000b800     2e0 (0000b800)     _PieVectTableInit

0000db00     36c (0000db00)     _INITIALIZED2
0000db01     36c (0000db00)     _flag
0000db02     36c (0000db00)     _INITIALIZED3
0000db03     36c (0000db00)     _INITIALIZED4
0000db04     36c (0000db00)     _PTINITED
0000db06     36c (0000db00)     _INITIALIZED1
0000db07     36c (0000db00)     _CTINITED
0000db08     36c (0000db00)     _timer_index
0000db09     36c (0000db00)     _count
0000db0a     36c (0000db00)     _SYSCTRLF
0000db0b     36c (0000db00)     _CD
0000db0c     36c (0000db00)     _PS
0000db0d     36c (0000db00)     _START_CON
0000db0e     36c (0000db00)     _PRE_COUNT
0000db0f     36c (0000db00)     _av
0000db10     36c (0000db00)     _counti
0000db11     36c (0000db00)     _countindex
0000db12     36c (0000db00)     _j
0000db13     36c (0000db00)     _array_index
0000db14     36c (0000db00)     _CPHLM
0000db16     36c (0000db00)     _Xint3Count
0000db18     36c (0000db00)     _RCPSTRSP
0000db1a     36c (0000db00)     _tmp
0000db1c     36c (0000db00)     _CSU
0000db1e     36c (0000db00)     _R_PT
0000db20     36c (0000db00)     _CHZ
0000db22     36c (0000db00)     _R_CRPM
0000db24     36c (0000db00)     _LoopCount
0000db26     36c (0000db00)     _avtmp
0000db28     36c (0000db00)     _Xint4Count
0000db2a     36c (0000db00)     _R_CT
0000db2c     36c (0000db00)     _ECap1IntCount
0000db2e     36c (0000db00)     _ECap1PassCount
0000db30     36c (0000db00)     _Count
0000db34     36c (0000db00)     _epwm1_info

0000db40     36d (0000db40)     _epwm2_info
0000db4a     36d (0000db40)     _epwm3_info

0000db80     36e (0000db80)     _cos_tab

0000dc00     370 (0000dc00)     _fWaveR

0000dc80     372 (0000dc80)     _V_FFT

0000dd00     374 (0000dd00)     _w_V

0000dd80     376 (0000dd80)     _DATA

0000de00     378 (0000de00)     _INPUT

0000de80     37a (0000de80)     _fWaveI

0000df00     37c (0000df00)     _R_FFT

0000df80     37e (0000df80)     _fWaveR_V

0000e000     380 (0000e000)     _fWaveI_R

0000e080     382 (0000e080)     _sin_tab

0000e100     384 (0000e100)     _w

0000e180     386 (0000e180)     _w_R

0000e200     388 (0000e200)     _fWaveI_V

0000e280     38a (0000e280)     _fWaveR_R

0000e300     38c (0000e300)     _DataTable

0000e500     394 (0000e500)     _SampleTable

0000e700     39c (0000e700)     _TimeStamp

0000e900     3a4 (0000e900)     _R_RPM

0000ed00     3b4 (0000ed00)     _POINT_COLOR
0000ed01     3b4 (0000ed00)     _BACK_COLOR
0000ed02     3b4 (0000ed00)     _lcddev

0000ed40     3b5 (0000ed40)     _hanzi32x32

0000ef40     3bd (0000ef40)     _CpuTimer1
0000ef48     3bd (0000ef40)     _CpuTimer2
0000ef50     3bd (0000ef40)     _CpuTimer0
0000ef58     3bd (0000ef40)     _XLC
0000ef59     3bd (0000ef40)     _YLC
0000ef5a     3bd (0000ef40)     _CMD_RDY
0000ef5b     3bd (0000ef40)     _CMD_RDX
0000ef5c     3bd (0000ef40)     _lx
0000ef5d     3bd (0000ef40)     _ly
0000ef5e     3bd (0000ef40)     _coordinate
0000ef60     3bd (0000ef40)     _KX
0000ef62     3bd (0000ef40)     _KY
0000ef64     3bd (0000ef40)     _y
0000ef69     3bd (0000ef40)     _x
0000ef7a     3bd (0000ef40)     __unlock
0000ef7c     3bd (0000ef40)     __lock
0000ef7e     3bd (0000ef40)     _errno

0000ef80     3be (0000ef80)     ___TI_cleanup_ptr
0000ef82     3be (0000ef80)     ___TI_dtors_ptr

0033fff8    cfff (0033ffc0)     _CsmPwl

00380090    e002 (00380080)     _PartIdRegs


GLOBAL SYMBOLS: SORTED ALPHABETICALLY BY Name 

page  address   name                 
----  -------   ----                 
0     00008800  .text                
0     00009733  C$$EXIT              
0     0000946b  FS$$DIV              
0     000096bf  I$$DIV               
0     000096d0  I$$MOD               
0     00008c83  _ADCINT_ISR          
0     00009701  _ADC_INIT            
0     00380080  _ADC_cal             
1     00000b00  _AdcMirror           
1     00007100  _AdcRegs             
1     0000ed01  _BACK_COLOR          
1     0000db0b  _CD                  
1     0000db20  _CHZ                 
1     0000ef5b  _CMD_RDX             
1     0000ef5a  _CMD_RDY             
1     0000db14  _CPHLM               
1     0000db1c  _CSU                 
1     0000db07  _CTINITED            
0     00009404  _ConfigCpuTimer      
1     0000db30  _Count               
1     0000ef50  _CpuTimer0           
1     00000c00  _CpuTimer0Regs       
1     0000ef40  _CpuTimer1           
1     00000c08  _CpuTimer1Regs       
1     0000ef48  _CpuTimer2           
1     00000c10  _CpuTimer2Regs       
1     0033fff8  _CsmPwl              
1     00000ae0  _CsmRegs             
0     000092d2  _CsmUnlock           
1     0000dd80  _DATA                
0     00008bb1  _DATALOG_ISR         
0     00008da5  _DINTCH1_ISR         
0     00008daf  _DINTCH2_ISR         
0     00008db9  _DINTCH3_ISR         
0     00008dc3  _DINTCH4_ISR         
0     00008dcd  _DINTCH5_ISR         
0     00008dd7  _DINTCH6_ISR         
0     00009770  _DSP28x_usDelay      
1     0000e300  _DataTable           
1     00000880  _DevEmuRegs          
0     0000921e  _DisableDog          
1     00001000  _DmaRegs             
0     00008e31  _ECAN0INTA_ISR       
0     00008e45  _ECAN0INTB_ISR       
0     00008e3b  _ECAN1INTA_ISR       
0     00008e4f  _ECAN1INTB_ISR       
0     00008d19  _ECAP1_INT_ISR       
0     00008d23  _ECAP2_INT_ISR       
0     00008d2d  _ECAP3_INT_ISR       
0     00008d37  _ECAP4_INT_ISR       
0     00008d41  _ECAP5_INT_ISR       
0     00008d4b  _ECAP6_INT_ISR       
1     00006040  _ECanaLAMRegs        
1     000060c0  _ECanaMOTORegs       
1     00006080  _ECanaMOTSRegs       
1     00006100  _ECanaMboxes         
1     00006000  _ECanaRegs           
1     00006240  _ECanbLAMRegs        
1     000062c0  _ECanbMOTORegs       
1     00006280  _ECanbMOTSRegs       
1     00006300  _ECanbMboxes         
1     00006200  _ECanbRegs           
1     0000db2c  _ECap1IntCount       
1     0000db2e  _ECap1PassCount      
1     00006a00  _ECap1Regs           
1     00006a20  _ECap2Regs           
1     00006a40  _ECap3Regs           
1     00006a60  _ECap4Regs           
1     00006a80  _ECap5Regs           
1     00006aa0  _ECap6Regs           
0     00008bc5  _EMUINT_ISR          
0     00008cdd  _EPWM1_INT_ISR       
0     00008ca1  _EPWM1_TZINT_ISR     
0     00008ce7  _EPWM2_INT_ISR       
0     00008cab  _EPWM2_TZINT_ISR     
0     00008cf1  _EPWM3_INT_ISR       
0     00008cb5  _EPWM3_TZINT_ISR     
0     00008cfb  _EPWM4_INT_ISR       
0     00008cbf  _EPWM4_TZINT_ISR     
0     00008d05  _EPWM5_INT_ISR       
0     00008cc9  _EPWM5_TZINT_ISR     
0     00008d0f  _EPWM6_INT_ISR       
0     00008cd3  _EPWM6_TZINT_ISR     
1     00006800  _EPwm1Regs           
1     00006840  _EPwm2Regs           
1     00006880  _EPwm3Regs           
1     000068c0  _EPwm4Regs           
1     00006900  _EPwm5Regs           
1     00006940  _EPwm6Regs           
0     00008d55  _EQEP1_INT_ISR       
0     00008d5f  _EQEP2_INT_ISR       
1     00006b00  _EQep1Regs           
1     00006b40  _EQep2Regs           
0     0000966d  _EnableInterrupts    
0     000089c0  _FFT                 
0     00008b9a  _Fail                
1     00000a80  _FlashRegs           
1     00006f80  _GpioCtrlRegs        
1     00006fc0  _GpioDataRegs        
1     00006fe0  _GpioIntRegs         
0     00008967  _HZ2RPM              
0     00008de1  _I2CINT1A_ISR        
0     00008deb  _I2CINT2A_ISR        
1     00007900  _I2caRegs            
0     00008bd9  _ILLEGAL_ISR         
1     0000db06  _INITIALIZED1        
1     0000db00  _INITIALIZED2        
1     0000db02  _INITIALIZED3        
1     0000db03  _INITIALIZED4        
1     0000de00  _INPUT               
0     00008b9d  _INT13_ISR           
0     00008ba7  _INT14_ISR           
0     00009676  _InitAdc             
0     000093cb  _InitCpuTimers       
0     00009554  _InitECap            
0     00009562  _InitECap1Gpio       
0     00009570  _InitECap2Gpio       
0     0000957c  _InitECap3Gpio       
0     00009588  _InitECap4Gpio       
0     00009594  _InitECap5Gpio       
0     000095a2  _InitECap6Gpio       
0     00009555  _InitECapGpio        
0     00008992  _InitECapture        
0     00009303  _InitEPwm            
0     000090c6  _InitEPwm1Example    
0     00009311  _InitEPwm1Gpio       
0     00009115  _InitEPwm2Example    
0     00009323  _InitEPwm2Gpio       
0     0000915f  _InitEPwm3Example    
0     00009335  _InitEPwm3Gpio       
0     00009349  _InitEPwm4Gpio       
0     0000935d  _InitEPwm5Gpio       
0     0000936f  _InitEPwm6Gpio       
0     00009304  _InitEPwmGpio        
0     00009381  _InitEPwmSyncGpio    
0     00008b53  _InitForFFT          
0     00009277  _InitPeripheralClocks
0     0000964e  _InitPieCtrl         
0     000096e1  _InitPieVectTable    
0     00009226  _InitPll             
0     0000920b  _InitSysCtrl         
0     00009395  _InitTzGpio          
1     0000ef60  _KX                  
1     0000ef62  _KY                  
0     00008e95  _LUF_ISR             
0     00008e8b  _LVF_ISR             
1     0000db24  _LoopCount           
0     00008d91  _MRINTA_ISR          
0     00008d7d  _MRINTB_ISR          
0     00008d9b  _MXINTA_ISR          
0     00008d87  _MXINTB_ISR          
1     00005000  _McbspaRegs          
1     00005040  _McbspbRegs          
0     0000974c  _MemCopy             
0     00008bcf  _NMI_ISR             
0     00008e9f  _PIE_RESERVED        
1     0000ed00  _POINT_COLOR         
1     0000db0e  _PRE_COUNT           
1     0000db0c  _PS                  
1     0000db04  _PTINITED            
1     00380090  _PartIdRegs          
1     00000ce0  _PieCtrlRegs         
1     00000d00  _PieVectTable        
1     0000b800  _PieVectTableInit    
1     0000db18  _RCPSTRSP            
0     00008937  _RPM2EPR             
0     0000890f  _RPM2HZ              
0     00008bbb  _RTOSINT_ISR         
1     0000db22  _R_CRPM              
1     0000db2a  _R_CT                
1     0000df00  _R_FFT               
1     0000db1e  _R_PT                
1     0000e900  _R_RPM               
0     00320004  _RamfuncsLoadEnd     
0     00320000  _RamfuncsLoadStart   
0     00009770  _RamfuncsRunStart    
0     00008e09  _SCIRXINTA_ISR       
0     00008e1d  _SCIRXINTB_ISR       
0     00008df5  _SCIRXINTC_ISR       
0     00008e13  _SCITXINTA_ISR       
0     00008e27  _SCITXINTB_ISR       
0     00008dff  _SCITXINTC_ISR       
0     00008c5b  _SEQ1INT_ISR         
0     00008c65  _SEQ2INT_ISR         
0     00008d69  _SPIRXINTA_ISR       
0     00008d73  _SPITXINTA_ISR       
1     0000db0d  _START_CON           
1     0000db0a  _SYSCTRLF            
1     0000e500  _SampleTable         
1     00007050  _SciaRegs            
1     00007750  _ScibRegs            
1     00007770  _ScicRegs            
0     00009214  _ServiceDog          
1     00007040  _SpiaRegs            
1     00007010  _SysCtrlRegs         
0     00008c8d  _TINT0_ISR           
1     0000e700  _TimeStamp           
0     00008c3d  _USER10_ISR          
0     00008c47  _USER11_ISR          
0     00008c51  _USER12_ISR          
0     00008be3  _USER1_ISR           
0     00008bed  _USER2_ISR           
0     00008bf7  _USER3_ISR           
0     00008c01  _USER4_ISR           
0     00008c0b  _USER5_ISR           
0     00008c15  _USER6_ISR           
0     00008c1f  _USER7_ISR           
0     00008c29  _USER8_ISR           
0     00008c33  _USER9_ISR           
1     0000dc80  _V_FFT               
0     00008c97  _WAKEINT_ISR         
0     00008c6f  _XINT1_ISR           
0     00008c79  _XINT2_ISR           
0     00008e59  _XINT3_ISR           
0     00008e63  _XINT4_ISR           
0     00008e6d  _XINT5_ISR           
0     00008e77  _XINT6_ISR           
0     00008e81  _XINT7_ISR           
1     00007070  _XIntruptRegs        
1     0000ef58  _XLC                 
1     0000db16  _Xint3Count          
1     0000db28  _Xint4Count          
1     00000b20  _XintfRegs           
1     0000ef59  _YLC                 
1     00000700  __STACK_END          
abs   00000300  __STACK_SIZE         
abs   00000001  __TI_args_main       
1     0000ef80  ___TI_cleanup_ptr    
1     0000ef82  ___TI_dtors_ptr      
abs   ffffffff  ___TI_pprof_out_hndl 
abs   ffffffff  ___TI_prof_data_size 
abs   ffffffff  ___TI_prof_data_start
abs   ffffffff  ___binit__           
abs   ffffffff  ___c_args__          
0     00008000  ___cinit__           
0     00009770  ___etext__           
abs   ffffffff  ___pinit__           
0     00008800  ___text__            
0     0000971a  __args_main          
1     0000ef7c  __lock               
0     00009767  __nop                
0     00009763  __register_lock      
0     0000975f  __register_unlock    
1     00000400  __stack              
1     0000ef7a  __unlock             
0     00009733  _abort               
1     0000db13  _array_index         
1     0000db0f  _av                  
1     0000db26  _avtmp               
0     00009608  _c_int00             
1     0000ef5e  _coordinate          
0     000094f3  _cos                 
1     0000db80  _cos_tab             
1     0000db09  _count               
1     0000db10  _counti              
1     0000db11  _countindex          
0     00008eb3  _cpu_timer0_isr      
0     00008f64  _cpu_timer1_isr      
0     0000902f  _ecap1_isr           
1     0000db34  _epwm1_info          
1     0000db40  _epwm2_info          
1     0000db4a  _epwm3_info          
1     0000ef7e  _errno               
0     00009735  _exit                
1     0000de80  _fWaveI              
1     0000e000  _fWaveI_R            
1     0000e200  _fWaveI_V            
1     0000dc00  _fWaveR              
1     0000e280  _fWaveR_R            
1     0000df80  _fWaveR_V            
1     0000db01  _flag                
1     0000ed40  _hanzi32x32          
1     0000db12  _j                   
1     0000ed02  _lcddev              
1     0000ef5c  _lx                  
1     0000ef5d  _ly                  
0     00008800  _main                
0     00008ea9  _rsvd_ISR            
0     000095b0  _sin                 
1     0000e080  _sin_tab             
0     0000969c  _sqrt                
1     0000db08  _timer_index         
1     0000db1a  _tmp                 
0     0000919e  _update_compare      
1     0000e100  _w                   
1     0000e180  _w_R                 
1     0000dd00  _w_V                 
1     0000ef69  _x                   
0     00008f77  _xint3_isr           
0     00008fc0  _xint4_isr           
1     0000ef64  _y                   
abs   ffffffff  binit                
0     00008000  cinit                
0     00000000  code_start           
0     00009770  etext                
abs   ffffffff  pinit                


GLOBAL SYMBOLS: SORTED BY Symbol Address 

page  address   name                 
----  -------   ----                 
0     00000000  code_start           
0     00008000  ___cinit__           
0     00008000  cinit                
0     00008800  .text                
0     00008800  ___text__            
0     00008800  _main                
0     0000890f  _RPM2HZ              
0     00008937  _RPM2EPR             
0     00008967  _HZ2RPM              
0     00008992  _InitECapture        
0     000089c0  _FFT                 
0     00008b53  _InitForFFT          
0     00008b9a  _Fail                
0     00008b9d  _INT13_ISR           
0     00008ba7  _INT14_ISR           
0     00008bb1  _DATALOG_ISR         
0     00008bbb  _RTOSINT_ISR         
0     00008bc5  _EMUINT_ISR          
0     00008bcf  _NMI_ISR             
0     00008bd9  _ILLEGAL_ISR         
0     00008be3  _USER1_ISR           
0     00008bed  _USER2_ISR           
0     00008bf7  _USER3_ISR           
0     00008c01  _USER4_ISR           
0     00008c0b  _USER5_ISR           
0     00008c15  _USER6_ISR           
0     00008c1f  _USER7_ISR           
0     00008c29  _USER8_ISR           
0     00008c33  _USER9_ISR           
0     00008c3d  _USER10_ISR          
0     00008c47  _USER11_ISR          
0     00008c51  _USER12_ISR          
0     00008c5b  _SEQ1INT_ISR         
0     00008c65  _SEQ2INT_ISR         
0     00008c6f  _XINT1_ISR           
0     00008c79  _XINT2_ISR           
0     00008c83  _ADCINT_ISR          
0     00008c8d  _TINT0_ISR           
0     00008c97  _WAKEINT_ISR         
0     00008ca1  _EPWM1_TZINT_ISR     
0     00008cab  _EPWM2_TZINT_ISR     
0     00008cb5  _EPWM3_TZINT_ISR     
0     00008cbf  _EPWM4_TZINT_ISR     
0     00008cc9  _EPWM5_TZINT_ISR     
0     00008cd3  _EPWM6_TZINT_ISR     
0     00008cdd  _EPWM1_INT_ISR       
0     00008ce7  _EPWM2_INT_ISR       
0     00008cf1  _EPWM3_INT_ISR       
0     00008cfb  _EPWM4_INT_ISR       
0     00008d05  _EPWM5_INT_ISR       
0     00008d0f  _EPWM6_INT_ISR       
0     00008d19  _ECAP1_INT_ISR       
0     00008d23  _ECAP2_INT_ISR       
0     00008d2d  _ECAP3_INT_ISR       
0     00008d37  _ECAP4_INT_ISR       
0     00008d41  _ECAP5_INT_ISR       
0     00008d4b  _ECAP6_INT_ISR       
0     00008d55  _EQEP1_INT_ISR       
0     00008d5f  _EQEP2_INT_ISR       
0     00008d69  _SPIRXINTA_ISR       
0     00008d73  _SPITXINTA_ISR       
0     00008d7d  _MRINTB_ISR          
0     00008d87  _MXINTB_ISR          
0     00008d91  _MRINTA_ISR          
0     00008d9b  _MXINTA_ISR          
0     00008da5  _DINTCH1_ISR         
0     00008daf  _DINTCH2_ISR         
0     00008db9  _DINTCH3_ISR         
0     00008dc3  _DINTCH4_ISR         
0     00008dcd  _DINTCH5_ISR         
0     00008dd7  _DINTCH6_ISR         
0     00008de1  _I2CINT1A_ISR        
0     00008deb  _I2CINT2A_ISR        
0     00008df5  _SCIRXINTC_ISR       
0     00008dff  _SCITXINTC_ISR       
0     00008e09  _SCIRXINTA_ISR       
0     00008e13  _SCITXINTA_ISR       
0     00008e1d  _SCIRXINTB_ISR       
0     00008e27  _SCITXINTB_ISR       
0     00008e31  _ECAN0INTA_ISR       
0     00008e3b  _ECAN1INTA_ISR       
0     00008e45  _ECAN0INTB_ISR       
0     00008e4f  _ECAN1INTB_ISR       
0     00008e59  _XINT3_ISR           
0     00008e63  _XINT4_ISR           
0     00008e6d  _XINT5_ISR           
0     00008e77  _XINT6_ISR           
0     00008e81  _XINT7_ISR           
0     00008e8b  _LVF_ISR             
0     00008e95  _LUF_ISR             
0     00008e9f  _PIE_RESERVED        
0     00008ea9  _rsvd_ISR            
0     00008eb3  _cpu_timer0_isr      
0     00008f64  _cpu_timer1_isr      
0     00008f77  _xint3_isr           
0     00008fc0  _xint4_isr           
0     0000902f  _ecap1_isr           
0     000090c6  _InitEPwm1Example    
0     00009115  _InitEPwm2Example    
0     0000915f  _InitEPwm3Example    
0     0000919e  _update_compare      
0     0000920b  _InitSysCtrl         
0     00009214  _ServiceDog          
0     0000921e  _DisableDog          
0     00009226  _InitPll             
0     00009277  _InitPeripheralClocks
0     000092d2  _CsmUnlock           
0     00009303  _InitEPwm            
0     00009304  _InitEPwmGpio        
0     00009311  _InitEPwm1Gpio       
0     00009323  _InitEPwm2Gpio       
0     00009335  _InitEPwm3Gpio       
0     00009349  _InitEPwm4Gpio       
0     0000935d  _InitEPwm5Gpio       
0     0000936f  _InitEPwm6Gpio       
0     00009381  _InitEPwmSyncGpio    
0     00009395  _InitTzGpio          
0     000093cb  _InitCpuTimers       
0     00009404  _ConfigCpuTimer      
0     0000946b  FS$$DIV              
0     000094f3  _cos                 
0     00009554  _InitECap            
0     00009555  _InitECapGpio        
0     00009562  _InitECap1Gpio       
0     00009570  _InitECap2Gpio       
0     0000957c  _InitECap3Gpio       
0     00009588  _InitECap4Gpio       
0     00009594  _InitECap5Gpio       
0     000095a2  _InitECap6Gpio       
0     000095b0  _sin                 
0     00009608  _c_int00             
0     0000964e  _InitPieCtrl         
0     0000966d  _EnableInterrupts    
0     00009676  _InitAdc             
0     0000969c  _sqrt                
0     000096bf  I$$DIV               
0     000096d0  I$$MOD               
0     000096e1  _InitPieVectTable    
0     00009701  _ADC_INIT            
0     0000971a  __args_main          
0     00009733  C$$EXIT              
0     00009733  _abort               
0     00009735  _exit                
0     0000974c  _MemCopy             
0     0000975f  __register_unlock    
0     00009763  __register_lock      
0     00009767  __nop                
0     00009770  _DSP28x_usDelay      
0     00009770  _RamfuncsRunStart    
0     00009770  ___etext__           
0     00009770  etext                
0     00320000  _RamfuncsLoadStart   
0     00320004  _RamfuncsLoadEnd     
0     00380080  _ADC_cal             
1     00000400  __stack              
1     00000700  __STACK_END          
1     00000880  _DevEmuRegs          
1     00000a80  _FlashRegs           
1     00000ae0  _CsmRegs             
1     00000b00  _AdcMirror           
1     00000b20  _XintfRegs           
1     00000c00  _CpuTimer0Regs       
1     00000c08  _CpuTimer1Regs       
1     00000c10  _CpuTimer2Regs       
1     00000ce0  _PieCtrlRegs         
1     00000d00  _PieVectTable        
1     00001000  _DmaRegs             
1     00005000  _McbspaRegs          
1     00005040  _McbspbRegs          
1     00006000  _ECanaRegs           
1     00006040  _ECanaLAMRegs        
1     00006080  _ECanaMOTSRegs       
1     000060c0  _ECanaMOTORegs       
1     00006100  _ECanaMboxes         
1     00006200  _ECanbRegs           
1     00006240  _ECanbLAMRegs        
1     00006280  _ECanbMOTSRegs       
1     000062c0  _ECanbMOTORegs       
1     00006300  _ECanbMboxes         
1     00006800  _EPwm1Regs           
1     00006840  _EPwm2Regs           
1     00006880  _EPwm3Regs           
1     000068c0  _EPwm4Regs           
1     00006900  _EPwm5Regs           
1     00006940  _EPwm6Regs           
1     00006a00  _ECap1Regs           
1     00006a20  _ECap2Regs           
1     00006a40  _ECap3Regs           
1     00006a60  _ECap4Regs           
1     00006a80  _ECap5Regs           
1     00006aa0  _ECap6Regs           
1     00006b00  _EQep1Regs           
1     00006b40  _EQep2Regs           
1     00006f80  _GpioCtrlRegs        
1     00006fc0  _GpioDataRegs        
1     00006fe0  _GpioIntRegs         
1     00007010  _SysCtrlRegs         
1     00007040  _SpiaRegs            
1     00007050  _SciaRegs            
1     00007070  _XIntruptRegs        
1     00007100  _AdcRegs             
1     00007750  _ScibRegs            
1     00007770  _ScicRegs            
1     00007900  _I2caRegs            
1     0000b800  _PieVectTableInit    
1     0000db00  _INITIALIZED2        
1     0000db01  _flag                
1     0000db02  _INITIALIZED3        
1     0000db03  _INITIALIZED4        
1     0000db04  _PTINITED            
1     0000db06  _INITIALIZED1        
1     0000db07  _CTINITED            
1     0000db08  _timer_index         
1     0000db09  _count               
1     0000db0a  _SYSCTRLF            
1     0000db0b  _CD                  
1     0000db0c  _PS                  
1     0000db0d  _START_CON           
1     0000db0e  _PRE_COUNT           
1     0000db0f  _av                  
1     0000db10  _counti              
1     0000db11  _countindex          
1     0000db12  _j                   
1     0000db13  _array_index         
1     0000db14  _CPHLM               
1     0000db16  _Xint3Count          
1     0000db18  _RCPSTRSP            
1     0000db1a  _tmp                 
1     0000db1c  _CSU                 
1     0000db1e  _R_PT                
1     0000db20  _CHZ                 
1     0000db22  _R_CRPM              
1     0000db24  _LoopCount           
1     0000db26  _avtmp               
1     0000db28  _Xint4Count          
1     0000db2a  _R_CT                
1     0000db2c  _ECap1IntCount       
1     0000db2e  _ECap1PassCount      
1     0000db30  _Count               
1     0000db34  _epwm1_info          
1     0000db40  _epwm2_info          
1     0000db4a  _epwm3_info          
1     0000db80  _cos_tab             
1     0000dc00  _fWaveR              
1     0000dc80  _V_FFT               
1     0000dd00  _w_V                 
1     0000dd80  _DATA                
1     0000de00  _INPUT               
1     0000de80  _fWaveI              
1     0000df00  _R_FFT               
1     0000df80  _fWaveR_V            
1     0000e000  _fWaveI_R            
1     0000e080  _sin_tab             
1     0000e100  _w                   
1     0000e180  _w_R                 
1     0000e200  _fWaveI_V            
1     0000e280  _fWaveR_R            
1     0000e300  _DataTable           
1     0000e500  _SampleTable         
1     0000e700  _TimeStamp           
1     0000e900  _R_RPM               
1     0000ed00  _POINT_COLOR         
1     0000ed01  _BACK_COLOR          
1     0000ed02  _lcddev              
1     0000ed40  _hanzi32x32          
1     0000ef40  _CpuTimer1           
1     0000ef48  _CpuTimer2           
1     0000ef50  _CpuTimer0           
1     0000ef58  _XLC                 
1     0000ef59  _YLC                 
1     0000ef5a  _CMD_RDY             
1     0000ef5b  _CMD_RDX             
1     0000ef5c  _lx                  
1     0000ef5d  _ly                  
1     0000ef5e  _coordinate          
1     0000ef60  _KX                  
1     0000ef62  _KY                  
1     0000ef64  _y                   
1     0000ef69  _x                   
1     0000ef7a  __unlock             
1     0000ef7c  __lock               
1     0000ef7e  _errno               
1     0000ef80  ___TI_cleanup_ptr    
1     0000ef82  ___TI_dtors_ptr      
1     0033fff8  _CsmPwl              
1     00380090  _PartIdRegs          
abs   00000001  __TI_args_main       
abs   00000300  __STACK_SIZE         
abs   ffffffff  ___TI_pprof_out_hndl 
abs   ffffffff  ___TI_prof_data_size 
abs   ffffffff  ___TI_prof_data_start
abs   ffffffff  ___binit__           
abs   ffffffff  ___c_args__          
abs   ffffffff  ___pinit__           
abs   ffffffff  binit                
abs   ffffffff  pinit                

[296 symbols]
