******************************************************************************
             TMS320C2000 Linker PC v15.12.1                    
******************************************************************************
>> Linked Wed May 09 02:04:49 2018

OUTPUT FILE NAME:   <STEPmotorCTRL.out>
ENTRY POINT SYMBOL: "_c_int00"  address: 00001ae2


MEMORY CONFIGURATION

         name            origin    length      used     unused   attr    fill
----------------------  --------  ---------  --------  --------  ----  --------
PAGE 0:
  BEGIN                 00000000   00000002  00000002  00000000  RWIX
  RAMM0                 00000050   000003b0  00000000  000003b0  RWIX
  RAML0                 00008000   00001000  0000007d  00000f83  RWIX
  RAML1                 00009000   00001000  00000000  00001000  RWIX
  RAML2                 0000a000   00001000  00000000  00001000  RWIX
  RAML3                 0000b000   00001000  00000000  00001000  RWIX
  ZONE7A                00200000   0000fc00  00000000  0000fc00  RWIX
  CSM_RSVD              0033ff80   00000076  00000000  00000076  RWIX
  CSM_PWL               0033fff8   00000008  00000000  00000008  RWIX
  ADC_CAL               00380080   00000009  00000007  00000002  RWIX
  IQTABLES              003fe000   00000b50  00000000  00000b50  RWIX
  IQTABLES2             003feb50   0000008c  00000000  0000008c  RWIX
  FPUTABLES             003febdc   000006a0  00000000  000006a0  RWIX
  BOOTROM               003ff27c   00000d44  00000000  00000d44  RWIX
  RESET                 003fffc0   00000002  00000000  00000002  RWIX

PAGE 1:
  BOOT_RSVD             00000002   0000004e  00000001  0000004d  RWIX
  RAMM1                 00000400   00000400  00000300  00000100  RWIX
  DEV_EMU               00000880   00000180  000000d0  000000b0  RWIX
  FLASH_REGS            00000a80   00000060  00000008  00000058  RWIX
  CSM                   00000ae0   00000010  00000010  00000000  RWIX
  ADC_MIRROR            00000b00   00000010  00000010  00000000  RWIX
  XINTF                 00000b20   00000020  0000001e  00000002  RWIX
  CPU_TIMER0            00000c00   00000008  00000008  00000000  RWIX
  CPU_TIMER1            00000c08   00000008  00000008  00000000  RWIX
  CPU_TIMER2            00000c10   00000008  00000008  00000000  RWIX
  PIE_CTRL              00000ce0   00000020  0000001a  00000006  RWIX
  PIE_VECT              00000d00   00000100  00000100  00000000  RWIX
  DMA                   00001000   00000200  000000e0  00000120  RWIX
  MCBSPA                00005000   00000040  00000025  0000001b  RWIX
  MCBSPB                00005040   00000040  00000025  0000001b  RWIX
  ECANA                 00006000   00000040  00000034  0000000c  RWIX
  ECANA_LAM             00006040   00000040  00000040  00000000  RWIX
  ECANA_MOTS            00006080   00000040  00000040  00000000  RWIX
  ECANA_MOTO            000060c0   00000040  00000040  00000000  RWIX
  ECANA_MBOX            00006100   00000100  00000100  00000000  RWIX
  ECANB                 00006200   00000040  00000034  0000000c  RWIX
  ECANB_LAM             00006240   00000040  00000040  00000000  RWIX
  ECANB_MOTS            00006280   00000040  00000040  00000000  RWIX
  ECANB_MOTO            000062c0   00000040  00000040  00000000  RWIX
  ECANB_MBOX            00006300   00000100  00000100  00000000  RWIX
  EPWM1                 00006800   00000022  00000022  00000000  RWIX
  EPWM2                 00006840   00000022  00000022  00000000  RWIX
  EPWM3                 00006880   00000022  00000022  00000000  RWIX
  EPWM4                 000068c0   00000022  00000022  00000000  RWIX
  EPWM5                 00006900   00000022  00000022  00000000  RWIX
  EPWM6                 00006940   00000022  00000022  00000000  RWIX
  ECAP1                 00006a00   00000020  00000020  00000000  RWIX
  ECAP2                 00006a20   00000020  00000020  00000000  RWIX
  ECAP3                 00006a40   00000020  00000020  00000000  RWIX
  ECAP4                 00006a60   00000020  00000020  00000000  RWIX
  ECAP5                 00006a80   00000020  00000020  00000000  RWIX
  ECAP6                 00006aa0   00000020  00000020  00000000  RWIX
  EQEP1                 00006b00   00000040  00000040  00000000  RWIX
  EQEP2                 00006b40   00000040  00000040  00000000  RWIX
  GPIOCTRL              00006f80   00000040  0000002e  00000012  RWIX
  GPIODAT               00006fc0   00000020  00000020  00000000  RWIX
  GPIOINT               00006fe0   00000020  0000000a  00000016  RWIX
  SYSTEM                00007010   00000020  00000020  00000000  RWIX
  SPIA                  00007040   00000010  00000010  00000000  RWIX
  SCIA                  00007050   00000010  00000010  00000000  RWIX
  XINTRUPT              00007070   00000010  00000010  00000000  RWIX
  ADC                   00007100   00000020  0000001e  00000002  RWIX
  SCIB                  00007750   00000010  00000010  00000000  RWIX
  SCIC                  00007770   00000010  00000010  00000000  RWIX
  I2CA                  00007900   00000040  00000022  0000001e  RWIX
  RAML4                 0000c000   00001000  00000479  00000b87  RWIX
  RAML5                 0000d000   00001000  00000240  00000dc0  RWIX
  RAML6                 0000e000   00001000  00000000  00001000  RWIX
  RAML7                 0000f000   00001000  00000000  00001000  RWIX
  ZONE7B                0020fc00   00000400  00000000  00000400  RWIX
  CSM_PWL               0033fff8   00000008  00000008  00000000  RWIX
  PARTID                00380090   00000001  00000001  00000000  RWIX


SECTION ALLOCATION MAP

 output                                  attributes/
section   page    origin      length       input sections
--------  ----  ----------  ----------   ----------------
codestart 
*          0    00000000    00000002     
                  00000000    00000002     DSP2833x_CodeStartBranch.obj (codestart)

.text      0    00000000    00001e48     FAILED TO ALLOCATE
.cinit     0    00008000    00000079     
                  00008000    00000031     rts2800_fpu32.lib : lowlev.obj (.cinit)
                  00008031    0000002a                       : defs.obj (.cinit)
                  0000805b    0000000a                       : _lock.obj (.cinit)
                  00008065    0000000a                       : exit.obj (.cinit)
                  0000806f    00000004                       : fopen.obj (.cinit)
                  00008073    00000004                       : memory.obj (.cinit)
                  00008077    00000002     --HOLE-- [fill = 0]

ramfuncs   0    00008079    00000004     
                  00008079    00000004     DSP2833x_usDelay.obj (ramfuncs)

.pinit     0    00008000    00000000     UNINITIALIZED

.adc_cal   0    00380080    00000007     NOLOAD SECTION
                  00380080    00000007     DSP2833x_ADC_cal.obj (.adc_cal)

.sysmem    1    00000002    00000001     UNINITIALIZED
                  00000002    00000001     rts2800_fpu32.lib : memory.obj (.sysmem)

.stack     1    00000400    00000300     UNINITIALIZED
                  00000400    00000300     --HOLE--

DevEmuRegsFile 
*          1    00000880    000000d0     UNINITIALIZED
                  00000880    000000d0     DSP2833x_GlobalVariableDefs.obj (DevEmuRegsFile)

FlashRegsFile 
*          1    00000a80    00000008     UNINITIALIZED
                  00000a80    00000008     DSP2833x_GlobalVariableDefs.obj (FlashRegsFile)

CsmRegsFile 
*          1    00000ae0    00000010     UNINITIALIZED
                  00000ae0    00000010     DSP2833x_GlobalVariableDefs.obj (CsmRegsFile)

AdcMirrorFile 
*          1    00000b00    00000010     UNINITIALIZED
                  00000b00    00000010     DSP2833x_GlobalVariableDefs.obj (AdcMirrorFile)

XintfRegsFile 
*          1    00000b20    0000001e     UNINITIALIZED
                  00000b20    0000001e     DSP2833x_GlobalVariableDefs.obj (XintfRegsFile)

CpuTimer0RegsFile 
*          1    00000c00    00000008     UNINITIALIZED
                  00000c00    00000008     DSP2833x_GlobalVariableDefs.obj (CpuTimer0RegsFile)

CpuTimer1RegsFile 
*          1    00000c08    00000008     UNINITIALIZED
                  00000c08    00000008     DSP2833x_GlobalVariableDefs.obj (CpuTimer1RegsFile)

CpuTimer2RegsFile 
*          1    00000c10    00000008     UNINITIALIZED
                  00000c10    00000008     DSP2833x_GlobalVariableDefs.obj (CpuTimer2RegsFile)

PieCtrlRegsFile 
*          1    00000ce0    0000001a     UNINITIALIZED
                  00000ce0    0000001a     DSP2833x_GlobalVariableDefs.obj (PieCtrlRegsFile)

PieVectTableFile 
*          1    00000d00    00000100     UNINITIALIZED
                  00000d00    00000100     DSP2833x_GlobalVariableDefs.obj (PieVectTableFile)

DmaRegsFile 
*          1    00001000    000000e0     UNINITIALIZED
                  00001000    000000e0     DSP2833x_GlobalVariableDefs.obj (DmaRegsFile)

McbspaRegsFile 
*          1    00005000    00000025     UNINITIALIZED
                  00005000    00000025     DSP2833x_GlobalVariableDefs.obj (McbspaRegsFile)

McbspbRegsFile 
*          1    00005040    00000025     UNINITIALIZED
                  00005040    00000025     DSP2833x_GlobalVariableDefs.obj (McbspbRegsFile)

ECanaRegsFile 
*          1    00006000    00000034     UNINITIALIZED
                  00006000    00000034     DSP2833x_GlobalVariableDefs.obj (ECanaRegsFile)

ECanaLAMRegsFile 
*          1    00006040    00000040     UNINITIALIZED
                  00006040    00000040     DSP2833x_GlobalVariableDefs.obj (ECanaLAMRegsFile)

ECanaMOTSRegsFile 
*          1    00006080    00000040     UNINITIALIZED
                  00006080    00000040     DSP2833x_GlobalVariableDefs.obj (ECanaMOTSRegsFile)

ECanaMOTORegsFile 
*          1    000060c0    00000040     UNINITIALIZED
                  000060c0    00000040     DSP2833x_GlobalVariableDefs.obj (ECanaMOTORegsFile)

ECanaMboxesFile 
*          1    00006100    00000100     UNINITIALIZED
                  00006100    00000100     DSP2833x_GlobalVariableDefs.obj (ECanaMboxesFile)

ECanbRegsFile 
*          1    00006200    00000034     UNINITIALIZED
                  00006200    00000034     DSP2833x_GlobalVariableDefs.obj (ECanbRegsFile)

ECanbLAMRegsFile 
*          1    00006240    00000040     UNINITIALIZED
                  00006240    00000040     DSP2833x_GlobalVariableDefs.obj (ECanbLAMRegsFile)

ECanbMOTSRegsFile 
*          1    00006280    00000040     UNINITIALIZED
                  00006280    00000040     DSP2833x_GlobalVariableDefs.obj (ECanbMOTSRegsFile)

ECanbMOTORegsFile 
*          1    000062c0    00000040     UNINITIALIZED
                  000062c0    00000040     DSP2833x_GlobalVariableDefs.obj (ECanbMOTORegsFile)

ECanbMboxesFile 
*          1    00006300    00000100     UNINITIALIZED
                  00006300    00000100     DSP2833x_GlobalVariableDefs.obj (ECanbMboxesFile)

EPwm1RegsFile 
*          1    00006800    00000022     UNINITIALIZED
                  00006800    00000022     DSP2833x_GlobalVariableDefs.obj (EPwm1RegsFile)

EPwm2RegsFile 
*          1    00006840    00000022     UNINITIALIZED
                  00006840    00000022     DSP2833x_GlobalVariableDefs.obj (EPwm2RegsFile)

EPwm3RegsFile 
*          1    00006880    00000022     UNINITIALIZED
                  00006880    00000022     DSP2833x_GlobalVariableDefs.obj (EPwm3RegsFile)

EPwm4RegsFile 
*          1    000068c0    00000022     UNINITIALIZED
                  000068c0    00000022     DSP2833x_GlobalVariableDefs.obj (EPwm4RegsFile)

EPwm5RegsFile 
*          1    00006900    00000022     UNINITIALIZED
                  00006900    00000022     DSP2833x_GlobalVariableDefs.obj (EPwm5RegsFile)

EPwm6RegsFile 
*          1    00006940    00000022     UNINITIALIZED
                  00006940    00000022     DSP2833x_GlobalVariableDefs.obj (EPwm6RegsFile)

ECap1RegsFile 
*          1    00006a00    00000020     UNINITIALIZED
                  00006a00    00000020     DSP2833x_GlobalVariableDefs.obj (ECap1RegsFile)

ECap2RegsFile 
*          1    00006a20    00000020     UNINITIALIZED
                  00006a20    00000020     DSP2833x_GlobalVariableDefs.obj (ECap2RegsFile)

ECap3RegsFile 
*          1    00006a40    00000020     UNINITIALIZED
                  00006a40    00000020     DSP2833x_GlobalVariableDefs.obj (ECap3RegsFile)

ECap4RegsFile 
*          1    00006a60    00000020     UNINITIALIZED
                  00006a60    00000020     DSP2833x_GlobalVariableDefs.obj (ECap4RegsFile)

ECap5RegsFile 
*          1    00006a80    00000020     UNINITIALIZED
                  00006a80    00000020     DSP2833x_GlobalVariableDefs.obj (ECap5RegsFile)

ECap6RegsFile 
*          1    00006aa0    00000020     UNINITIALIZED
                  00006aa0    00000020     DSP2833x_GlobalVariableDefs.obj (ECap6RegsFile)

EQep1RegsFile 
*          1    00006b00    00000040     UNINITIALIZED
                  00006b00    00000040     DSP2833x_GlobalVariableDefs.obj (EQep1RegsFile)

EQep2RegsFile 
*          1    00006b40    00000040     UNINITIALIZED
                  00006b40    00000040     DSP2833x_GlobalVariableDefs.obj (EQep2RegsFile)

GpioCtrlRegsFile 
*          1    00006f80    0000002e     UNINITIALIZED
                  00006f80    0000002e     DSP2833x_GlobalVariableDefs.obj (GpioCtrlRegsFile)

GpioDataRegsFile 
*          1    00006fc0    00000020     UNINITIALIZED
                  00006fc0    00000020     DSP2833x_GlobalVariableDefs.obj (GpioDataRegsFile)

GpioIntRegsFile 
*          1    00006fe0    0000000a     UNINITIALIZED
                  00006fe0    0000000a     DSP2833x_GlobalVariableDefs.obj (GpioIntRegsFile)

SysCtrlRegsFile 
*          1    00007010    00000020     UNINITIALIZED
                  00007010    00000020     DSP2833x_GlobalVariableDefs.obj (SysCtrlRegsFile)

SpiaRegsFile 
*          1    00007040    00000010     UNINITIALIZED
                  00007040    00000010     DSP2833x_GlobalVariableDefs.obj (SpiaRegsFile)

SciaRegsFile 
*          1    00007050    00000010     UNINITIALIZED
                  00007050    00000010     DSP2833x_GlobalVariableDefs.obj (SciaRegsFile)

XIntruptRegsFile 
*          1    00007070    00000010     UNINITIALIZED
                  00007070    00000010     DSP2833x_GlobalVariableDefs.obj (XIntruptRegsFile)

AdcRegsFile 
*          1    00007100    0000001e     UNINITIALIZED
                  00007100    0000001e     DSP2833x_GlobalVariableDefs.obj (AdcRegsFile)

ScibRegsFile 
*          1    00007750    00000010     UNINITIALIZED
                  00007750    00000010     DSP2833x_GlobalVariableDefs.obj (ScibRegsFile)

ScicRegsFile 
*          1    00007770    00000010     UNINITIALIZED
                  00007770    00000010     DSP2833x_GlobalVariableDefs.obj (ScicRegsFile)

I2caRegsFile 
*          1    00007900    00000022     UNINITIALIZED
                  00007900    00000022     DSP2833x_GlobalVariableDefs.obj (I2caRegsFile)

.ebss      1    0000c000    00000359     UNINITIALIZED
                  0000c000    00000160     rts2800_fpu32.lib : defs.obj (.ebss)
                  0000c160    00000018     DSP2833x_CpuTimers.obj (.ebss)
                  0000c178    00000008     rts2800_fpu32.lib : memory.obj (.ebss)
                  0000c180    00000140     main.obj (.ebss)
                  0000c2c0    00000088     rts2800_fpu32.lib : lowlev.obj (.ebss)
                  0000c348    00000008                       : trgdrv.obj (.ebss)
                  0000c350    00000004                       : _lock.obj (.ebss)
                  0000c354    00000004                       : exit.obj (.ebss)
                  0000c358    00000001                       : fopen.obj (.ebss)

.econst    1    0000d000    00000240     
                  0000d000    00000101     rts2800_fpu32.lib : ctype.obj (.econst:.string:__ctypes_)
                  0000d101    00000001     --HOLE-- [fill = 0]
                  0000d102    00000100     DSP2833x_PieVect.obj (.econst:_PieVectTableInit)
                  0000d202    00000024     rts2800_fpu32.lib : _printfi.obj (.econst:.string)
                  0000d226    00000018                       : _printfi.obj (.econst)
                  0000d23e    00000002                       : fputs.obj (.econst:.string)

.reset     0    003fffc0    00000002     DSECT
                  003fffc0    00000002     rts2800_fpu32.lib : boot.obj (.reset)

csm_rsvd   0    0033ff80    00000000     DSECT

csmpasswds 
*          0    0033fff8    00000000     DSECT

CsmPwlFile 
*          1    0033fff8    00000008     UNINITIALIZED
                  0033fff8    00000008     DSP2833x_GlobalVariableDefs.obj (CsmPwlFile)

PartIdRegsFile 
*          1    00380090    00000001     UNINITIALIZED
                  00380090    00000001     DSP2833x_GlobalVariableDefs.obj (PartIdRegsFile)

.cio       1    0000c380    00000120     UNINITIALIZED
                  0000c380    00000120     rts2800_fpu32.lib : ankmsg.obj (.cio)

MODULE SUMMARY

       Module                            code   ro data   rw data
       ------                            ----   -------   -------
    .\
       DSP2833x_GlobalVariableDefs.obj   0      0         2679   
       main.obj                          0      0         320    
       DSP2833x_PieVect.obj              0      0         256    
       DSP2833x_CpuTimers.obj            0      0         24     
       DSP2833x_ADC_cal.obj              7      0         0      
       DSP2833x_usDelay.obj              4      0         0      
       DSP2833x_CodeStartBranch.obj      2      0         0      
    +--+---------------------------------+------+---------+---------+
       Total:                            13     0         3279   
                                                                 
    ../lib/rts2800_fpu32.lib
       defs.obj                          0      0         394    
       ankmsg.obj                        0      0         288    
       ctype.obj                         0      0         257    
       lowlev.obj                        0      0         185    
       _printfi.obj                      0      0         60     
       _lock.obj                         0      0         14     
       exit.obj                          0      0         14     
       memory.obj                        0      0         13     
       trgdrv.obj                        0      0         8      
       fopen.obj                         0      0         5      
       fputs.obj                         0      0         2      
    +--+---------------------------------+------+---------+---------+
       Total:                            0      0         1240   
                                                                 
       Stack:                            0      0         768    
    +--+---------------------------------+------+---------+---------+
       Grand Total:                      13     0         5287   


GLOBAL DATA SYMBOLS: SORTED BY DATA PAGE

address     data page           name
--------    ----------------    ----
00000002       0 (00000000)     __sys_memory

00000400      10 (00000400)     __stack

00000880      22 (00000880)     _DevEmuRegs

00000a80      2a (00000a80)     _FlashRegs

00000ae0      2b (00000ac0)     _CsmRegs

00000b00      2c (00000b00)     _AdcMirror
00000b20      2c (00000b00)     _XintfRegs

00000c00      30 (00000c00)     _CpuTimer0Regs
00000c08      30 (00000c00)     _CpuTimer1Regs
00000c10      30 (00000c00)     _CpuTimer2Regs

00000ce0      33 (00000cc0)     _PieCtrlRegs

00000d00      34 (00000d00)     _PieVectTable

00001000      40 (00001000)     _DmaRegs

00005000     140 (00005000)     _McbspaRegs

00005040     141 (00005040)     _McbspbRegs

00006000     180 (00006000)     _ECanaRegs

00006040     181 (00006040)     _ECanaLAMRegs

00006080     182 (00006080)     _ECanaMOTSRegs

000060c0     183 (000060c0)     _ECanaMOTORegs

00006100     184 (00006100)     _ECanaMboxes

00006200     188 (00006200)     _ECanbRegs

00006240     189 (00006240)     _ECanbLAMRegs

00006280     18a (00006280)     _ECanbMOTSRegs

000062c0     18b (000062c0)     _ECanbMOTORegs

00006300     18c (00006300)     _ECanbMboxes

00006800     1a0 (00006800)     _EPwm1Regs

00006840     1a1 (00006840)     _EPwm2Regs

00006880     1a2 (00006880)     _EPwm3Regs

000068c0     1a3 (000068c0)     _EPwm4Regs

00006900     1a4 (00006900)     _EPwm5Regs

00006940     1a5 (00006940)     _EPwm6Regs

00006a00     1a8 (00006a00)     _ECap1Regs
00006a20     1a8 (00006a00)     _ECap2Regs

00006a40     1a9 (00006a40)     _ECap3Regs
00006a60     1a9 (00006a40)     _ECap4Regs

00006a80     1aa (00006a80)     _ECap5Regs
00006aa0     1aa (00006a80)     _ECap6Regs

00006b00     1ac (00006b00)     _EQep1Regs

00006b40     1ad (00006b40)     _EQep2Regs

00006f80     1be (00006f80)     _GpioCtrlRegs

00006fc0     1bf (00006fc0)     _GpioDataRegs
00006fe0     1bf (00006fc0)     _GpioIntRegs

00007010     1c0 (00007000)     _SysCtrlRegs

00007040     1c1 (00007040)     _SpiaRegs
00007050     1c1 (00007040)     _SciaRegs
00007070     1c1 (00007040)     _XIntruptRegs

00007100     1c4 (00007100)     _AdcRegs

00007750     1dd (00007740)     _ScibRegs
00007770     1dd (00007740)     _ScicRegs

00007900     1e4 (00007900)     _I2caRegs

0000c000     300 (0000c000)     ___TI_ft_end

0000c040     301 (0000c040)     __ftable

0000c0c0     303 (0000c0c0)     ___TI_tmpnams

0000c160     305 (0000c140)     _CpuTimer1
0000c168     305 (0000c140)     _CpuTimer2
0000c170     305 (0000c140)     _CpuTimer0

0000c180     306 (0000c180)     _i
0000c181     306 (0000c180)     _j
0000c182     306 (0000c180)     _k

0000c1c0     307 (0000c1c0)     _SIN

0000c350     30d (0000c340)     __unlock
0000c352     30d (0000c340)     __lock
0000c354     30d (0000c340)     ___TI_cleanup_ptr
0000c356     30d (0000c340)     ___TI_dtors_ptr

0000c380     30e (0000c380)     __CIOBUF_

0000d000     340 (0000d000)     __ctypes_

0000d102     344 (0000d100)     _PieVectTableInit

0033fff8    cfff (0033ffc0)     _CsmPwl

00380090    e002 (00380080)     _PartIdRegs


GLOBAL SYMBOLS: SORTED ALPHABETICALLY BY Name 

page  address   name                 
----  -------   ----                 
0     00000000  .text                
0     00001d84  C$$EXIT              
0     0000177e  C$$IO$$              
0     00001692  FD$$ADD              
0     00001bf4  FD$$CMP              
0     00001849  FD$$DIV              
0     000018d4  FD$$MPY              
0     00001e24  FD$$NEG              
0     00001ddd  FD$$SUB              
0     00001c97  FD$$TOI              
0     00001cd8  FD$$TOL              
0     00001d33  FS$$TOFD             
0     00001c1e  L$$DIV               
0     00001c2d  L$$MOD               
0     00001d4f  L$$TOFD              
0     00001d9d  LL$$AND              
0     00001cf7  LL$$CMP              
0     000012d1  LL$$DIV              
0     0000130d  LL$$MOD              
0     00001db5  LL$$MPY              
0     00001da5  LL$$OR               
0     00001dad  LL$$XOR              
0     00001c3b  UL$$DIV              
0     00001c42  UL$$MOD              
0     00001d09  ULL$$CMP             
0     00001347  ULL$$DIV             
0     00001376  ULL$$MOD             
0     00000aa0  _ADCINT_ISR          
0     00380080  _ADC_cal             
1     00000b00  _AdcMirror           
1     00007100  _AdcRegs             
1     0000c170  _CpuTimer0           
1     00000c00  _CpuTimer0Regs       
1     0000c160  _CpuTimer1           
1     00000c08  _CpuTimer1Regs       
1     0000c168  _CpuTimer2           
1     00000c10  _CpuTimer2Regs       
1     0033fff8  _CsmPwl              
1     00000ae0  _CsmRegs             
0     0000159f  _CsmUnlock           
0     000009ce  _DATALOG_ISR         
0     00000bc2  _DINTCH1_ISR         
0     00000bcc  _DINTCH2_ISR         
0     00000bd6  _DINTCH3_ISR         
0     00000be0  _DINTCH4_ISR         
0     00000bea  _DINTCH5_ISR         
0     00000bf4  _DINTCH6_ISR         
0     00008079  _DSP28x_usDelay      
1     00000880  _DevEmuRegs          
0     000014eb  _DisableDog          
1     00001000  _DmaRegs             
0     00000c4e  _ECAN0INTA_ISR       
0     00000c62  _ECAN0INTB_ISR       
0     00000c58  _ECAN1INTA_ISR       
0     00000c6c  _ECAN1INTB_ISR       
0     00000b36  _ECAP1_INT_ISR       
0     00000b40  _ECAP2_INT_ISR       
0     00000b4a  _ECAP3_INT_ISR       
0     00000b54  _ECAP4_INT_ISR       
0     00000b5e  _ECAP5_INT_ISR       
0     00000b68  _ECAP6_INT_ISR       
1     00006040  _ECanaLAMRegs        
1     000060c0  _ECanaMOTORegs       
1     00006080  _ECanaMOTSRegs       
1     00006100  _ECanaMboxes         
1     00006000  _ECanaRegs           
1     00006240  _ECanbLAMRegs        
1     000062c0  _ECanbMOTORegs       
1     00006280  _ECanbMOTSRegs       
1     00006300  _ECanbMboxes         
1     00006200  _ECanbRegs           
1     00006a00  _ECap1Regs           
1     00006a20  _ECap2Regs           
1     00006a40  _ECap3Regs           
1     00006a60  _ECap4Regs           
1     00006a80  _ECap5Regs           
1     00006aa0  _ECap6Regs           
0     000009e2  _EMUINT_ISR          
0     00000afa  _EPWM1_INT_ISR       
0     00000abe  _EPWM1_TZINT_ISR     
0     00000b04  _EPWM2_INT_ISR       
0     00000ac8  _EPWM2_TZINT_ISR     
0     00000b0e  _EPWM3_INT_ISR       
0     00000ad2  _EPWM3_TZINT_ISR     
0     00000b18  _EPWM4_INT_ISR       
0     00000adc  _EPWM4_TZINT_ISR     
0     00000b22  _EPWM5_INT_ISR       
0     00000ae6  _EPWM5_TZINT_ISR     
0     00000b2c  _EPWM6_INT_ISR       
0     00000af0  _EPWM6_TZINT_ISR     
1     00006800  _EPwm1Regs           
1     00006840  _EPwm2Regs           
1     00006880  _EPwm3Regs           
1     000068c0  _EPwm4Regs           
1     00006900  _EPwm5Regs           
1     00006940  _EPwm6Regs           
0     00000b72  _EQEP1_INT_ISR       
0     00000b7c  _EQEP2_INT_ISR       
1     00006b00  _EQep1Regs           
1     00006b40  _EQep2Regs           
0     00001c67  _EnableInterrupts    
1     00000a80  _FlashRegs           
1     00006f80  _GpioCtrlRegs        
1     00006fc0  _GpioDataRegs        
1     00006fe0  _GpioIntRegs         
0     000010cf  _HOSTclock           
0     000010a5  _HOSTclose           
0     0000107b  _HOSTgetenv          
0     0000102e  _HOSTlseek           
0     00000fef  _HOSTopen            
0     00000fb1  _HOSTread            
0     00000f73  _HOSTrename          
0     00000f48  _HOSTtime            
0     00000f20  _HOSTunlink          
0     00000ee9  _HOSTwrite           
0     00000bfe  _I2CINT1A_ISR        
0     00000c08  _I2CINT2A_ISR        
1     00007900  _I2caRegs            
0     000009f6  _ILLEGAL_ISR         
0     000009ba  _INT13_ISR           
0     000009c4  _INT14_ISR           
0     00001544  _InitPeripheralClocks
0     00001c48  _InitPieCtrl         
0     00001cb8  _InitPieVectTable    
0     000014f3  _InitPll             
0     000014d8  _InitSysCtrl         
0     00000cb2  _LUF_ISR             
0     00000ca8  _LVF_ISR             
0     00000bae  _MRINTA_ISR          
0     00000b9a  _MRINTB_ISR          
0     00000bb8  _MXINTA_ISR          
0     00000ba4  _MXINTB_ISR          
1     00005000  _McbspaRegs          
1     00005040  _McbspbRegs          
0     000009ec  _NMI_ISR             
0     00000cbc  _PIE_RESERVED        
1     00380090  _PartIdRegs          
1     00000ce0  _PieCtrlRegs         
1     00000d00  _PieVectTable        
1     0000d102  _PieVectTableInit    
0     000009d8  _RTOSINT_ISR         
0     00000c26  _SCIRXINTA_ISR       
0     00000c3a  _SCIRXINTB_ISR       
0     00000c12  _SCIRXINTC_ISR       
0     00000c30  _SCITXINTA_ISR       
0     00000c44  _SCITXINTB_ISR       
0     00000c1c  _SCITXINTC_ISR       
0     00000a78  _SEQ1INT_ISR         
0     00000a82  _SEQ2INT_ISR         
1     0000c1c0  _SIN                 
0     00000b86  _SPIRXINTA_ISR       
0     00000b90  _SPITXINTA_ISR       
1     00007050  _SciaRegs            
1     00007750  _ScibRegs            
1     00007770  _ScicRegs            
0     000014e1  _ServiceDog          
1     00007040  _SpiaRegs            
1     00007010  _SysCtrlRegs         
0     00000aaa  _TINT0_ISR           
0     00000a5a  _USER10_ISR          
0     00000a64  _USER11_ISR          
0     00000a6e  _USER12_ISR          
0     00000a00  _USER1_ISR           
0     00000a0a  _USER2_ISR           
0     00000a14  _USER3_ISR           
0     00000a1e  _USER4_ISR           
0     00000a28  _USER5_ISR           
0     00000a32  _USER6_ISR           
0     00000a3c  _USER7_ISR           
0     00000a46  _USER8_ISR           
0     00000a50  _USER9_ISR           
0     00000ab4  _WAKEINT_ISR         
0     00000a8c  _XINT1_ISR           
0     00000a96  _XINT2_ISR           
0     00000c76  _XINT3_ISR           
0     00000c80  _XINT4_ISR           
0     00000c8a  _XINT5_ISR           
0     00000c94  _XINT6_ISR           
0     00000c9e  _XINT7_ISR           
1     00007070  _XIntruptRegs        
1     00000b20  _XintfRegs           
1     0000c380  __CIOBUF_            
1     00000700  __STACK_END          
abs   00000300  __STACK_SIZE         
n/a   UNDEFED   __SYSMEM_SIZE        
abs   00000001  __TI_args_main       
0     00001450  ___TI_cleanup        
1     0000c354  ___TI_cleanup_ptr    
0     00001a2f  ___TI_closefile      
0     00001957  ___TI_doflush        
1     0000c356  ___TI_dtors_ptr      
1     0000c000  ___TI_ft_end         
abs   ffffffff  ___TI_pprof_out_hndl 
0     000008c5  ___TI_printfi        
abs   ffffffff  ___TI_prof_data_size 
abs   ffffffff  ___TI_prof_data_start
0     00001a04  ___TI_rd_ok          
0     00001782  ___TI_readmsg        
1     0000c0c0  ___TI_tmpnams        
0     0000172e  ___TI_writemsg       
0     000019ca  ___TI_wrt_ok         
abs   ffffffff  ___binit__           
abs   ffffffff  ___c_args__          
0     00008000  ___cinit__           
0     00001e48  ___etext__           
abs   ffffffff  ___pinit__           
0     00000000  ___text__            
0     00001d6b  __args_main          
1     0000d000  __ctypes_            
1     0000c040  __ftable             
1     0000c352  __lock               
0     00001e23  __nop                
0     00001e1f  __register_lock      
0     00001e1b  __register_unlock    
1     00000400  __stack              
1     00000002  __sys_memory         
1     0000c350  __unlock             
0     00001d84  _abort               
0     00000e6b  _add_device          
0     00001b97  _atoi                
0     00001ae2  _c_int00             
0     000012b9  _calloc              
0     000012b7  _chkheap             
0     00000e39  _close               
0     00001d86  _exit                
0     00001a73  _fclose              
0     00001986  _fflush              
0     000014be  _fopen               
0     00001a8e  _fputc               
0     000015d0  _fputs               
0     000010fa  _free                
0     00001299  _free_memory         
0     0000146d  _freopen             
0     00001b28  _fseek               
1     0000c180  _i                   
1     0000c181  _j                   
1     0000c182  _k                   
0     00000e21  _lseek               
0     00001bc8  _ltoa                
0     00001c70  _main                
0     00001163  _malloc              
0     00001277  _max_free            
0     00001deb  _memccpy             
0     00001dc9  _memchr              
0     00001e42  _memcpy              
0     00001df8  _memset              
0     0000113d  _minit               
0     00000dad  _open                
0     00001b6b  _printf              
0     00001a8e  _putc                
0     00001add  _putchar             
0     0000167f  _puts                
0     00000d95  _read                
0     000011c2  _realloc             
0     00001e45  _remove              
0     00000d7b  _remove_device       
0     00000d4f  _rename              
0     00000cc6  _rsvd_ISR            
0     000017bc  _setvbuf             
0     00001e05  _strchr              
0     00001e11  _strcmp              
0     00001e3d  _strcpy              
0     00001e35  _strlen              
0     00001d15  _strncpy             
0     00000d37  _unlink              
0     00000cd0  _write               
abs   ffffffff  binit                
0     00008000  cinit                
0     00000000  code_start           
0     00001e48  etext                
abs   ffffffff  pinit                


GLOBAL SYMBOLS: SORTED BY Symbol Address 

page  address   name                 
----  -------   ----                 
0     00000000  .text                
0     00000000  ___text__            
0     00000000  code_start           
0     000008c5  ___TI_printfi        
0     000009ba  _INT13_ISR           
0     000009c4  _INT14_ISR           
0     000009ce  _DATALOG_ISR         
0     000009d8  _RTOSINT_ISR         
0     000009e2  _EMUINT_ISR          
0     000009ec  _NMI_ISR             
0     000009f6  _ILLEGAL_ISR         
0     00000a00  _USER1_ISR           
0     00000a0a  _USER2_ISR           
0     00000a14  _USER3_ISR           
0     00000a1e  _USER4_ISR           
0     00000a28  _USER5_ISR           
0     00000a32  _USER6_ISR           
0     00000a3c  _USER7_ISR           
0     00000a46  _USER8_ISR           
0     00000a50  _USER9_ISR           
0     00000a5a  _USER10_ISR          
0     00000a64  _USER11_ISR          
0     00000a6e  _USER12_ISR          
0     00000a78  _SEQ1INT_ISR         
0     00000a82  _SEQ2INT_ISR         
0     00000a8c  _XINT1_ISR           
0     00000a96  _XINT2_ISR           
0     00000aa0  _ADCINT_ISR          
0     00000aaa  _TINT0_ISR           
0     00000ab4  _WAKEINT_ISR         
0     00000abe  _EPWM1_TZINT_ISR     
0     00000ac8  _EPWM2_TZINT_ISR     
0     00000ad2  _EPWM3_TZINT_ISR     
0     00000adc  _EPWM4_TZINT_ISR     
0     00000ae6  _EPWM5_TZINT_ISR     
0     00000af0  _EPWM6_TZINT_ISR     
0     00000afa  _EPWM1_INT_ISR       
0     00000b04  _EPWM2_INT_ISR       
0     00000b0e  _EPWM3_INT_ISR       
0     00000b18  _EPWM4_INT_ISR       
0     00000b22  _EPWM5_INT_ISR       
0     00000b2c  _EPWM6_INT_ISR       
0     00000b36  _ECAP1_INT_ISR       
0     00000b40  _ECAP2_INT_ISR       
0     00000b4a  _ECAP3_INT_ISR       
0     00000b54  _ECAP4_INT_ISR       
0     00000b5e  _ECAP5_INT_ISR       
0     00000b68  _ECAP6_INT_ISR       
0     00000b72  _EQEP1_INT_ISR       
0     00000b7c  _EQEP2_INT_ISR       
0     00000b86  _SPIRXINTA_ISR       
0     00000b90  _SPITXINTA_ISR       
0     00000b9a  _MRINTB_ISR          
0     00000ba4  _MXINTB_ISR          
0     00000bae  _MRINTA_ISR          
0     00000bb8  _MXINTA_ISR          
0     00000bc2  _DINTCH1_ISR         
0     00000bcc  _DINTCH2_ISR         
0     00000bd6  _DINTCH3_ISR         
0     00000be0  _DINTCH4_ISR         
0     00000bea  _DINTCH5_ISR         
0     00000bf4  _DINTCH6_ISR         
0     00000bfe  _I2CINT1A_ISR        
0     00000c08  _I2CINT2A_ISR        
0     00000c12  _SCIRXINTC_ISR       
0     00000c1c  _SCITXINTC_ISR       
0     00000c26  _SCIRXINTA_ISR       
0     00000c30  _SCITXINTA_ISR       
0     00000c3a  _SCIRXINTB_ISR       
0     00000c44  _SCITXINTB_ISR       
0     00000c4e  _ECAN0INTA_ISR       
0     00000c58  _ECAN1INTA_ISR       
0     00000c62  _ECAN0INTB_ISR       
0     00000c6c  _ECAN1INTB_ISR       
0     00000c76  _XINT3_ISR           
0     00000c80  _XINT4_ISR           
0     00000c8a  _XINT5_ISR           
0     00000c94  _XINT6_ISR           
0     00000c9e  _XINT7_ISR           
0     00000ca8  _LVF_ISR             
0     00000cb2  _LUF_ISR             
0     00000cbc  _PIE_RESERVED        
0     00000cc6  _rsvd_ISR            
0     00000cd0  _write               
0     00000d37  _unlink              
0     00000d4f  _rename              
0     00000d7b  _remove_device       
0     00000d95  _read                
0     00000dad  _open                
0     00000e21  _lseek               
0     00000e39  _close               
0     00000e6b  _add_device          
0     00000ee9  _HOSTwrite           
0     00000f20  _HOSTunlink          
0     00000f48  _HOSTtime            
0     00000f73  _HOSTrename          
0     00000fb1  _HOSTread            
0     00000fef  _HOSTopen            
0     0000102e  _HOSTlseek           
0     0000107b  _HOSTgetenv          
0     000010a5  _HOSTclose           
0     000010cf  _HOSTclock           
0     000010fa  _free                
0     0000113d  _minit               
0     00001163  _malloc              
0     000011c2  _realloc             
0     00001277  _max_free            
0     00001299  _free_memory         
0     000012b7  _chkheap             
0     000012b9  _calloc              
0     000012d1  LL$$DIV              
0     0000130d  LL$$MOD              
0     00001347  ULL$$DIV             
0     00001376  ULL$$MOD             
0     00001450  ___TI_cleanup        
0     0000146d  _freopen             
0     000014be  _fopen               
0     000014d8  _InitSysCtrl         
0     000014e1  _ServiceDog          
0     000014eb  _DisableDog          
0     000014f3  _InitPll             
0     00001544  _InitPeripheralClocks
0     0000159f  _CsmUnlock           
0     000015d0  _fputs               
0     0000167f  _puts                
0     00001692  FD$$ADD              
0     0000172e  ___TI_writemsg       
0     0000177e  C$$IO$$              
0     00001782  ___TI_readmsg        
0     000017bc  _setvbuf             
0     00001849  FD$$DIV              
0     000018d4  FD$$MPY              
0     00001957  ___TI_doflush        
0     00001986  _fflush              
0     000019ca  ___TI_wrt_ok         
0     00001a04  ___TI_rd_ok          
0     00001a2f  ___TI_closefile      
0     00001a73  _fclose              
0     00001a8e  _fputc               
0     00001a8e  _putc                
0     00001add  _putchar             
0     00001ae2  _c_int00             
0     00001b28  _fseek               
0     00001b6b  _printf              
0     00001b97  _atoi                
0     00001bc8  _ltoa                
0     00001bf4  FD$$CMP              
0     00001c1e  L$$DIV               
0     00001c2d  L$$MOD               
0     00001c3b  UL$$DIV              
0     00001c42  UL$$MOD              
0     00001c48  _InitPieCtrl         
0     00001c67  _EnableInterrupts    
0     00001c70  _main                
0     00001c97  FD$$TOI              
0     00001cb8  _InitPieVectTable    
0     00001cd8  FD$$TOL              
0     00001cf7  LL$$CMP              
0     00001d09  ULL$$CMP             
0     00001d15  _strncpy             
0     00001d33  FS$$TOFD             
0     00001d4f  L$$TOFD              
0     00001d6b  __args_main          
0     00001d84  C$$EXIT              
0     00001d84  _abort               
0     00001d86  _exit                
0     00001d9d  LL$$AND              
0     00001da5  LL$$OR               
0     00001dad  LL$$XOR              
0     00001db5  LL$$MPY              
0     00001dc9  _memchr              
0     00001ddd  FD$$SUB              
0     00001deb  _memccpy             
0     00001df8  _memset              
0     00001e05  _strchr              
0     00001e11  _strcmp              
0     00001e1b  __register_unlock    
0     00001e1f  __register_lock      
0     00001e23  __nop                
0     00001e24  FD$$NEG              
0     00001e35  _strlen              
0     00001e3d  _strcpy              
0     00001e42  _memcpy              
0     00001e45  _remove              
0     00001e48  ___etext__           
0     00001e48  etext                
0     00008000  ___cinit__           
0     00008000  cinit                
0     00008079  _DSP28x_usDelay      
0     00380080  _ADC_cal             
1     00000002  __sys_memory         
1     00000400  __stack              
1     00000700  __STACK_END          
1     00000880  _DevEmuRegs          
1     00000a80  _FlashRegs           
1     00000ae0  _CsmRegs             
1     00000b00  _AdcMirror           
1     00000b20  _XintfRegs           
1     00000c00  _CpuTimer0Regs       
1     00000c08  _CpuTimer1Regs       
1     00000c10  _CpuTimer2Regs       
1     00000ce0  _PieCtrlRegs         
1     00000d00  _PieVectTable        
1     00001000  _DmaRegs             
1     00005000  _McbspaRegs          
1     00005040  _McbspbRegs          
1     00006000  _ECanaRegs           
1     00006040  _ECanaLAMRegs        
1     00006080  _ECanaMOTSRegs       
1     000060c0  _ECanaMOTORegs       
1     00006100  _ECanaMboxes         
1     00006200  _ECanbRegs           
1     00006240  _ECanbLAMRegs        
1     00006280  _ECanbMOTSRegs       
1     000062c0  _ECanbMOTORegs       
1     00006300  _ECanbMboxes         
1     00006800  _EPwm1Regs           
1     00006840  _EPwm2Regs           
1     00006880  _EPwm3Regs           
1     000068c0  _EPwm4Regs           
1     00006900  _EPwm5Regs           
1     00006940  _EPwm6Regs           
1     00006a00  _ECap1Regs           
1     00006a20  _ECap2Regs           
1     00006a40  _ECap3Regs           
1     00006a60  _ECap4Regs           
1     00006a80  _ECap5Regs           
1     00006aa0  _ECap6Regs           
1     00006b00  _EQep1Regs           
1     00006b40  _EQep2Regs           
1     00006f80  _GpioCtrlRegs        
1     00006fc0  _GpioDataRegs        
1     00006fe0  _GpioIntRegs         
1     00007010  _SysCtrlRegs         
1     00007040  _SpiaRegs            
1     00007050  _SciaRegs            
1     00007070  _XIntruptRegs        
1     00007100  _AdcRegs             
1     00007750  _ScibRegs            
1     00007770  _ScicRegs            
1     00007900  _I2caRegs            
1     0000c000  ___TI_ft_end         
1     0000c040  __ftable             
1     0000c0c0  ___TI_tmpnams        
1     0000c160  _CpuTimer1           
1     0000c168  _CpuTimer2           
1     0000c170  _CpuTimer0           
1     0000c180  _i                   
1     0000c181  _j                   
1     0000c182  _k                   
1     0000c1c0  _SIN                 
1     0000c350  __unlock             
1     0000c352  __lock               
1     0000c354  ___TI_cleanup_ptr    
1     0000c356  ___TI_dtors_ptr      
1     0000c380  __CIOBUF_            
1     0000d000  __ctypes_            
1     0000d102  _PieVectTableInit    
1     0033fff8  _CsmPwl              
1     00380090  _PartIdRegs          
abs   00000001  __TI_args_main       
abs   00000300  __STACK_SIZE         
abs   ffffffff  ___TI_pprof_out_hndl 
abs   ffffffff  ___TI_prof_data_size 
abs   ffffffff  ___TI_prof_data_start
abs   ffffffff  ___binit__           
abs   ffffffff  ___c_args__          
abs   ffffffff  ___pinit__           
abs   ffffffff  binit                
abs   ffffffff  pinit                
n/a   UNDEFED   __SYSMEM_SIZE        

[271 symbols]
